
> @equuscronos/api@1.0.0 test:e2e
> jest --config ./test/jest-e2e.json --runInBand

node.exe : FAIL test/auth.e2e-spec.ts (19.628 s)
En línea: 1 Carácter: 1
+ & "C:\Program Files\nodejs/node.exe" "C:\Users\hp\AppData\Roaming\npm ...
+ ~~~~~~~~~~~~~~~~~~~~~~~~~~~~~~~~~~~~~~~~~~~~~~~~~~~~~~~~~~~~~~~~~~~~~
    + CategoryInfo          : NotSpecified: (FAIL test/auth.e2e-spec.ts (19.628 s):String) [], RemoteException
    + FullyQualifiedErrorId : NativeCommandError
 
  ÔùÅ Console

    console.log
      query: SELECT set_config('app.current_tenant_id', $1, $2) -- PARAMETERS: ["",false]

      at PlatformTools.logInfo (../../../src/platform/PlatformTools.ts:262:17)

    console.log
      query: SELECT version()

      at PlatformTools.logInfo (../../../src/platform/PlatformTools.ts:262:17)

    console.log
      query: SELECT set_config('app.current_tenant_id', $1, $2) -- PARAMETERS: ["",false]

      at PlatformTools.logInfo (../../../src/platform/PlatformTools.ts:262:17)

    console.log
      query: SELECT * FROM current_schema()

      at PlatformTools.logInfo (../../../src/platform/PlatformTools.ts:262:17)

    console.log
      query: CREATE EXTENSION IF NOT EXISTS "uuid-ossp"

      at PlatformTools.logInfo (../../../src/platform/PlatformTools.ts:262:17)

    console.log
      query: SELECT set_config('app.current_tenant_id', $1, $2) -- PARAMETERS: ["",false]

      at PlatformTools.logInfo (../../../src/platform/PlatformTools.ts:262:17)

    console.log
      query: SELECT "user"."id" AS "user_id", "user"."name" AS "user_name", "user"."email" AS "user_email", 
"user"."password_hash" AS "user_password_hash", "user"."google_id" AS "user_google_id", "user"."apple_id" AS 
"user_apple_id", "user"."role" AS "user_role", "user"."created_at" AS "user_created_at", "user"."tenant_id" AS 
"user_tenant_id", "user"."password_hash" AS "user_password_hash", "tenant"."id" AS "tenant_id", "tenant"."name" AS 
"tenant_name", "tenant"."location" AS "tenant_location", "tenant"."created_at" AS "tenant_created_at" FROM "users" 
"user" LEFT JOIN "tenants" "tenant" ON "tenant"."id"="user"."tenant_id" WHERE "user"."email" = $1 -- PARAMETERS: 
["admin@equuscronos.com"]

      at PlatformTools.logInfo (../../../src/platform/PlatformTools.ts:262:17)

    console.log
      query: SELECT set_config('app.current_tenant_id', $1, $2) -- PARAMETERS: ["",false]

      at PlatformTools.logInfo (../../../src/platform/PlatformTools.ts:262:17)

    console.log
      query: SELECT "user"."id" AS "user_id", "user"."name" AS "user_name", "user"."email" AS "user_email", 
"user"."password_hash" AS "user_password_hash", "user"."google_id" AS "user_google_id", "user"."apple_id" AS 
"user_apple_id", "user"."role" AS "user_role", "user"."created_at" AS "user_created_at", "user"."tenant_id" AS 
"user_tenant_id", "user"."password_hash" AS "user_password_hash", "tenant"."id" AS "tenant_id", "tenant"."name" AS 
"tenant_name", "tenant"."location" AS "tenant_location", "tenant"."created_at" AS "tenant_created_at" FROM "users" 
"user" LEFT JOIN "tenants" "tenant" ON "tenant"."id"="user"."tenant_id" WHERE "user"."email" = $1 -- PARAMETERS: 
["juez@melo.uy"]

      at PlatformTools.logInfo (../../../src/platform/PlatformTools.ts:262:17)

    console.log
      query: SELECT set_config('app.current_tenant_id', $1, $2) -- PARAMETERS: ["",false]

      at PlatformTools.logInfo (../../../src/platform/PlatformTools.ts:262:17)

    console.log
      query: SELECT "user"."id" AS "user_id", "user"."name" AS "user_name", "user"."email" AS "user_email", 
"user"."password_hash" AS "user_password_hash", "user"."google_id" AS "user_google_id", "user"."apple_id" AS 
"user_apple_id", "user"."role" AS "user_role", "user"."created_at" AS "user_created_at", "user"."tenant_id" AS 
"user_tenant_id", "user"."password_hash" AS "user_password_hash", "tenant"."id" AS "tenant_id", "tenant"."name" AS 
"tenant_name", "tenant"."location" AS "tenant_location", "tenant"."created_at" AS "tenant_created_at" FROM "users" 
"user" LEFT JOIN "tenants" "tenant" ON "tenant"."id"="user"."tenant_id" WHERE "user"."email" = $1 -- PARAMETERS: 
["admin@equuscronos.com"]

      at PlatformTools.logInfo (../../../src/platform/PlatformTools.ts:262:17)

    console.log
      query: SELECT set_config('app.current_tenant_id', $1, $2) -- PARAMETERS: ["",false]

      at PlatformTools.logInfo (../../../src/platform/PlatformTools.ts:262:17)

    console.log
      query: SELECT "user"."id" AS "user_id", "user"."name" AS "user_name", "user"."email" AS "user_email", 
"user"."password_hash" AS "user_password_hash", "user"."google_id" AS "user_google_id", "user"."apple_id" AS 
"user_apple_id", "user"."role" AS "user_role", "user"."created_at" AS "user_created_at", "user"."tenant_id" AS 
"user_tenant_id", "user"."password_hash" AS "user_password_hash", "tenant"."id" AS "tenant_id", "tenant"."name" AS 
"tenant_name", "tenant"."location" AS "tenant_location", "tenant"."created_at" AS "tenant_created_at" FROM "users" 
"user" LEFT JOIN "tenants" "tenant" ON "tenant"."id"="user"."tenant_id" WHERE "user"."email" = $1 -- PARAMETERS: 
["admin@equuscronos.com"]

      at PlatformTools.logInfo (../../../src/platform/PlatformTools.ts:262:17)

    console.log
      query: SELECT set_config('app.current_tenant_id', $1, $2) -- PARAMETERS: ["",false]

      at PlatformTools.logInfo (../../../src/platform/PlatformTools.ts:262:17)

    console.log
      query: SELECT "Rider"."id" AS "Rider_id", "Rider"."name" AS "Rider_name", "Rider"."national_id" AS 
"Rider_national_id", "Rider"."feu_id" AS "Rider_feu_id", "Rider"."is_feu_active" AS "Rider_is_feu_active", 
"Rider"."birth_date" AS "Rider_birth_date", "Rider"."medical_card_expiration" AS "Rider_medical_card_expiration", 
"Rider"."created_at" AS "Rider_created_at" FROM "riders" "Rider" WHERE (("Rider"."id" = $1)) LIMIT 1 -- PARAMETERS: 
["f9999999-9999-9999-9999-999999999999"]

      at PlatformTools.logInfo (../../../src/platform/PlatformTools.ts:262:17)

    console.log
      query: SELECT set_config('app.current_tenant_id', $1, $2) -- PARAMETERS: 
["a1000000-0000-0000-0000-000000000001",false]

      at PlatformTools.logInfo (../../../src/platform/PlatformTools.ts:262:17)

    console.log
      query: SELECT "Competition"."id" AS "Competition_id", "Competition"."name" AS "Competition_name", 
"Competition"."competition_date" AS "Competition_competition_date", "Competition"."start_time" AS 
"Competition_start_time", "Competition"."location" AS "Competition_location", "Competition"."is_federated" AS 
"Competition_is_federated", "Competition"."max_heart_rate" AS "Competition_max_heart_rate", "Competition"."status" AS 
"Competition_status", "Competition"."created_at" AS "Competition_created_at", "Competition"."tenant_id" AS 
"Competition_tenant_id", "Competition"."competition_type_id" AS "Competition_competition_type_id", 
"Competition__Competition_stages"."id" AS "Competition__Competition_stages_id", 
"Competition__Competition_stages"."stage_number" AS "Competition__Competition_stages_stage_number", 
"Competition__Competition_stages"."distance_km" AS "Competition__Competition_stages_distance_km", 
"Competition__Competition_stages"."neutralization_minutes" AS 
"Competition__Competition_stages_neutralization_minutes", "Competition__Competition_stages"."tenant_id" AS 
"Competition__Competition_stages_tenant_id", "Competition__Competition_stages"."competition_id" AS 
"Competition__Competition_stages_competition_id" FROM "competitions" "Competition" LEFT JOIN "stages" 
"Competition__Competition_stages" ON "Competition__Competition_stages"."competition_id"="Competition"."id" ORDER BY 
"Competition"."competition_date" DESC

      at PlatformTools.logInfo (../../../src/platform/PlatformTools.ts:262:17)

  ÔùÅ Security and Multi-Tenancy (e2e) ÔÇ║ Seguridad RLS (Row Level Security) ÔÇ║ deber├¡a aislar y filtrar registros 
en base al tenantId contenido en el token JWT

    expect(received).toBe(expected) // Object.is equality

    Expected: 1
    Received: 0

    [0m [90m 112 |[39m
     [90m 113 |[39m       [90m// Melo debe ver su competencia de Tupamba├®[39m
    [31m[1m>[22m[39m[90m 114 |[39m       
expect(resMelo[33m.[39mbody[33m.[39mlength)[33m.[39mtoBe([35m1[39m)[33m;[39m
     [90m     |[39m                                   [31m[1m^[22m[39m
     [90m 115 |[39m       expect(resMelo[33m.[39mbody[[35m0[39m][33m.[39mname)[33m.[39mtoBe([32m"Raid 
Batalla de Tupamba├®"[39m)[33m;[39m
     [90m 116 |[39m
     [90m 117 |[39m       [90m// 2. Consulta con token de Tenant B (FEU - no tiene competencias asignadas en los 
seeds)[39m[0m

      at Object.<anonymous> (auth.e2e-spec.ts:114:35)

PASS test/vet-gate-flow.e2e-spec.ts
  ÔùÅ Console

    console.log
      query: SELECT set_config('app.current_tenant_id', $1, $2) -- PARAMETERS: ["",false]

      at PlatformTools.logInfo (../../../src/platform/PlatformTools.ts:262:17)

    console.log
      query: SELECT version()

      at PlatformTools.logInfo (../../../src/platform/PlatformTools.ts:262:17)

    console.log
      query: SELECT set_config('app.current_tenant_id', $1, $2) -- PARAMETERS: ["",false]

      at PlatformTools.logInfo (../../../src/platform/PlatformTools.ts:262:17)

    console.log
      query: SELECT * FROM current_schema()

      at PlatformTools.logInfo (../../../src/platform/PlatformTools.ts:262:17)

    console.log
      query: CREATE EXTENSION IF NOT EXISTS "uuid-ossp"

      at PlatformTools.logInfo (../../../src/platform/PlatformTools.ts:262:17)

    console.log
      query: SELECT set_config('app.current_tenant_id', $1, $2) -- PARAMETERS: ["",false]

      at PlatformTools.logInfo (../../../src/platform/PlatformTools.ts:262:17)

    console.log
      query: DELETE FROM competition_entries WHERE bib_number = 901;

      at PlatformTools.logInfo (../../../src/platform/PlatformTools.ts:262:17)

    console.log
      query: SELECT set_config('app.current_tenant_id', $1, $2) -- PARAMETERS: ["",false]

      at PlatformTools.logInfo (../../../src/platform/PlatformTools.ts:262:17)

    console.log
      query: DELETE FROM horses WHERE feu_id = 'FEU-H-901';

      at PlatformTools.logInfo (../../../src/platform/PlatformTools.ts:262:17)

    console.log
      query: SELECT set_config('app.current_tenant_id', $1, $2) -- PARAMETERS: ["",false]

      at PlatformTools.logInfo (../../../src/platform/PlatformTools.ts:262:17)

    console.log
      query: DELETE FROM riders WHERE feu_id = 'FEU-R-901';

      at PlatformTools.logInfo (../../../src/platform/PlatformTools.ts:262:17)

    console.log
      query: SELECT set_config('app.current_tenant_id', $1, $2) -- PARAMETERS: ["",false]

      at PlatformTools.logInfo (../../../src/platform/PlatformTools.ts:262:17)

    console.log
      query: 
              INSERT INTO competitions (id, tenant_id, competition_type_id, name, status, location, competition_date)
              VALUES ('46c2b086-cb71-4c28-91dc-d377c5e3fd61', 'a1000000-0000-0000-0000-000000000001', 
'c1000000-0000-0000-0000-000000000001', 'Test E2E Competition', 'ACTIVE', 'Melo', '2026-06-10');

      at PlatformTools.logInfo (../../../src/platform/PlatformTools.ts:262:17)

    console.log
      query: SELECT set_config('app.current_tenant_id', $1, $2) -- PARAMETERS: ["",false]

      at PlatformTools.logInfo (../../../src/platform/PlatformTools.ts:262:17)

    console.log
      query: 
              INSERT INTO stages (id, tenant_id, competition_id, stage_number, distance_km, neutralization_minutes)
              VALUES 
                ('560b430f-e4c7-44e8-8e6e-17f4e0ee4785', 'a1000000-0000-0000-0000-000000000001', 
'46c2b086-cb71-4c28-91dc-d377c5e3fd61', 1, 30.00, 30),
                ('653e42b7-fc8d-4b87-b33e-02a46b44316b', 'a1000000-0000-0000-0000-000000000001', 
'46c2b086-cb71-4c28-91dc-d377c5e3fd61', 2, 20.00, 0);

      at PlatformTools.logInfo (../../../src/platform/PlatformTools.ts:262:17)

    console.log
      query: SELECT set_config('app.current_tenant_id', $1, $2) -- PARAMETERS: ["",false]

      at PlatformTools.logInfo (../../../src/platform/PlatformTools.ts:262:17)

    console.log
      query: 
              INSERT INTO owners (id, name, type) VALUES ('e95f1d51-6649-429e-a43d-3a69dedbc202', 'Owner E2E', 
'PERSON');

      at PlatformTools.logInfo (../../../src/platform/PlatformTools.ts:262:17)

    console.log
      query: SELECT set_config('app.current_tenant_id', $1, $2) -- PARAMETERS: ["",false]

      at PlatformTools.logInfo (../../../src/platform/PlatformTools.ts:262:17)

    console.log
      query: 
              INSERT INTO horses (id, name, feu_id, chip_id, is_feu_active, owner_id)
              VALUES ('c3bdcd95-698f-498f-8a7b-475b6336d852', 'Test E2E Horse', 'FEU-H-901', 'CHIP-901', TRUE, 
'e95f1d51-6649-429e-a43d-3a69dedbc202');

      at PlatformTools.logInfo (../../../src/platform/PlatformTools.ts:262:17)

    console.log
      query: SELECT set_config('app.current_tenant_id', $1, $2) -- PARAMETERS: ["",false]

      at PlatformTools.logInfo (../../../src/platform/PlatformTools.ts:262:17)

    console.log
      query: 
              INSERT INTO riders (id, name, national_id, feu_id, is_feu_active)
              VALUES ('2dd61d3a-8bfc-406a-874c-f839bb485443', 'Test E2E Rider', '9.999.999-9', 'FEU-R-901', TRUE);

      at PlatformTools.logInfo (../../../src/platform/PlatformTools.ts:262:17)

    console.log
      query: SELECT set_config('app.current_tenant_id', $1, $2) -- PARAMETERS: ["",false]

      at PlatformTools.logInfo (../../../src/platform/PlatformTools.ts:262:17)

    console.log
      query: 
              INSERT INTO competition_entries (id, tenant_id, competition_id, rider_id, horse_id, bib_number, status, 
current_stage_id)
              VALUES ('52893c21-448f-42a4-8194-f599c2941222', 'a1000000-0000-0000-0000-000000000001', 
'46c2b086-cb71-4c28-91dc-d377c5e3fd61', '2dd61d3a-8bfc-406a-874c-f839bb485443', 
'c3bdcd95-698f-498f-8a7b-475b6336d852', 901, 'IN_RACE', '560b430f-e4c7-44e8-8e6e-17f4e0ee4785');

      at PlatformTools.logInfo (../../../src/platform/PlatformTools.ts:262:17)

    console.log
      query: SELECT set_config('app.current_tenant_id', $1, $2) -- PARAMETERS: ["",false]

      at PlatformTools.logInfo (../../../src/platform/PlatformTools.ts:262:17)

    console.log
      query: 
              INSERT INTO timing_records (id, tenant_id, entry_id, stage_id, record_type, recorded_at, is_approved)
              VALUES ('585ad86b-e25a-4a6a-93fb-4911210ea433', 'a1000000-0000-0000-0000-000000000001', 
'52893c21-448f-42a4-8194-f599c2941222', '560b430f-e4c7-44e8-8e6e-17f4e0ee4785', 'START', '2026-06-10 08:00:00-03', 
TRUE);

      at PlatformTools.logInfo (../../../src/platform/PlatformTools.ts:262:17)

    console.log
      query: SELECT set_config('app.current_tenant_id', $1, $2) -- PARAMETERS: 
["a1000000-0000-0000-0000-000000000001",true]

      at PlatformTools.logInfo (../../../src/platform/PlatformTools.ts:262:17)

    console.log
      query: START TRANSACTION

      at PlatformTools.logInfo (../../../src/platform/PlatformTools.ts:262:17)

    console.log
      query: SELECT set_config('app.current_tenant_id', $1, $2) -- PARAMETERS: 
["a1000000-0000-0000-0000-000000000001",true]

      at PlatformTools.logInfo (../../../src/platform/PlatformTools.ts:262:17)

    console.log
      query: SELECT DISTINCT "distinctAlias"."CompetitionEntry_id" AS "ids_CompetitionEntry_id" FROM (SELECT 
"CompetitionEntry"."id" AS "CompetitionEntry_id", "CompetitionEntry"."bib_number" AS "CompetitionEntry_bib_number", 
"CompetitionEntry"."status" AS "CompetitionEntry_status", "CompetitionEntry"."qualifies_for_points" AS 
"CompetitionEntry_qualifies_for_points", "CompetitionEntry"."final_position" AS "CompetitionEntry_final_position", 
"CompetitionEntry"."ballast_weight" AS "CompetitionEntry_ballast_weight", "CompetitionEntry"."rider_weight" AS 
"CompetitionEntry_rider_weight", "CompetitionEntry"."tack_weight" AS "CompetitionEntry_tack_weight", 
"CompetitionEntry"."sealed_items" AS "CompetitionEntry_sealed_items", "CompetitionEntry"."seal_number" AS 
"CompetitionEntry_seal_number", "CompetitionEntry"."weigh_in_at" AS "CompetitionEntry_weigh_in_at", 
"CompetitionEntry"."created_at" AS "CompetitionEntry_created_at", "CompetitionEntry"."updated_at" AS 
"CompetitionEntry_updated_at", "CompetitionEntry"."competition_id" AS "CompetitionEntry_competition_id", 
"CompetitionEntry"."rider_id" AS "CompetitionEntry_rider_id", "CompetitionEntry"."horse_id" AS 
"CompetitionEntry_horse_id", "CompetitionEntry"."represented_tenant_id" AS "CompetitionEntry_represented_tenant_id", 
"CompetitionEntry"."tenant_id" AS "CompetitionEntry_tenant_id", "CompetitionEntry"."current_stage_id" AS 
"CompetitionEntry_current_stage_id" FROM "competition_entries" "CompetitionEntry" LEFT JOIN "competitions" 
"CompetitionEntry__CompetitionEntry_competition" ON 
"CompetitionEntry__CompetitionEntry_competition"."id"="CompetitionEntry"."competition_id" WHERE 
(((("CompetitionEntry__CompetitionEntry_competition"."id" = $1))) AND ("CompetitionEntry"."bib_number" = $2))) 
"distinctAlias" ORDER BY "CompetitionEntry_id" ASC LIMIT 1 -- PARAMETERS: ["46c2b086-cb71-4c28-91dc-d377c5e3fd61",901]

      at PlatformTools.logInfo (../../../src/platform/PlatformTools.ts:262:17)

    console.log
      query: SELECT set_config('app.current_tenant_id', $1, $2) -- PARAMETERS: 
["a1000000-0000-0000-0000-000000000001",true]

      at PlatformTools.logInfo (../../../src/platform/PlatformTools.ts:262:17)

    console.log
      query: SELECT "CompetitionEntry"."id" AS "CompetitionEntry_id", "CompetitionEntry"."bib_number" AS 
"CompetitionEntry_bib_number", "CompetitionEntry"."status" AS "CompetitionEntry_status", 
"CompetitionEntry"."qualifies_for_points" AS "CompetitionEntry_qualifies_for_points", 
"CompetitionEntry"."final_position" AS "CompetitionEntry_final_position", "CompetitionEntry"."ballast_weight" AS 
"CompetitionEntry_ballast_weight", "CompetitionEntry"."rider_weight" AS "CompetitionEntry_rider_weight", 
"CompetitionEntry"."tack_weight" AS "CompetitionEntry_tack_weight", "CompetitionEntry"."sealed_items" AS 
"CompetitionEntry_sealed_items", "CompetitionEntry"."seal_number" AS "CompetitionEntry_seal_number", 
"CompetitionEntry"."weigh_in_at" AS "CompetitionEntry_weigh_in_at", "CompetitionEntry"."created_at" AS 
"CompetitionEntry_created_at", "CompetitionEntry"."updated_at" AS "CompetitionEntry_updated_at", 
"CompetitionEntry"."competition_id" AS "CompetitionEntry_competition_id", "CompetitionEntry"."rider_id" AS 
"CompetitionEntry_rider_id", "CompetitionEntry"."horse_id" AS "CompetitionEntry_horse_id", 
"CompetitionEntry"."represented_tenant_id" AS "CompetitionEntry_represented_tenant_id", "CompetitionEntry"."tenant_id" 
AS "CompetitionEntry_tenant_id", "CompetitionEntry"."current_stage_id" AS "CompetitionEntry_current_stage_id" FROM 
"competition_entries" "CompetitionEntry" LEFT JOIN "competitions" "CompetitionEntry__CompetitionEntry_competition" ON 
"CompetitionEntry__CompetitionEntry_competition"."id"="CompetitionEntry"."competition_id" WHERE ( 
(((("CompetitionEntry__CompetitionEntry_competition"."id" = $1))) AND ("CompetitionEntry"."bib_number" = $2)) ) AND ( 
"CompetitionEntry"."id" IN ($3) ) -- PARAMETERS: 
["46c2b086-cb71-4c28-91dc-d377c5e3fd61",901,"52893c21-448f-42a4-8194-f599c2941222"]

      at PlatformTools.logInfo (../../../src/platform/PlatformTools.ts:262:17)

    console.log
      query: SELECT set_config('app.current_tenant_id', $1, $2) -- PARAMETERS: 
["a1000000-0000-0000-0000-000000000001",true]

      at PlatformTools.logInfo (../../../src/platform/PlatformTools.ts:262:17)

    console.log
      query: SELECT "CompetitionEntry"."id" AS "CompetitionEntry_id", "CompetitionEntry"."bib_number" AS 
"CompetitionEntry_bib_number", "CompetitionEntry"."status" AS "CompetitionEntry_status", 
"CompetitionEntry"."qualifies_for_points" AS "CompetitionEntry_qualifies_for_points", 
"CompetitionEntry"."final_position" AS "CompetitionEntry_final_position", "CompetitionEntry"."ballast_weight" AS 
"CompetitionEntry_ballast_weight", "CompetitionEntry"."rider_weight" AS "CompetitionEntry_rider_weight", 
"CompetitionEntry"."tack_weight" AS "CompetitionEntry_tack_weight", "CompetitionEntry"."sealed_items" AS 
"CompetitionEntry_sealed_items", "CompetitionEntry"."seal_number" AS "CompetitionEntry_seal_number", 
"CompetitionEntry"."weigh_in_at" AS "CompetitionEntry_weigh_in_at", "CompetitionEntry"."created_at" AS 
"CompetitionEntry_created_at", "CompetitionEntry"."updated_at" AS "CompetitionEntry_updated_at", 
"CompetitionEntry"."competition_id" AS "CompetitionEntry_competition_id", "CompetitionEntry"."rider_id" AS 
"CompetitionEntry_rider_id", "CompetitionEntry"."horse_id" AS "CompetitionEntry_horse_id", 
"CompetitionEntry"."represented_tenant_id" AS "CompetitionEntry_represented_tenant_id", "CompetitionEntry"."tenant_id" 
AS "CompetitionEntry_tenant_id", "CompetitionEntry"."current_stage_id" AS "CompetitionEntry_current_stage_id" FROM 
"competition_entries" "CompetitionEntry" WHERE (("CompetitionEntry"."id" = $1)) LIMIT 1 FOR UPDATE -- PARAMETERS: 
["52893c21-448f-42a4-8194-f599c2941222"]

      at PlatformTools.logInfo (../../../src/platform/PlatformTools.ts:262:17)

    console.log
      query: SELECT set_config('app.current_tenant_id', $1, $2) -- PARAMETERS: 
["a1000000-0000-0000-0000-000000000001",true]

      at PlatformTools.logInfo (../../../src/platform/PlatformTools.ts:262:17)

    console.log
      query: SELECT DISTINCT "distinctAlias"."CompetitionEntry_id" AS "ids_CompetitionEntry_id" FROM (SELECT 
"CompetitionEntry"."id" AS "CompetitionEntry_id", "CompetitionEntry"."bib_number" AS "CompetitionEntry_bib_number", 
"CompetitionEntry"."status" AS "CompetitionEntry_status", "CompetitionEntry"."qualifies_for_points" AS 
"CompetitionEntry_qualifies_for_points", "CompetitionEntry"."final_position" AS "CompetitionEntry_final_position", 
"CompetitionEntry"."ballast_weight" AS "CompetitionEntry_ballast_weight", "CompetitionEntry"."rider_weight" AS 
"CompetitionEntry_rider_weight", "CompetitionEntry"."tack_weight" AS "CompetitionEntry_tack_weight", 
"CompetitionEntry"."sealed_items" AS "CompetitionEntry_sealed_items", "CompetitionEntry"."seal_number" AS 
"CompetitionEntry_seal_number", "CompetitionEntry"."weigh_in_at" AS "CompetitionEntry_weigh_in_at", 
"CompetitionEntry"."created_at" AS "CompetitionEntry_created_at", "CompetitionEntry"."updated_at" AS 
"CompetitionEntry_updated_at", "CompetitionEntry"."competition_id" AS "CompetitionEntry_competition_id", 
"CompetitionEntry"."rider_id" AS "CompetitionEntry_rider_id", "CompetitionEntry"."horse_id" AS 
"CompetitionEntry_horse_id", "CompetitionEntry"."represented_tenant_id" AS "CompetitionEntry_represented_tenant_id", 
"CompetitionEntry"."tenant_id" AS "CompetitionEntry_tenant_id", "CompetitionEntry"."current_stage_id" AS 
"CompetitionEntry_current_stage_id", "CompetitionEntry__CompetitionEntry_competition"."id" AS 
"CompetitionEntry__CompetitionEntry_competition_id", "CompetitionEntry__CompetitionEntry_competition"."name" AS 
"CompetitionEntry__CompetitionEntry_competition_name", 
"CompetitionEntry__CompetitionEntry_competition"."competition_date" AS 
"CompetitionEntry__CompetitionEntry_competition_competition_date", 
"CompetitionEntry__CompetitionEntry_competition"."start_time" AS 
"CompetitionEntry__CompetitionEntry_competition_start_time", 
"CompetitionEntry__CompetitionEntry_competition"."location" AS 
"CompetitionEntry__CompetitionEntry_competition_location", 
"CompetitionEntry__CompetitionEntry_competition"."is_federated" AS 
"CompetitionEntry__CompetitionEntry_competition_is_federated", 
"CompetitionEntry__CompetitionEntry_competition"."max_heart_rate" AS 
"CompetitionEntry__CompetitionEntry_competition_max_heart_rate", 
"CompetitionEntry__CompetitionEntry_competition"."status" AS "CompetitionEntry__CompetitionEntry_competition_status", 
"CompetitionEntry__CompetitionEntry_competition"."created_at" AS 
"CompetitionEntry__CompetitionEntry_competition_created_at", 
"CompetitionEntry__CompetitionEntry_competition"."tenant_id" AS 
"CompetitionEntry__CompetitionEntry_competition_tenant_id", 
"CompetitionEntry__CompetitionEntry_competition"."competition_type_id" AS "cc0eeb8de475a642ca4d9779fefef42635e3845c", 
"CompetitionEntry__CompetitionEntry_horse"."id" AS "CompetitionEntry__CompetitionEntry_horse_id", 
"CompetitionEntry__CompetitionEntry_horse"."name" AS "CompetitionEntry__CompetitionEntry_horse_name", 
"CompetitionEntry__CompetitionEntry_horse"."feu_id" AS "CompetitionEntry__CompetitionEntry_horse_feu_id", 
"CompetitionEntry__CompetitionEntry_horse"."chip_id" AS "CompetitionEntry__CompetitionEntry_horse_chip_id", 
"CompetitionEntry__CompetitionEntry_horse"."is_feu_active" AS 
"CompetitionEntry__CompetitionEntry_horse_is_feu_active", 
"CompetitionEntry__CompetitionEntry_horse"."health_records_expiration" AS "dedba76606280d708ac64c91db18a5f00cb3599c", 
"CompetitionEntry__CompetitionEntry_horse"."created_at" AS "CompetitionEntry__CompetitionEntry_horse_created_at", 
"CompetitionEntry__CompetitionEntry_horse"."owner_id" AS "CompetitionEntry__CompetitionEntry_horse_owner_id", 
"CompetitionEntry__CompetitionEntry_rider"."id" AS "CompetitionEntry__CompetitionEntry_rider_id", 
"CompetitionEntry__CompetitionEntry_rider"."name" AS "CompetitionEntry__CompetitionEntry_rider_name", 
"CompetitionEntry__CompetitionEntry_rider"."national_id" AS "CompetitionEntry__CompetitionEntry_rider_national_id", 
"CompetitionEntry__CompetitionEntry_rider"."feu_id" AS "CompetitionEntry__CompetitionEntry_rider_feu_id", 
"CompetitionEntry__CompetitionEntry_rider"."is_feu_active" AS 
"CompetitionEntry__CompetitionEntry_rider_is_feu_active", "CompetitionEntry__CompetitionEntry_rider"."birth_date" AS 
"CompetitionEntry__CompetitionEntry_rider_birth_date", 
"CompetitionEntry__CompetitionEntry_rider"."medical_card_expiration" AS "f57bccd8570a71d1fd177940fac127c2a7190738", 
"CompetitionEntry__CompetitionEntry_rider"."created_at" AS "CompetitionEntry__CompetitionEntry_rider_created_at", 
"CompetitionEntry__CompetitionEntry_tenant"."id" AS "CompetitionEntry__CompetitionEntry_tenant_id", 
"CompetitionEntry__CompetitionEntry_tenant"."name" AS "CompetitionEntry__CompetitionEntry_tenant_name", 
"CompetitionEntry__CompetitionEntry_tenant"."location" AS "CompetitionEntry__CompetitionEntry_tenant_location", 
"CompetitionEntry__CompetitionEntry_tenant"."created_at" AS "CompetitionEntry__CompetitionEntry_tenant_created_at" 
FROM "competition_entries" "CompetitionEntry" LEFT JOIN "competitions" 
"CompetitionEntry__CompetitionEntry_competition" ON 
"CompetitionEntry__CompetitionEntry_competition"."id"="CompetitionEntry"."competition_id"  LEFT JOIN "horses" 
"CompetitionEntry__CompetitionEntry_horse" ON 
"CompetitionEntry__CompetitionEntry_horse"."id"="CompetitionEntry"."horse_id"  LEFT JOIN "riders" 
"CompetitionEntry__CompetitionEntry_rider" ON 
"CompetitionEntry__CompetitionEntry_rider"."id"="CompetitionEntry"."rider_id"  LEFT JOIN "tenants" 
"CompetitionEntry__CompetitionEntry_tenant" ON 
"CompetitionEntry__CompetitionEntry_tenant"."id"="CompetitionEntry"."tenant_id" WHERE (("CompetitionEntry"."id" = 
$1))) "distinctAlias" ORDER BY "CompetitionEntry_id" ASC LIMIT 1 -- PARAMETERS: 
["52893c21-448f-42a4-8194-f599c2941222"]

      at PlatformTools.logInfo (../../../src/platform/PlatformTools.ts:262:17)

    console.log
      query: SELECT set_config('app.current_tenant_id', $1, $2) -- PARAMETERS: 
["a1000000-0000-0000-0000-000000000001",true]

      at PlatformTools.logInfo (../../../src/platform/PlatformTools.ts:262:17)

    console.log
      query: SELECT "CompetitionEntry"."id" AS "CompetitionEntry_id", "CompetitionEntry"."bib_number" AS 
"CompetitionEntry_bib_number", "CompetitionEntry"."status" AS "CompetitionEntry_status", 
"CompetitionEntry"."qualifies_for_points" AS "CompetitionEntry_qualifies_for_points", 
"CompetitionEntry"."final_position" AS "CompetitionEntry_final_position", "CompetitionEntry"."ballast_weight" AS 
"CompetitionEntry_ballast_weight", "CompetitionEntry"."rider_weight" AS "CompetitionEntry_rider_weight", 
"CompetitionEntry"."tack_weight" AS "CompetitionEntry_tack_weight", "CompetitionEntry"."sealed_items" AS 
"CompetitionEntry_sealed_items", "CompetitionEntry"."seal_number" AS "CompetitionEntry_seal_number", 
"CompetitionEntry"."weigh_in_at" AS "CompetitionEntry_weigh_in_at", "CompetitionEntry"."created_at" AS 
"CompetitionEntry_created_at", "CompetitionEntry"."updated_at" AS "CompetitionEntry_updated_at", 
"CompetitionEntry"."competition_id" AS "CompetitionEntry_competition_id", "CompetitionEntry"."rider_id" AS 
"CompetitionEntry_rider_id", "CompetitionEntry"."horse_id" AS "CompetitionEntry_horse_id", 
"CompetitionEntry"."represented_tenant_id" AS "CompetitionEntry_represented_tenant_id", "CompetitionEntry"."tenant_id" 
AS "CompetitionEntry_tenant_id", "CompetitionEntry"."current_stage_id" AS "CompetitionEntry_current_stage_id", 
"CompetitionEntry__CompetitionEntry_competition"."id" AS "CompetitionEntry__CompetitionEntry_competition_id", 
"CompetitionEntry__CompetitionEntry_competition"."name" AS "CompetitionEntry__CompetitionEntry_competition_name", 
"CompetitionEntry__CompetitionEntry_competition"."competition_date" AS 
"CompetitionEntry__CompetitionEntry_competition_competition_date", 
"CompetitionEntry__CompetitionEntry_competition"."start_time" AS 
"CompetitionEntry__CompetitionEntry_competition_start_time", 
"CompetitionEntry__CompetitionEntry_competition"."location" AS 
"CompetitionEntry__CompetitionEntry_competition_location", 
"CompetitionEntry__CompetitionEntry_competition"."is_federated" AS 
"CompetitionEntry__CompetitionEntry_competition_is_federated", 
"CompetitionEntry__CompetitionEntry_competition"."max_heart_rate" AS 
"CompetitionEntry__CompetitionEntry_competition_max_heart_rate", 
"CompetitionEntry__CompetitionEntry_competition"."status" AS "CompetitionEntry__CompetitionEntry_competition_status", 
"CompetitionEntry__CompetitionEntry_competition"."created_at" AS 
"CompetitionEntry__CompetitionEntry_competition_created_at", 
"CompetitionEntry__CompetitionEntry_competition"."tenant_id" AS 
"CompetitionEntry__CompetitionEntry_competition_tenant_id", 
"CompetitionEntry__CompetitionEntry_competition"."competition_type_id" AS "cc0eeb8de475a642ca4d9779fefef42635e3845c", 
"CompetitionEntry__CompetitionEntry_horse"."id" AS "CompetitionEntry__CompetitionEntry_horse_id", 
"CompetitionEntry__CompetitionEntry_horse"."name" AS "CompetitionEntry__CompetitionEntry_horse_name", 
"CompetitionEntry__CompetitionEntry_horse"."feu_id" AS "CompetitionEntry__CompetitionEntry_horse_feu_id", 
"CompetitionEntry__CompetitionEntry_horse"."chip_id" AS "CompetitionEntry__CompetitionEntry_horse_chip_id", 
"CompetitionEntry__CompetitionEntry_horse"."is_feu_active" AS 
"CompetitionEntry__CompetitionEntry_horse_is_feu_active", 
"CompetitionEntry__CompetitionEntry_horse"."health_records_expiration" AS "dedba76606280d708ac64c91db18a5f00cb3599c", 
"CompetitionEntry__CompetitionEntry_horse"."created_at" AS "CompetitionEntry__CompetitionEntry_horse_created_at", 
"CompetitionEntry__CompetitionEntry_horse"."owner_id" AS "CompetitionEntry__CompetitionEntry_horse_owner_id", 
"CompetitionEntry__CompetitionEntry_rider"."id" AS "CompetitionEntry__CompetitionEntry_rider_id", 
"CompetitionEntry__CompetitionEntry_rider"."name" AS "CompetitionEntry__CompetitionEntry_rider_name", 
"CompetitionEntry__CompetitionEntry_rider"."national_id" AS "CompetitionEntry__CompetitionEntry_rider_national_id", 
"CompetitionEntry__CompetitionEntry_rider"."feu_id" AS "CompetitionEntry__CompetitionEntry_rider_feu_id", 
"CompetitionEntry__CompetitionEntry_rider"."is_feu_active" AS 
"CompetitionEntry__CompetitionEntry_rider_is_feu_active", "CompetitionEntry__CompetitionEntry_rider"."birth_date" AS 
"CompetitionEntry__CompetitionEntry_rider_birth_date", 
"CompetitionEntry__CompetitionEntry_rider"."medical_card_expiration" AS "f57bccd8570a71d1fd177940fac127c2a7190738", 
"CompetitionEntry__CompetitionEntry_rider"."created_at" AS "CompetitionEntry__CompetitionEntry_rider_created_at", 
"CompetitionEntry__CompetitionEntry_tenant"."id" AS "CompetitionEntry__CompetitionEntry_tenant_id", 
"CompetitionEntry__CompetitionEntry_tenant"."name" AS "CompetitionEntry__CompetitionEntry_tenant_name", 
"CompetitionEntry__CompetitionEntry_tenant"."location" AS "CompetitionEntry__CompetitionEntry_tenant_location", 
"CompetitionEntry__CompetitionEntry_tenant"."created_at" AS "CompetitionEntry__CompetitionEntry_tenant_created_at" 
FROM "competition_entries" "CompetitionEntry" LEFT JOIN "competitions" 
"CompetitionEntry__CompetitionEntry_competition" ON 
"CompetitionEntry__CompetitionEntry_competition"."id"="CompetitionEntry"."competition_id"  LEFT JOIN "horses" 
"CompetitionEntry__CompetitionEntry_horse" ON 
"CompetitionEntry__CompetitionEntry_horse"."id"="CompetitionEntry"."horse_id"  LEFT JOIN "riders" 
"CompetitionEntry__CompetitionEntry_rider" ON 
"CompetitionEntry__CompetitionEntry_rider"."id"="CompetitionEntry"."rider_id"  LEFT JOIN "tenants" 
"CompetitionEntry__CompetitionEntry_tenant" ON 
"CompetitionEntry__CompetitionEntry_tenant"."id"="CompetitionEntry"."tenant_id" WHERE ( (("CompetitionEntry"."id" = 
$1)) ) AND ( "CompetitionEntry"."id" IN ($2) ) -- PARAMETERS: 
["52893c21-448f-42a4-8194-f599c2941222","52893c21-448f-42a4-8194-f599c2941222"]

      at PlatformTools.logInfo (../../../src/platform/PlatformTools.ts:262:17)

    console.log
      query: SELECT set_config('app.current_tenant_id', $1, $2) -- PARAMETERS: 
["a1000000-0000-0000-0000-000000000001",true]

      at PlatformTools.logInfo (../../../src/platform/PlatformTools.ts:262:17)

    console.log
      query: SELECT "TimingRecord"."id" AS "TimingRecord_id", "TimingRecord"."record_type" AS 
"TimingRecord_record_type", "TimingRecord"."recorded_at" AS "TimingRecord_recorded_at", "TimingRecord"."is_approved" 
AS "TimingRecord_is_approved", "TimingRecord"."elimination_type" AS "TimingRecord_elimination_type", 
"TimingRecord"."elimination_reason" AS "TimingRecord_elimination_reason", "TimingRecord"."scheduled_departure_time" AS 
"TimingRecord_scheduled_departure_time", "TimingRecord"."is_void" AS "TimingRecord_is_void", 
"TimingRecord"."void_reason" AS "TimingRecord_void_reason", "TimingRecord"."is_automatic" AS 
"TimingRecord_is_automatic", "TimingRecord"."created_at" AS "TimingRecord_created_at", "TimingRecord"."updated_at" AS 
"TimingRecord_updated_at", "TimingRecord"."tenant_id" AS "TimingRecord_tenant_id", "TimingRecord"."entry_id" AS 
"TimingRecord_entry_id", "TimingRecord"."stage_id" AS "TimingRecord_stage_id", 
"TimingRecord__TimingRecord_vetInspection"."id" AS "TimingRecord__TimingRecord_vetInspection_id", 
"TimingRecord__TimingRecord_vetInspection"."heart_rate" AS "TimingRecord__TimingRecord_vetInspection_heart_rate", 
"TimingRecord__TimingRecord_vetInspection"."temperature" AS "TimingRecord__TimingRecord_vetInspection_temperature", 
"TimingRecord__TimingRecord_vetInspection"."motricity" AS "TimingRecord__TimingRecord_vetInspection_motricity", 
"TimingRecord__TimingRecord_vetInspection"."metabolic" AS "TimingRecord__TimingRecord_vetInspection_metabolic", 
"TimingRecord__TimingRecord_vetInspection"."attempt_number" AS 
"TimingRecord__TimingRecord_vetInspection_attempt_number", 
"TimingRecord__TimingRecord_vetInspection"."is_recheck_required" AS 
"TimingRecord__TimingRecord_vetInspection_is_recheck_required", 
"TimingRecord__TimingRecord_vetInspection"."next_check_time" AS 
"TimingRecord__TimingRecord_vetInspection_next_check_time", "TimingRecord__TimingRecord_vetInspection"."notes" AS 
"TimingRecord__TimingRecord_vetInspection_notes", "TimingRecord__TimingRecord_vetInspection"."created_at" AS 
"TimingRecord__TimingRecord_vetInspection_created_at", "TimingRecord__TimingRecord_vetInspection"."tenant_id" AS 
"TimingRecord__TimingRecord_vetInspection_tenant_id", "TimingRecord__TimingRecord_vetInspection"."timing_record_id" AS 
"TimingRecord__TimingRecord_vetInspection_timing_record_id" FROM "timing_records" "TimingRecord" LEFT JOIN 
"vet_inspections" "TimingRecord__TimingRecord_vetInspection" ON 
"TimingRecord__TimingRecord_vetInspection"."timing_record_id"="TimingRecord"."id"  LEFT JOIN "competition_entries" 
"TimingRecord__TimingRecord_entry" ON "TimingRecord__TimingRecord_entry"."id"="TimingRecord"."entry_id"  LEFT JOIN 
"stages" "TimingRecord__TimingRecord_stage" ON "TimingRecord__TimingRecord_stage"."id"="TimingRecord"."stage_id" WHERE 
(((("TimingRecord__TimingRecord_entry"."id" = $1))) AND ((("TimingRecord__TimingRecord_stage"."id" = $2)))) -- 
PARAMETERS: ["52893c21-448f-42a4-8194-f599c2941222","560b430f-e4c7-44e8-8e6e-17f4e0ee4785"]

      at PlatformTools.logInfo (../../../src/platform/PlatformTools.ts:262:17)

    console.log
      query: SELECT set_config('app.current_tenant_id', $1, $2) -- PARAMETERS: 
["a1000000-0000-0000-0000-000000000001",true]

      at PlatformTools.logInfo (../../../src/platform/PlatformTools.ts:262:17)

    console.log
      query: SELECT "Stage"."id" AS "Stage_id", "Stage"."stage_number" AS "Stage_stage_number", "Stage"."distance_km" 
AS "Stage_distance_km", "Stage"."neutralization_minutes" AS "Stage_neutralization_minutes", "Stage"."tenant_id" AS 
"Stage_tenant_id", "Stage"."competition_id" AS "Stage_competition_id" FROM "stages" "Stage" WHERE (("Stage"."id" = 
$1)) LIMIT 1 -- PARAMETERS: ["560b430f-e4c7-44e8-8e6e-17f4e0ee4785"]

      at PlatformTools.logInfo (../../../src/platform/PlatformTools.ts:262:17)

    console.log
      query: SELECT set_config('app.current_tenant_id', $1, $2) -- PARAMETERS: 
["a1000000-0000-0000-0000-000000000001",true]

      at PlatformTools.logInfo (../../../src/platform/PlatformTools.ts:262:17)

    console.log
      query: INSERT INTO "timing_records"("id", "record_type", "recorded_at", "is_approved", "elimination_type", 
"elimination_reason", "scheduled_departure_time", "is_void", "void_reason", "is_automatic", "created_at", 
"updated_at", "tenant_id", "entry_id", "stage_id") VALUES (DEFAULT, $1, $2, $3, $4, $5, $6, DEFAULT, DEFAULT, $7, 
DEFAULT, DEFAULT, $8, $9, $10) RETURNING "id", "is_approved", "is_void", "is_automatic", "created_at", "updated_at" -- 
PARAMETERS: ["ARRIVAL","2026-06-10T09:30:00.000Z",true,null,null,"2026-06-10T10:00:00.000Z",false,"a1000000-0000-0000-0
000-000000000001","52893c21-448f-42a4-8194-f599c2941222","560b430f-e4c7-44e8-8e6e-17f4e0ee4785"]

      at PlatformTools.logInfo (../../../src/platform/PlatformTools.ts:262:17)

    console.log
      query: SELECT set_config('app.current_tenant_id', $1, $2) -- PARAMETERS: 
["a1000000-0000-0000-0000-000000000001",true]

      at PlatformTools.logInfo (../../../src/platform/PlatformTools.ts:262:17)

    console.log
      query: UPDATE "competition_entries" SET "status" = $1, "current_stage_id" = $2, "updated_at" = CURRENT_TIMESTAMP 
WHERE "id" IN ($3) -- PARAMETERS: 
["IN_RACE","560b430f-e4c7-44e8-8e6e-17f4e0ee4785","52893c21-448f-42a4-8194-f599c2941222"]

      at PlatformTools.logInfo (../../../src/platform/PlatformTools.ts:262:17)

    console.log
      query: SELECT set_config('app.current_tenant_id', $1, $2) -- PARAMETERS: 
["a1000000-0000-0000-0000-000000000001",true]

      at PlatformTools.logInfo (../../../src/platform/PlatformTools.ts:262:17)

    console.log
      query: COMMIT

      at PlatformTools.logInfo (../../../src/platform/PlatformTools.ts:262:17)

    console.log
      query: SELECT set_config('app.current_tenant_id', $1, $2) -- PARAMETERS: 
["a1000000-0000-0000-0000-000000000001",true]

      at PlatformTools.logInfo (../../../src/platform/PlatformTools.ts:262:17)

    console.log
      query: START TRANSACTION

      at PlatformTools.logInfo (../../../src/platform/PlatformTools.ts:262:17)

    console.log
      query: SELECT set_config('app.current_tenant_id', $1, $2) -- PARAMETERS: 
["a1000000-0000-0000-0000-000000000001",true]

      at PlatformTools.logInfo (../../../src/platform/PlatformTools.ts:262:17)

    console.log
      query: SELECT DISTINCT "distinctAlias"."CompetitionEntry_id" AS "ids_CompetitionEntry_id" FROM (SELECT 
"CompetitionEntry"."id" AS "CompetitionEntry_id", "CompetitionEntry"."bib_number" AS "CompetitionEntry_bib_number", 
"CompetitionEntry"."status" AS "CompetitionEntry_status", "CompetitionEntry"."qualifies_for_points" AS 
"CompetitionEntry_qualifies_for_points", "CompetitionEntry"."final_position" AS "CompetitionEntry_final_position", 
"CompetitionEntry"."ballast_weight" AS "CompetitionEntry_ballast_weight", "CompetitionEntry"."rider_weight" AS 
"CompetitionEntry_rider_weight", "CompetitionEntry"."tack_weight" AS "CompetitionEntry_tack_weight", 
"CompetitionEntry"."sealed_items" AS "CompetitionEntry_sealed_items", "CompetitionEntry"."seal_number" AS 
"CompetitionEntry_seal_number", "CompetitionEntry"."weigh_in_at" AS "CompetitionEntry_weigh_in_at", 
"CompetitionEntry"."created_at" AS "CompetitionEntry_created_at", "CompetitionEntry"."updated_at" AS 
"CompetitionEntry_updated_at", "CompetitionEntry"."competition_id" AS "CompetitionEntry_competition_id", 
"CompetitionEntry"."rider_id" AS "CompetitionEntry_rider_id", "CompetitionEntry"."horse_id" AS 
"CompetitionEntry_horse_id", "CompetitionEntry"."represented_tenant_id" AS "CompetitionEntry_represented_tenant_id", 
"CompetitionEntry"."tenant_id" AS "CompetitionEntry_tenant_id", "CompetitionEntry"."current_stage_id" AS 
"CompetitionEntry_current_stage_id" FROM "competition_entries" "CompetitionEntry" LEFT JOIN "competitions" 
"CompetitionEntry__CompetitionEntry_competition" ON 
"CompetitionEntry__CompetitionEntry_competition"."id"="CompetitionEntry"."competition_id" WHERE 
(((("CompetitionEntry__CompetitionEntry_competition"."id" = $1))) AND ("CompetitionEntry"."bib_number" = $2))) 
"distinctAlias" ORDER BY "CompetitionEntry_id" ASC LIMIT 1 -- PARAMETERS: ["46c2b086-cb71-4c28-91dc-d377c5e3fd61",901]

      at PlatformTools.logInfo (../../../src/platform/PlatformTools.ts:262:17)

    console.log
      query: SELECT set_config('app.current_tenant_id', $1, $2) -- PARAMETERS: 
["a1000000-0000-0000-0000-000000000001",true]

      at PlatformTools.logInfo (../../../src/platform/PlatformTools.ts:262:17)

    console.log
      query: SELECT "CompetitionEntry"."id" AS "CompetitionEntry_id", "CompetitionEntry"."bib_number" AS 
"CompetitionEntry_bib_number", "CompetitionEntry"."status" AS "CompetitionEntry_status", 
"CompetitionEntry"."qualifies_for_points" AS "CompetitionEntry_qualifies_for_points", 
"CompetitionEntry"."final_position" AS "CompetitionEntry_final_position", "CompetitionEntry"."ballast_weight" AS 
"CompetitionEntry_ballast_weight", "CompetitionEntry"."rider_weight" AS "CompetitionEntry_rider_weight", 
"CompetitionEntry"."tack_weight" AS "CompetitionEntry_tack_weight", "CompetitionEntry"."sealed_items" AS 
"CompetitionEntry_sealed_items", "CompetitionEntry"."seal_number" AS "CompetitionEntry_seal_number", 
"CompetitionEntry"."weigh_in_at" AS "CompetitionEntry_weigh_in_at", "CompetitionEntry"."created_at" AS 
"CompetitionEntry_created_at", "CompetitionEntry"."updated_at" AS "CompetitionEntry_updated_at", 
"CompetitionEntry"."competition_id" AS "CompetitionEntry_competition_id", "CompetitionEntry"."rider_id" AS 
"CompetitionEntry_rider_id", "CompetitionEntry"."horse_id" AS "CompetitionEntry_horse_id", 
"CompetitionEntry"."represented_tenant_id" AS "CompetitionEntry_represented_tenant_id", "CompetitionEntry"."tenant_id" 
AS "CompetitionEntry_tenant_id", "CompetitionEntry"."current_stage_id" AS "CompetitionEntry_current_stage_id" FROM 
"competition_entries" "CompetitionEntry" LEFT JOIN "competitions" "CompetitionEntry__CompetitionEntry_competition" ON 
"CompetitionEntry__CompetitionEntry_competition"."id"="CompetitionEntry"."competition_id" WHERE ( 
(((("CompetitionEntry__CompetitionEntry_competition"."id" = $1))) AND ("CompetitionEntry"."bib_number" = $2)) ) AND ( 
"CompetitionEntry"."id" IN ($3) ) -- PARAMETERS: 
["46c2b086-cb71-4c28-91dc-d377c5e3fd61",901,"52893c21-448f-42a4-8194-f599c2941222"]

      at PlatformTools.logInfo (../../../src/platform/PlatformTools.ts:262:17)

    console.log
      query: SELECT set_config('app.current_tenant_id', $1, $2) -- PARAMETERS: 
["a1000000-0000-0000-0000-000000000001",true]

      at PlatformTools.logInfo (../../../src/platform/PlatformTools.ts:262:17)

    console.log
      query: SELECT "CompetitionEntry"."id" AS "CompetitionEntry_id", "CompetitionEntry"."bib_number" AS 
"CompetitionEntry_bib_number", "CompetitionEntry"."status" AS "CompetitionEntry_status", 
"CompetitionEntry"."qualifies_for_points" AS "CompetitionEntry_qualifies_for_points", 
"CompetitionEntry"."final_position" AS "CompetitionEntry_final_position", "CompetitionEntry"."ballast_weight" AS 
"CompetitionEntry_ballast_weight", "CompetitionEntry"."rider_weight" AS "CompetitionEntry_rider_weight", 
"CompetitionEntry"."tack_weight" AS "CompetitionEntry_tack_weight", "CompetitionEntry"."sealed_items" AS 
"CompetitionEntry_sealed_items", "CompetitionEntry"."seal_number" AS "CompetitionEntry_seal_number", 
"CompetitionEntry"."weigh_in_at" AS "CompetitionEntry_weigh_in_at", "CompetitionEntry"."created_at" AS 
"CompetitionEntry_created_at", "CompetitionEntry"."updated_at" AS "CompetitionEntry_updated_at", 
"CompetitionEntry"."competition_id" AS "CompetitionEntry_competition_id", "CompetitionEntry"."rider_id" AS 
"CompetitionEntry_rider_id", "CompetitionEntry"."horse_id" AS "CompetitionEntry_horse_id", 
"CompetitionEntry"."represented_tenant_id" AS "CompetitionEntry_represented_tenant_id", "CompetitionEntry"."tenant_id" 
AS "CompetitionEntry_tenant_id", "CompetitionEntry"."current_stage_id" AS "CompetitionEntry_current_stage_id" FROM 
"competition_entries" "CompetitionEntry" WHERE (("CompetitionEntry"."id" = $1)) LIMIT 1 FOR UPDATE -- PARAMETERS: 
["52893c21-448f-42a4-8194-f599c2941222"]

      at PlatformTools.logInfo (../../../src/platform/PlatformTools.ts:262:17)

    console.log
      query: SELECT set_config('app.current_tenant_id', $1, $2) -- PARAMETERS: 
["a1000000-0000-0000-0000-000000000001",true]

      at PlatformTools.logInfo (../../../src/platform/PlatformTools.ts:262:17)

    console.log
      query: SELECT DISTINCT "distinctAlias"."CompetitionEntry_id" AS "ids_CompetitionEntry_id" FROM (SELECT 
"CompetitionEntry"."id" AS "CompetitionEntry_id", "CompetitionEntry"."bib_number" AS "CompetitionEntry_bib_number", 
"CompetitionEntry"."status" AS "CompetitionEntry_status", "CompetitionEntry"."qualifies_for_points" AS 
"CompetitionEntry_qualifies_for_points", "CompetitionEntry"."final_position" AS "CompetitionEntry_final_position", 
"CompetitionEntry"."ballast_weight" AS "CompetitionEntry_ballast_weight", "CompetitionEntry"."rider_weight" AS 
"CompetitionEntry_rider_weight", "CompetitionEntry"."tack_weight" AS "CompetitionEntry_tack_weight", 
"CompetitionEntry"."sealed_items" AS "CompetitionEntry_sealed_items", "CompetitionEntry"."seal_number" AS 
"CompetitionEntry_seal_number", "CompetitionEntry"."weigh_in_at" AS "CompetitionEntry_weigh_in_at", 
"CompetitionEntry"."created_at" AS "CompetitionEntry_created_at", "CompetitionEntry"."updated_at" AS 
"CompetitionEntry_updated_at", "CompetitionEntry"."competition_id" AS "CompetitionEntry_competition_id", 
"CompetitionEntry"."rider_id" AS "CompetitionEntry_rider_id", "CompetitionEntry"."horse_id" AS 
"CompetitionEntry_horse_id", "CompetitionEntry"."represented_tenant_id" AS "CompetitionEntry_represented_tenant_id", 
"CompetitionEntry"."tenant_id" AS "CompetitionEntry_tenant_id", "CompetitionEntry"."current_stage_id" AS 
"CompetitionEntry_current_stage_id", "CompetitionEntry__CompetitionEntry_competition"."id" AS 
"CompetitionEntry__CompetitionEntry_competition_id", "CompetitionEntry__CompetitionEntry_competition"."name" AS 
"CompetitionEntry__CompetitionEntry_competition_name", 
"CompetitionEntry__CompetitionEntry_competition"."competition_date" AS 
"CompetitionEntry__CompetitionEntry_competition_competition_date", 
"CompetitionEntry__CompetitionEntry_competition"."start_time" AS 
"CompetitionEntry__CompetitionEntry_competition_start_time", 
"CompetitionEntry__CompetitionEntry_competition"."location" AS 
"CompetitionEntry__CompetitionEntry_competition_location", 
"CompetitionEntry__CompetitionEntry_competition"."is_federated" AS 
"CompetitionEntry__CompetitionEntry_competition_is_federated", 
"CompetitionEntry__CompetitionEntry_competition"."max_heart_rate" AS 
"CompetitionEntry__CompetitionEntry_competition_max_heart_rate", 
"CompetitionEntry__CompetitionEntry_competition"."status" AS "CompetitionEntry__CompetitionEntry_competition_status", 
"CompetitionEntry__CompetitionEntry_competition"."created_at" AS 
"CompetitionEntry__CompetitionEntry_competition_created_at", 
"CompetitionEntry__CompetitionEntry_competition"."tenant_id" AS 
"CompetitionEntry__CompetitionEntry_competition_tenant_id", 
"CompetitionEntry__CompetitionEntry_competition"."competition_type_id" AS "cc0eeb8de475a642ca4d9779fefef42635e3845c", 
"CompetitionEntry__CompetitionEntry_horse"."id" AS "CompetitionEntry__CompetitionEntry_horse_id", 
"CompetitionEntry__CompetitionEntry_horse"."name" AS "CompetitionEntry__CompetitionEntry_horse_name", 
"CompetitionEntry__CompetitionEntry_horse"."feu_id" AS "CompetitionEntry__CompetitionEntry_horse_feu_id", 
"CompetitionEntry__CompetitionEntry_horse"."chip_id" AS "CompetitionEntry__CompetitionEntry_horse_chip_id", 
"CompetitionEntry__CompetitionEntry_horse"."is_feu_active" AS 
"CompetitionEntry__CompetitionEntry_horse_is_feu_active", 
"CompetitionEntry__CompetitionEntry_horse"."health_records_expiration" AS "dedba76606280d708ac64c91db18a5f00cb3599c", 
"CompetitionEntry__CompetitionEntry_horse"."created_at" AS "CompetitionEntry__CompetitionEntry_horse_created_at", 
"CompetitionEntry__CompetitionEntry_horse"."owner_id" AS "CompetitionEntry__CompetitionEntry_horse_owner_id", 
"CompetitionEntry__CompetitionEntry_rider"."id" AS "CompetitionEntry__CompetitionEntry_rider_id", 
"CompetitionEntry__CompetitionEntry_rider"."name" AS "CompetitionEntry__CompetitionEntry_rider_name", 
"CompetitionEntry__CompetitionEntry_rider"."national_id" AS "CompetitionEntry__CompetitionEntry_rider_national_id", 
"CompetitionEntry__CompetitionEntry_rider"."feu_id" AS "CompetitionEntry__CompetitionEntry_rider_feu_id", 
"CompetitionEntry__CompetitionEntry_rider"."is_feu_active" AS 
"CompetitionEntry__CompetitionEntry_rider_is_feu_active", "CompetitionEntry__CompetitionEntry_rider"."birth_date" AS 
"CompetitionEntry__CompetitionEntry_rider_birth_date", 
"CompetitionEntry__CompetitionEntry_rider"."medical_card_expiration" AS "f57bccd8570a71d1fd177940fac127c2a7190738", 
"CompetitionEntry__CompetitionEntry_rider"."created_at" AS "CompetitionEntry__CompetitionEntry_rider_created_at", 
"CompetitionEntry__CompetitionEntry_tenant"."id" AS "CompetitionEntry__CompetitionEntry_tenant_id", 
"CompetitionEntry__CompetitionEntry_tenant"."name" AS "CompetitionEntry__CompetitionEntry_tenant_name", 
"CompetitionEntry__CompetitionEntry_tenant"."location" AS "CompetitionEntry__CompetitionEntry_tenant_location", 
"CompetitionEntry__CompetitionEntry_tenant"."created_at" AS "CompetitionEntry__CompetitionEntry_tenant_created_at" 
FROM "competition_entries" "CompetitionEntry" LEFT JOIN "competitions" 
"CompetitionEntry__CompetitionEntry_competition" ON 
"CompetitionEntry__CompetitionEntry_competition"."id"="CompetitionEntry"."competition_id"  LEFT JOIN "horses" 
"CompetitionEntry__CompetitionEntry_horse" ON 
"CompetitionEntry__CompetitionEntry_horse"."id"="CompetitionEntry"."horse_id"  LEFT JOIN "riders" 
"CompetitionEntry__CompetitionEntry_rider" ON 
"CompetitionEntry__CompetitionEntry_rider"."id"="CompetitionEntry"."rider_id"  LEFT JOIN "tenants" 
"CompetitionEntry__CompetitionEntry_tenant" ON 
"CompetitionEntry__CompetitionEntry_tenant"."id"="CompetitionEntry"."tenant_id" WHERE (("CompetitionEntry"."id" = 
$1))) "distinctAlias" ORDER BY "CompetitionEntry_id" ASC LIMIT 1 -- PARAMETERS: 
["52893c21-448f-42a4-8194-f599c2941222"]

      at PlatformTools.logInfo (../../../src/platform/PlatformTools.ts:262:17)

    console.log
      query: SELECT set_config('app.current_tenant_id', $1, $2) -- PARAMETERS: 
["a1000000-0000-0000-0000-000000000001",true]

      at PlatformTools.logInfo (../../../src/platform/PlatformTools.ts:262:17)

    console.log
      query: SELECT "CompetitionEntry"."id" AS "CompetitionEntry_id", "CompetitionEntry"."bib_number" AS 
"CompetitionEntry_bib_number", "CompetitionEntry"."status" AS "CompetitionEntry_status", 
"CompetitionEntry"."qualifies_for_points" AS "CompetitionEntry_qualifies_for_points", 
"CompetitionEntry"."final_position" AS "CompetitionEntry_final_position", "CompetitionEntry"."ballast_weight" AS 
"CompetitionEntry_ballast_weight", "CompetitionEntry"."rider_weight" AS "CompetitionEntry_rider_weight", 
"CompetitionEntry"."tack_weight" AS "CompetitionEntry_tack_weight", "CompetitionEntry"."sealed_items" AS 
"CompetitionEntry_sealed_items", "CompetitionEntry"."seal_number" AS "CompetitionEntry_seal_number", 
"CompetitionEntry"."weigh_in_at" AS "CompetitionEntry_weigh_in_at", "CompetitionEntry"."created_at" AS 
"CompetitionEntry_created_at", "CompetitionEntry"."updated_at" AS "CompetitionEntry_updated_at", 
"CompetitionEntry"."competition_id" AS "CompetitionEntry_competition_id", "CompetitionEntry"."rider_id" AS 
"CompetitionEntry_rider_id", "CompetitionEntry"."horse_id" AS "CompetitionEntry_horse_id", 
"CompetitionEntry"."represented_tenant_id" AS "CompetitionEntry_represented_tenant_id", "CompetitionEntry"."tenant_id" 
AS "CompetitionEntry_tenant_id", "CompetitionEntry"."current_stage_id" AS "CompetitionEntry_current_stage_id", 
"CompetitionEntry__CompetitionEntry_competition"."id" AS "CompetitionEntry__CompetitionEntry_competition_id", 
"CompetitionEntry__CompetitionEntry_competition"."name" AS "CompetitionEntry__CompetitionEntry_competition_name", 
"CompetitionEntry__CompetitionEntry_competition"."competition_date" AS 
"CompetitionEntry__CompetitionEntry_competition_competition_date", 
"CompetitionEntry__CompetitionEntry_competition"."start_time" AS 
"CompetitionEntry__CompetitionEntry_competition_start_time", 
"CompetitionEntry__CompetitionEntry_competition"."location" AS 
"CompetitionEntry__CompetitionEntry_competition_location", 
"CompetitionEntry__CompetitionEntry_competition"."is_federated" AS 
"CompetitionEntry__CompetitionEntry_competition_is_federated", 
"CompetitionEntry__CompetitionEntry_competition"."max_heart_rate" AS 
"CompetitionEntry__CompetitionEntry_competition_max_heart_rate", 
"CompetitionEntry__CompetitionEntry_competition"."status" AS "CompetitionEntry__CompetitionEntry_competition_status", 
"CompetitionEntry__CompetitionEntry_competition"."created_at" AS 
"CompetitionEntry__CompetitionEntry_competition_created_at", 
"CompetitionEntry__CompetitionEntry_competition"."tenant_id" AS 
"CompetitionEntry__CompetitionEntry_competition_tenant_id", 
"CompetitionEntry__CompetitionEntry_competition"."competition_type_id" AS "cc0eeb8de475a642ca4d9779fefef42635e3845c", 
"CompetitionEntry__CompetitionEntry_horse"."id" AS "CompetitionEntry__CompetitionEntry_horse_id", 
"CompetitionEntry__CompetitionEntry_horse"."name" AS "CompetitionEntry__CompetitionEntry_horse_name", 
"CompetitionEntry__CompetitionEntry_horse"."feu_id" AS "CompetitionEntry__CompetitionEntry_horse_feu_id", 
"CompetitionEntry__CompetitionEntry_horse"."chip_id" AS "CompetitionEntry__CompetitionEntry_horse_chip_id", 
"CompetitionEntry__CompetitionEntry_horse"."is_feu_active" AS 
"CompetitionEntry__CompetitionEntry_horse_is_feu_active", 
"CompetitionEntry__CompetitionEntry_horse"."health_records_expiration" AS "dedba76606280d708ac64c91db18a5f00cb3599c", 
"CompetitionEntry__CompetitionEntry_horse"."created_at" AS "CompetitionEntry__CompetitionEntry_horse_created_at", 
"CompetitionEntry__CompetitionEntry_horse"."owner_id" AS "CompetitionEntry__CompetitionEntry_horse_owner_id", 
"CompetitionEntry__CompetitionEntry_rider"."id" AS "CompetitionEntry__CompetitionEntry_rider_id", 
"CompetitionEntry__CompetitionEntry_rider"."name" AS "CompetitionEntry__CompetitionEntry_rider_name", 
"CompetitionEntry__CompetitionEntry_rider"."national_id" AS "CompetitionEntry__CompetitionEntry_rider_national_id", 
"CompetitionEntry__CompetitionEntry_rider"."feu_id" AS "CompetitionEntry__CompetitionEntry_rider_feu_id", 
"CompetitionEntry__CompetitionEntry_rider"."is_feu_active" AS 
"CompetitionEntry__CompetitionEntry_rider_is_feu_active", "CompetitionEntry__CompetitionEntry_rider"."birth_date" AS 
"CompetitionEntry__CompetitionEntry_rider_birth_date", 
"CompetitionEntry__CompetitionEntry_rider"."medical_card_expiration" AS "f57bccd8570a71d1fd177940fac127c2a7190738", 
"CompetitionEntry__CompetitionEntry_rider"."created_at" AS "CompetitionEntry__CompetitionEntry_rider_created_at", 
"CompetitionEntry__CompetitionEntry_tenant"."id" AS "CompetitionEntry__CompetitionEntry_tenant_id", 
"CompetitionEntry__CompetitionEntry_tenant"."name" AS "CompetitionEntry__CompetitionEntry_tenant_name", 
"CompetitionEntry__CompetitionEntry_tenant"."location" AS "CompetitionEntry__CompetitionEntry_tenant_location", 
"CompetitionEntry__CompetitionEntry_tenant"."created_at" AS "CompetitionEntry__CompetitionEntry_tenant_created_at" 
FROM "competition_entries" "CompetitionEntry" LEFT JOIN "competitions" 
"CompetitionEntry__CompetitionEntry_competition" ON 
"CompetitionEntry__CompetitionEntry_competition"."id"="CompetitionEntry"."competition_id"  LEFT JOIN "horses" 
"CompetitionEntry__CompetitionEntry_horse" ON 
"CompetitionEntry__CompetitionEntry_horse"."id"="CompetitionEntry"."horse_id"  LEFT JOIN "riders" 
"CompetitionEntry__CompetitionEntry_rider" ON 
"CompetitionEntry__CompetitionEntry_rider"."id"="CompetitionEntry"."rider_id"  LEFT JOIN "tenants" 
"CompetitionEntry__CompetitionEntry_tenant" ON 
"CompetitionEntry__CompetitionEntry_tenant"."id"="CompetitionEntry"."tenant_id" WHERE ( (("CompetitionEntry"."id" = 
$1)) ) AND ( "CompetitionEntry"."id" IN ($2) ) -- PARAMETERS: 
["52893c21-448f-42a4-8194-f599c2941222","52893c21-448f-42a4-8194-f599c2941222"]

      at PlatformTools.logInfo (../../../src/platform/PlatformTools.ts:262:17)

    console.log
      query: SELECT set_config('app.current_tenant_id', $1, $2) -- PARAMETERS: 
["a1000000-0000-0000-0000-000000000001",true]

      at PlatformTools.logInfo (../../../src/platform/PlatformTools.ts:262:17)

    console.log
      query: SELECT "TimingRecord"."id" AS "TimingRecord_id", "TimingRecord"."record_type" AS 
"TimingRecord_record_type", "TimingRecord"."recorded_at" AS "TimingRecord_recorded_at", "TimingRecord"."is_approved" 
AS "TimingRecord_is_approved", "TimingRecord"."elimination_type" AS "TimingRecord_elimination_type", 
"TimingRecord"."elimination_reason" AS "TimingRecord_elimination_reason", "TimingRecord"."scheduled_departure_time" AS 
"TimingRecord_scheduled_departure_time", "TimingRecord"."is_void" AS "TimingRecord_is_void", 
"TimingRecord"."void_reason" AS "TimingRecord_void_reason", "TimingRecord"."is_automatic" AS 
"TimingRecord_is_automatic", "TimingRecord"."created_at" AS "TimingRecord_created_at", "TimingRecord"."updated_at" AS 
"TimingRecord_updated_at", "TimingRecord"."tenant_id" AS "TimingRecord_tenant_id", "TimingRecord"."entry_id" AS 
"TimingRecord_entry_id", "TimingRecord"."stage_id" AS "TimingRecord_stage_id", 
"TimingRecord__TimingRecord_vetInspection"."id" AS "TimingRecord__TimingRecord_vetInspection_id", 
"TimingRecord__TimingRecord_vetInspection"."heart_rate" AS "TimingRecord__TimingRecord_vetInspection_heart_rate", 
"TimingRecord__TimingRecord_vetInspection"."temperature" AS "TimingRecord__TimingRecord_vetInspection_temperature", 
"TimingRecord__TimingRecord_vetInspection"."motricity" AS "TimingRecord__TimingRecord_vetInspection_motricity", 
"TimingRecord__TimingRecord_vetInspection"."metabolic" AS "TimingRecord__TimingRecord_vetInspection_metabolic", 
"TimingRecord__TimingRecord_vetInspection"."attempt_number" AS 
"TimingRecord__TimingRecord_vetInspection_attempt_number", 
"TimingRecord__TimingRecord_vetInspection"."is_recheck_required" AS 
"TimingRecord__TimingRecord_vetInspection_is_recheck_required", 
"TimingRecord__TimingRecord_vetInspection"."next_check_time" AS 
"TimingRecord__TimingRecord_vetInspection_next_check_time", "TimingRecord__TimingRecord_vetInspection"."notes" AS 
"TimingRecord__TimingRecord_vetInspection_notes", "TimingRecord__TimingRecord_vetInspection"."created_at" AS 
"TimingRecord__TimingRecord_vetInspection_created_at", "TimingRecord__TimingRecord_vetInspection"."tenant_id" AS 
"TimingRecord__TimingRecord_vetInspection_tenant_id", "TimingRecord__TimingRecord_vetInspection"."timing_record_id" AS 
"TimingRecord__TimingRecord_vetInspection_timing_record_id" FROM "timing_records" "TimingRecord" LEFT JOIN 
"vet_inspections" "TimingRecord__TimingRecord_vetInspection" ON 
"TimingRecord__TimingRecord_vetInspection"."timing_record_id"="TimingRecord"."id"  LEFT JOIN "competition_entries" 
"TimingRecord__TimingRecord_entry" ON "TimingRecord__TimingRecord_entry"."id"="TimingRecord"."entry_id"  LEFT JOIN 
"stages" "TimingRecord__TimingRecord_stage" ON "TimingRecord__TimingRecord_stage"."id"="TimingRecord"."stage_id" WHERE 
(((("TimingRecord__TimingRecord_entry"."id" = $1))) AND ((("TimingRecord__TimingRecord_stage"."id" = $2)))) -- 
PARAMETERS: ["52893c21-448f-42a4-8194-f599c2941222","560b430f-e4c7-44e8-8e6e-17f4e0ee4785"]

      at PlatformTools.logInfo (../../../src/platform/PlatformTools.ts:262:17)

    console.log
      query: SELECT set_config('app.current_tenant_id', $1, $2) -- PARAMETERS: 
["a1000000-0000-0000-0000-000000000001",true]

      at PlatformTools.logInfo (../../../src/platform/PlatformTools.ts:262:17)

    console.log
      query: SELECT "Stage"."id" AS "Stage_id", "Stage"."stage_number" AS "Stage_stage_number", "Stage"."distance_km" 
AS "Stage_distance_km", "Stage"."neutralization_minutes" AS "Stage_neutralization_minutes", "Stage"."tenant_id" AS 
"Stage_tenant_id", "Stage"."competition_id" AS "Stage_competition_id" FROM "stages" "Stage" WHERE (("Stage"."id" = 
$1)) LIMIT 1 -- PARAMETERS: ["560b430f-e4c7-44e8-8e6e-17f4e0ee4785"]

      at PlatformTools.logInfo (../../../src/platform/PlatformTools.ts:262:17)

    console.log
      query: SELECT set_config('app.current_tenant_id', $1, $2) -- PARAMETERS: 
["a1000000-0000-0000-0000-000000000001",true]

      at PlatformTools.logInfo (../../../src/platform/PlatformTools.ts:262:17)

    console.log
      query: INSERT INTO "timing_records"("id", "record_type", "recorded_at", "is_approved", "elimination_type", 
"elimination_reason", "scheduled_departure_time", "is_void", "void_reason", "is_automatic", "created_at", 
"updated_at", "tenant_id", "entry_id", "stage_id") VALUES (DEFAULT, $1, $2, $3, $4, $5, $6, DEFAULT, DEFAULT, $7, 
DEFAULT, DEFAULT, $8, $9, $10) RETURNING "id", "is_approved", "is_void", "is_automatic", "created_at", "updated_at" -- 
PARAMETERS: ["VET_IN","2026-06-10T09:51:00.000Z",false,"TIME","Fuera de tiempo de recuperaci├│n: 21 minutos (L├¡mite: 
20 min).",null,false,"a1000000-0000-0000-0000-000000000001","52893c21-448f-42a4-8194-f599c2941222","560b430f-e4c7-44e8-
8e6e-17f4e0ee4785"]

      at PlatformTools.logInfo (../../../src/platform/PlatformTools.ts:262:17)

    console.log
      query: SELECT set_config('app.current_tenant_id', $1, $2) -- PARAMETERS: 
["a1000000-0000-0000-0000-000000000001",true]

      at PlatformTools.logInfo (../../../src/platform/PlatformTools.ts:262:17)

    console.log
      query: UPDATE "competition_entries" SET "status" = $1, "current_stage_id" = $2, "updated_at" = CURRENT_TIMESTAMP 
WHERE "id" IN ($3) -- PARAMETERS: ["DQ","560b430f-e4c7-44e8-8e6e-17f4e0ee4785","52893c21-448f-42a4-8194-f599c2941222"]

      at PlatformTools.logInfo (../../../src/platform/PlatformTools.ts:262:17)

    console.log
      query: SELECT set_config('app.current_tenant_id', $1, $2) -- PARAMETERS: 
["a1000000-0000-0000-0000-000000000001",true]

      at PlatformTools.logInfo (../../../src/platform/PlatformTools.ts:262:17)

    console.log
      query: COMMIT

      at PlatformTools.logInfo (../../../src/platform/PlatformTools.ts:262:17)

    console.log
      query: SELECT set_config('app.current_tenant_id', $1, $2) -- PARAMETERS: 
["a1000000-0000-0000-0000-000000000001",false]

      at PlatformTools.logInfo (../../../src/platform/PlatformTools.ts:262:17)

    console.log
      query: SELECT DISTINCT "distinctAlias"."TimingRecord_id" AS "ids_TimingRecord_id" FROM (SELECT 
"TimingRecord"."id" AS "TimingRecord_id", "TimingRecord"."record_type" AS "TimingRecord_record_type", 
"TimingRecord"."recorded_at" AS "TimingRecord_recorded_at", "TimingRecord"."is_approved" AS 
"TimingRecord_is_approved", "TimingRecord"."elimination_type" AS "TimingRecord_elimination_type", 
"TimingRecord"."elimination_reason" AS "TimingRecord_elimination_reason", "TimingRecord"."scheduled_departure_time" AS 
"TimingRecord_scheduled_departure_time", "TimingRecord"."is_void" AS "TimingRecord_is_void", 
"TimingRecord"."void_reason" AS "TimingRecord_void_reason", "TimingRecord"."is_automatic" AS 
"TimingRecord_is_automatic", "TimingRecord"."created_at" AS "TimingRecord_created_at", "TimingRecord"."updated_at" AS 
"TimingRecord_updated_at", "TimingRecord"."tenant_id" AS "TimingRecord_tenant_id", "TimingRecord"."entry_id" AS 
"TimingRecord_entry_id", "TimingRecord"."stage_id" AS "TimingRecord_stage_id", "TimingRecord__TimingRecord_entry"."id" 
AS "TimingRecord__TimingRecord_entry_id", "TimingRecord__TimingRecord_entry"."bib_number" AS 
"TimingRecord__TimingRecord_entry_bib_number", "TimingRecord__TimingRecord_entry"."status" AS 
"TimingRecord__TimingRecord_entry_status", "TimingRecord__TimingRecord_entry"."qualifies_for_points" AS 
"TimingRecord__TimingRecord_entry_qualifies_for_points", "TimingRecord__TimingRecord_entry"."final_position" AS 
"TimingRecord__TimingRecord_entry_final_position", "TimingRecord__TimingRecord_entry"."ballast_weight" AS 
"TimingRecord__TimingRecord_entry_ballast_weight", "TimingRecord__TimingRecord_entry"."rider_weight" AS 
"TimingRecord__TimingRecord_entry_rider_weight", "TimingRecord__TimingRecord_entry"."tack_weight" AS 
"TimingRecord__TimingRecord_entry_tack_weight", "TimingRecord__TimingRecord_entry"."sealed_items" AS 
"TimingRecord__TimingRecord_entry_sealed_items", "TimingRecord__TimingRecord_entry"."seal_number" AS 
"TimingRecord__TimingRecord_entry_seal_number", "TimingRecord__TimingRecord_entry"."weigh_in_at" AS 
"TimingRecord__TimingRecord_entry_weigh_in_at", "TimingRecord__TimingRecord_entry"."created_at" AS 
"TimingRecord__TimingRecord_entry_created_at", "TimingRecord__TimingRecord_entry"."updated_at" AS 
"TimingRecord__TimingRecord_entry_updated_at", "TimingRecord__TimingRecord_entry"."competition_id" AS 
"TimingRecord__TimingRecord_entry_competition_id", "TimingRecord__TimingRecord_entry"."rider_id" AS 
"TimingRecord__TimingRecord_entry_rider_id", "TimingRecord__TimingRecord_entry"."horse_id" AS 
"TimingRecord__TimingRecord_entry_horse_id", "TimingRecord__TimingRecord_entry"."represented_tenant_id" AS 
"TimingRecord__TimingRecord_entry_represented_tenant_id", "TimingRecord__TimingRecord_entry"."tenant_id" AS 
"TimingRecord__TimingRecord_entry_tenant_id", "TimingRecord__TimingRecord_entry"."current_stage_id" AS 
"TimingRecord__TimingRecord_entry_current_stage_id", "02a6c395fddb385e40c2ea4bf21e828f3e01ae8f"."id" AS 
"02a6c395fddb385e40c2ea4bf21e828f3e01ae8f_id", "02a6c395fddb385e40c2ea4bf21e828f3e01ae8f"."name" AS 
"02a6c395fddb385e40c2ea4bf21e828f3e01ae8f_name", "02a6c395fddb385e40c2ea4bf21e828f3e01ae8f"."competition_date" AS 
"02a6c395fddb385e40c2ea4bf21e828f3e01ae8f_competition_date", "02a6c395fddb385e40c2ea4bf21e828f3e01ae8f"."start_time" 
AS "02a6c395fddb385e40c2ea4bf21e828f3e01ae8f_start_time", "02a6c395fddb385e40c2ea4bf21e828f3e01ae8f"."location" AS 
"02a6c395fddb385e40c2ea4bf21e828f3e01ae8f_location", "02a6c395fddb385e40c2ea4bf21e828f3e01ae8f"."is_federated" AS 
"02a6c395fddb385e40c2ea4bf21e828f3e01ae8f_is_federated", "02a6c395fddb385e40c2ea4bf21e828f3e01ae8f"."max_heart_rate" 
AS "02a6c395fddb385e40c2ea4bf21e828f3e01ae8f_max_heart_rate", "02a6c395fddb385e40c2ea4bf21e828f3e01ae8f"."status" AS 
"02a6c395fddb385e40c2ea4bf21e828f3e01ae8f_status", "02a6c395fddb385e40c2ea4bf21e828f3e01ae8f"."created_at" AS 
"02a6c395fddb385e40c2ea4bf21e828f3e01ae8f_created_at", "02a6c395fddb385e40c2ea4bf21e828f3e01ae8f"."tenant_id" AS 
"02a6c395fddb385e40c2ea4bf21e828f3e01ae8f_tenant_id", "02a6c395fddb385e40c2ea4bf21e828f3e01ae8f"."competition_type_id" 
AS "02a6c395fddb385e40c2ea4bf21e828f3e01ae8f_competition_type_id", "b73d0e669e53ec3fb09ab10daf78ab79c6880434"."id" AS 
"b73d0e669e53ec3fb09ab10daf78ab79c6880434_id", "b73d0e669e53ec3fb09ab10daf78ab79c6880434"."name" AS 
"b73d0e669e53ec3fb09ab10daf78ab79c6880434_name", "b73d0e669e53ec3fb09ab10daf78ab79c6880434"."location" AS 
"b73d0e669e53ec3fb09ab10daf78ab79c6880434_location", "b73d0e669e53ec3fb09ab10daf78ab79c6880434"."created_at" AS 
"b73d0e669e53ec3fb09ab10daf78ab79c6880434_created_at", "TimingRecord__TimingRecord_stage"."id" AS 
"TimingRecord__TimingRecord_stage_id", "TimingRecord__TimingRecord_stage"."stage_number" AS 
"TimingRecord__TimingRecord_stage_stage_number", "TimingRecord__TimingRecord_stage"."distance_km" AS 
"TimingRecord__TimingRecord_stage_distance_km", "TimingRecord__TimingRecord_stage"."neutralization_minutes" AS 
"TimingRecord__TimingRecord_stage_neutralization_minutes", "TimingRecord__TimingRecord_stage"."tenant_id" AS 
"TimingRecord__TimingRecord_stage_tenant_id", "TimingRecord__TimingRecord_stage"."competition_id" AS 
"TimingRecord__TimingRecord_stage_competition_id" FROM "timing_records" "TimingRecord" LEFT JOIN "competition_entries" 
"TimingRecord__TimingRecord_entry" ON "TimingRecord__TimingRecord_entry"."id"="TimingRecord"."entry_id"  LEFT JOIN 
"competitions" "02a6c395fddb385e40c2ea4bf21e828f3e01ae8f" ON 
"02a6c395fddb385e40c2ea4bf21e828f3e01ae8f"."id"="TimingRecord__TimingRecord_entry"."competition_id"  LEFT JOIN 
"tenants" "b73d0e669e53ec3fb09ab10daf78ab79c6880434" ON 
"b73d0e669e53ec3fb09ab10daf78ab79c6880434"."id"="02a6c395fddb385e40c2ea4bf21e828f3e01ae8f"."tenant_id"  LEFT JOIN 
"stages" "TimingRecord__TimingRecord_stage" ON "TimingRecord__TimingRecord_stage"."id"="TimingRecord"."stage_id" WHERE 
(("TimingRecord"."id" = $1))) "distinctAlias" ORDER BY "TimingRecord_id" ASC LIMIT 1 -- PARAMETERS: 
["8ec7096d-bde1-4b55-bc54-a92a3deef7df"]

      at PlatformTools.logInfo (../../../src/platform/PlatformTools.ts:262:17)

    console.log
      query: SELECT set_config('app.current_tenant_id', $1, $2) -- PARAMETERS: 
["a1000000-0000-0000-0000-000000000001",false]

      at PlatformTools.logInfo (../../../src/platform/PlatformTools.ts:262:17)

    console.log
      query: SELECT "TimingRecord"."id" AS "TimingRecord_id", "TimingRecord"."record_type" AS 
"TimingRecord_record_type", "TimingRecord"."recorded_at" AS "TimingRecord_recorded_at", "TimingRecord"."is_approved" 
AS "TimingRecord_is_approved", "TimingRecord"."elimination_type" AS "TimingRecord_elimination_type", 
"TimingRecord"."elimination_reason" AS "TimingRecord_elimination_reason", "TimingRecord"."scheduled_departure_time" AS 
"TimingRecord_scheduled_departure_time", "TimingRecord"."is_void" AS "TimingRecord_is_void", 
"TimingRecord"."void_reason" AS "TimingRecord_void_reason", "TimingRecord"."is_automatic" AS 
"TimingRecord_is_automatic", "TimingRecord"."created_at" AS "TimingRecord_created_at", "TimingRecord"."updated_at" AS 
"TimingRecord_updated_at", "TimingRecord"."tenant_id" AS "TimingRecord_tenant_id", "TimingRecord"."entry_id" AS 
"TimingRecord_entry_id", "TimingRecord"."stage_id" AS "TimingRecord_stage_id", "TimingRecord__TimingRecord_entry"."id" 
AS "TimingRecord__TimingRecord_entry_id", "TimingRecord__TimingRecord_entry"."bib_number" AS 
"TimingRecord__TimingRecord_entry_bib_number", "TimingRecord__TimingRecord_entry"."status" AS 
"TimingRecord__TimingRecord_entry_status", "TimingRecord__TimingRecord_entry"."qualifies_for_points" AS 
"TimingRecord__TimingRecord_entry_qualifies_for_points", "TimingRecord__TimingRecord_entry"."final_position" AS 
"TimingRecord__TimingRecord_entry_final_position", "TimingRecord__TimingRecord_entry"."ballast_weight" AS 
"TimingRecord__TimingRecord_entry_ballast_weight", "TimingRecord__TimingRecord_entry"."rider_weight" AS 
"TimingRecord__TimingRecord_entry_rider_weight", "TimingRecord__TimingRecord_entry"."tack_weight" AS 
"TimingRecord__TimingRecord_entry_tack_weight", "TimingRecord__TimingRecord_entry"."sealed_items" AS 
"TimingRecord__TimingRecord_entry_sealed_items", "TimingRecord__TimingRecord_entry"."seal_number" AS 
"TimingRecord__TimingRecord_entry_seal_number", "TimingRecord__TimingRecord_entry"."weigh_in_at" AS 
"TimingRecord__TimingRecord_entry_weigh_in_at", "TimingRecord__TimingRecord_entry"."created_at" AS 
"TimingRecord__TimingRecord_entry_created_at", "TimingRecord__TimingRecord_entry"."updated_at" AS 
"TimingRecord__TimingRecord_entry_updated_at", "TimingRecord__TimingRecord_entry"."competition_id" AS 
"TimingRecord__TimingRecord_entry_competition_id", "TimingRecord__TimingRecord_entry"."rider_id" AS 
"TimingRecord__TimingRecord_entry_rider_id", "TimingRecord__TimingRecord_entry"."horse_id" AS 
"TimingRecord__TimingRecord_entry_horse_id", "TimingRecord__TimingRecord_entry"."represented_tenant_id" AS 
"TimingRecord__TimingRecord_entry_represented_tenant_id", "TimingRecord__TimingRecord_entry"."tenant_id" AS 
"TimingRecord__TimingRecord_entry_tenant_id", "TimingRecord__TimingRecord_entry"."current_stage_id" AS 
"TimingRecord__TimingRecord_entry_current_stage_id", "02a6c395fddb385e40c2ea4bf21e828f3e01ae8f"."id" AS 
"02a6c395fddb385e40c2ea4bf21e828f3e01ae8f_id", "02a6c395fddb385e40c2ea4bf21e828f3e01ae8f"."name" AS 
"02a6c395fddb385e40c2ea4bf21e828f3e01ae8f_name", "02a6c395fddb385e40c2ea4bf21e828f3e01ae8f"."competition_date" AS 
"02a6c395fddb385e40c2ea4bf21e828f3e01ae8f_competition_date", "02a6c395fddb385e40c2ea4bf21e828f3e01ae8f"."start_time" 
AS "02a6c395fddb385e40c2ea4bf21e828f3e01ae8f_start_time", "02a6c395fddb385e40c2ea4bf21e828f3e01ae8f"."location" AS 
"02a6c395fddb385e40c2ea4bf21e828f3e01ae8f_location", "02a6c395fddb385e40c2ea4bf21e828f3e01ae8f"."is_federated" AS 
"02a6c395fddb385e40c2ea4bf21e828f3e01ae8f_is_federated", "02a6c395fddb385e40c2ea4bf21e828f3e01ae8f"."max_heart_rate" 
AS "02a6c395fddb385e40c2ea4bf21e828f3e01ae8f_max_heart_rate", "02a6c395fddb385e40c2ea4bf21e828f3e01ae8f"."status" AS 
"02a6c395fddb385e40c2ea4bf21e828f3e01ae8f_status", "02a6c395fddb385e40c2ea4bf21e828f3e01ae8f"."created_at" AS 
"02a6c395fddb385e40c2ea4bf21e828f3e01ae8f_created_at", "02a6c395fddb385e40c2ea4bf21e828f3e01ae8f"."tenant_id" AS 
"02a6c395fddb385e40c2ea4bf21e828f3e01ae8f_tenant_id", "02a6c395fddb385e40c2ea4bf21e828f3e01ae8f"."competition_type_id" 
AS "02a6c395fddb385e40c2ea4bf21e828f3e01ae8f_competition_type_id", "b73d0e669e53ec3fb09ab10daf78ab79c6880434"."id" AS 
"b73d0e669e53ec3fb09ab10daf78ab79c6880434_id", "b73d0e669e53ec3fb09ab10daf78ab79c6880434"."name" AS 
"b73d0e669e53ec3fb09ab10daf78ab79c6880434_name", "b73d0e669e53ec3fb09ab10daf78ab79c6880434"."location" AS 
"b73d0e669e53ec3fb09ab10daf78ab79c6880434_location", "b73d0e669e53ec3fb09ab10daf78ab79c6880434"."created_at" AS 
"b73d0e669e53ec3fb09ab10daf78ab79c6880434_created_at", "TimingRecord__TimingRecord_stage"."id" AS 
"TimingRecord__TimingRecord_stage_id", "TimingRecord__TimingRecord_stage"."stage_number" AS 
"TimingRecord__TimingRecord_stage_stage_number", "TimingRecord__TimingRecord_stage"."distance_km" AS 
"TimingRecord__TimingRecord_stage_distance_km", "TimingRecord__TimingRecord_stage"."neutralization_minutes" AS 
"TimingRecord__TimingRecord_stage_neutralization_minutes", "TimingRecord__TimingRecord_stage"."tenant_id" AS 
"TimingRecord__TimingRecord_stage_tenant_id", "TimingRecord__TimingRecord_stage"."competition_id" AS 
"TimingRecord__TimingRecord_stage_competition_id" FROM "timing_records" "TimingRecord" LEFT JOIN "competition_entries" 
"TimingRecord__TimingRecord_entry" ON "TimingRecord__TimingRecord_entry"."id"="TimingRecord"."entry_id"  LEFT JOIN 
"competitions" "02a6c395fddb385e40c2ea4bf21e828f3e01ae8f" ON 
"02a6c395fddb385e40c2ea4bf21e828f3e01ae8f"."id"="TimingRecord__TimingRecord_entry"."competition_id"  LEFT JOIN 
"tenants" "b73d0e669e53ec3fb09ab10daf78ab79c6880434" ON 
"b73d0e669e53ec3fb09ab10daf78ab79c6880434"."id"="02a6c395fddb385e40c2ea4bf21e828f3e01ae8f"."tenant_id"  LEFT JOIN 
"stages" "TimingRecord__TimingRecord_stage" ON "TimingRecord__TimingRecord_stage"."id"="TimingRecord"."stage_id" WHERE 
( (("TimingRecord"."id" = $1)) ) AND ( "TimingRecord"."id" IN ($2) ) -- PARAMETERS: 
["8ec7096d-bde1-4b55-bc54-a92a3deef7df","8ec7096d-bde1-4b55-bc54-a92a3deef7df"]

      at PlatformTools.logInfo (../../../src/platform/PlatformTools.ts:262:17)

    console.error
      [VetInspectionController Error]: ForbiddenException: Acci├│n rechazada: El binomio con dorsal 901 est├í fuera de 
competencia (DQ).
          at VetInspectionsService.create (C:\Users\hp\Documents\GitHub 
Proyectos\equuscronos\apps\api\src\modules\vet-inspections\vet-inspections.service.ts:63:13)
          at processTicksAndRejections (node:internal/process/task_queues:104:5)
          at VetInspectionsController.create (C:\Users\hp\Documents\GitHub 
Proyectos\equuscronos\apps\api\src\modules\vet-inspections\vet-inspections.controller.ts:19:14) {
        response: {
          message: 'Acci├│n rechazada: El binomio con dorsal 901 est├í fuera de competencia (DQ).',
          error: 'Forbidden',
          statusCode: 403
        },
        status: 403,
        options: {}
      }

    [0m [90m 19 |[39m       [36mreturn[39m [36mawait[39m 
[36mthis[39m[33m.[39mvetInspectionsService[33m.[39mcreate(createVetInspectionDto)[33m;[39m
     [90m 20 |[39m     } [36mcatch[39m (err) {
    [31m[1m>[22m[39m[90m 21 |[39m       console[33m.[39merror([32m"[VetInspectionController 
Error]:"[39m[33m,[39m err)[33m;[39m
     [90m    |[39m               [31m[1m^[22m[39m
     [90m 22 |[39m       [36mthrow[39m err[33m;[39m
     [90m 23 |[39m     }
     [90m 24 |[39m   }[0m

      at VetInspectionsController.create (../src/modules/vet-inspections/vet-inspections.controller.ts:21:15)

    console.log
      query: SELECT set_config('app.current_tenant_id', $1, $2) -- PARAMETERS: ["",false]

      at PlatformTools.logInfo (../../../src/platform/PlatformTools.ts:262:17)

    console.log
      query: 
              SELECT is_approved, elimination_type, elimination_reason FROM timing_records WHERE id = 
'8ec7096d-bde1-4b55-bc54-a92a3deef7df';

      at PlatformTools.logInfo (../../../src/platform/PlatformTools.ts:262:17)

    console.log
      query: SELECT set_config('app.current_tenant_id', $1, $2) -- PARAMETERS: ["",false]

      at PlatformTools.logInfo (../../../src/platform/PlatformTools.ts:262:17)

    console.log
      query: 
              SELECT status FROM competition_entries WHERE id = '52893c21-448f-42a4-8194-f599c2941222';

      at PlatformTools.logInfo (../../../src/platform/PlatformTools.ts:262:17)

    console.log
      query: SELECT set_config('app.current_tenant_id', $1, $2) -- PARAMETERS: ["",false]

      at PlatformTools.logInfo (../../../src/platform/PlatformTools.ts:262:17)

    console.log
      query: DELETE FROM vet_inspections;

      at PlatformTools.logInfo (../../../src/platform/PlatformTools.ts:262:17)

    console.log
      query: SELECT set_config('app.current_tenant_id', $1, $2) -- PARAMETERS: ["",false]

      at PlatformTools.logInfo (../../../src/platform/PlatformTools.ts:262:17)

    console.log
      query: DELETE FROM timing_records;

      at PlatformTools.logInfo (../../../src/platform/PlatformTools.ts:262:17)

    console.log
      query: SELECT set_config('app.current_tenant_id', $1, $2) -- PARAMETERS: ["",false]

      at PlatformTools.logInfo (../../../src/platform/PlatformTools.ts:262:17)

    console.log
      query: DELETE FROM competition_entries WHERE competition_id = '46c2b086-cb71-4c28-91dc-d377c5e3fd61';

      at PlatformTools.logInfo (../../../src/platform/PlatformTools.ts:262:17)

    console.log
      query: SELECT set_config('app.current_tenant_id', $1, $2) -- PARAMETERS: ["",false]

      at PlatformTools.logInfo (../../../src/platform/PlatformTools.ts:262:17)

    console.log
      query: DELETE FROM stages WHERE competition_id = '46c2b086-cb71-4c28-91dc-d377c5e3fd61';

      at PlatformTools.logInfo (../../../src/platform/PlatformTools.ts:262:17)

    console.log
      query: SELECT set_config('app.current_tenant_id', $1, $2) -- PARAMETERS: ["",false]

      at PlatformTools.logInfo (../../../src/platform/PlatformTools.ts:262:17)

    console.log
      query: DELETE FROM competitions WHERE id = '46c2b086-cb71-4c28-91dc-d377c5e3fd61';

      at PlatformTools.logInfo (../../../src/platform/PlatformTools.ts:262:17)

    console.log
      query: SELECT set_config('app.current_tenant_id', $1, $2) -- PARAMETERS: ["",false]

      at PlatformTools.logInfo (../../../src/platform/PlatformTools.ts:262:17)

    console.log
      query: DELETE FROM horses WHERE id = 'c3bdcd95-698f-498f-8a7b-475b6336d852';

      at PlatformTools.logInfo (../../../src/platform/PlatformTools.ts:262:17)

    console.log
      query: SELECT set_config('app.current_tenant_id', $1, $2) -- PARAMETERS: ["",false]

      at PlatformTools.logInfo (../../../src/platform/PlatformTools.ts:262:17)

    console.log
      query: DELETE FROM riders WHERE id = '2dd61d3a-8bfc-406a-874c-f839bb485443';

      at PlatformTools.logInfo (../../../src/platform/PlatformTools.ts:262:17)

    console.log
      query: SELECT set_config('app.current_tenant_id', $1, $2) -- PARAMETERS: ["",false]

      at PlatformTools.logInfo (../../../src/platform/PlatformTools.ts:262:17)

    console.log
      query: DELETE FROM owners WHERE id = 'e95f1d51-6649-429e-a43d-3a69dedbc202';

      at PlatformTools.logInfo (../../../src/platform/PlatformTools.ts:262:17)

    console.log
      query: SELECT set_config('app.current_tenant_id', $1, $2) -- PARAMETERS: ["",false]

      at PlatformTools.logInfo (../../../src/platform/PlatformTools.ts:262:17)

    console.log
      query: DELETE FROM competition_entries WHERE bib_number = 901;

      at PlatformTools.logInfo (../../../src/platform/PlatformTools.ts:262:17)

    console.log
      query: SELECT set_config('app.current_tenant_id', $1, $2) -- PARAMETERS: ["",false]

      at PlatformTools.logInfo (../../../src/platform/PlatformTools.ts:262:17)

    console.log
      query: DELETE FROM horses WHERE feu_id = 'FEU-H-901';

      at PlatformTools.logInfo (../../../src/platform/PlatformTools.ts:262:17)

    console.log
      query: SELECT set_config('app.current_tenant_id', $1, $2) -- PARAMETERS: ["",false]

      at PlatformTools.logInfo (../../../src/platform/PlatformTools.ts:262:17)

    console.log
      query: DELETE FROM riders WHERE feu_id = 'FEU-R-901';

      at PlatformTools.logInfo (../../../src/platform/PlatformTools.ts:262:17)

    console.log
      query: SELECT set_config('app.current_tenant_id', $1, $2) -- PARAMETERS: ["",false]

      at PlatformTools.logInfo (../../../src/platform/PlatformTools.ts:262:17)

    console.log
      query: 
              INSERT INTO competitions (id, tenant_id, competition_type_id, name, status, location, competition_date)
              VALUES ('819035f1-f1b0-4afd-97cd-748ab886b893', 'a1000000-0000-0000-0000-000000000001', 
'c1000000-0000-0000-0000-000000000001', 'Test E2E Competition', 'ACTIVE', 'Melo', '2026-06-10');

      at PlatformTools.logInfo (../../../src/platform/PlatformTools.ts:262:17)

    console.log
      query: SELECT set_config('app.current_tenant_id', $1, $2) -- PARAMETERS: ["",false]

      at PlatformTools.logInfo (../../../src/platform/PlatformTools.ts:262:17)

    console.log
      query: 
              INSERT INTO stages (id, tenant_id, competition_id, stage_number, distance_km, neutralization_minutes)
              VALUES 
                ('69f19308-fc90-478b-9e3e-0edd39a5105a', 'a1000000-0000-0000-0000-000000000001', 
'819035f1-f1b0-4afd-97cd-748ab886b893', 1, 30.00, 30),
                ('1adafb24-27bc-498f-82e2-d616523f92ae', 'a1000000-0000-0000-0000-000000000001', 
'819035f1-f1b0-4afd-97cd-748ab886b893', 2, 20.00, 0);

      at PlatformTools.logInfo (../../../src/platform/PlatformTools.ts:262:17)

    console.log
      query: SELECT set_config('app.current_tenant_id', $1, $2) -- PARAMETERS: ["",false]

      at PlatformTools.logInfo (../../../src/platform/PlatformTools.ts:262:17)

    console.log
      query: 
              INSERT INTO owners (id, name, type) VALUES ('89988a74-a6e6-47cf-b8c1-ab3edca77536', 'Owner E2E', 
'PERSON');

      at PlatformTools.logInfo (../../../src/platform/PlatformTools.ts:262:17)

    console.log
      query: SELECT set_config('app.current_tenant_id', $1, $2) -- PARAMETERS: ["",false]

      at PlatformTools.logInfo (../../../src/platform/PlatformTools.ts:262:17)

    console.log
      query: 
              INSERT INTO horses (id, name, feu_id, chip_id, is_feu_active, owner_id)
              VALUES ('157aed34-d6b9-41cd-846f-a391cdebcd21', 'Test E2E Horse', 'FEU-H-901', 'CHIP-901', TRUE, 
'89988a74-a6e6-47cf-b8c1-ab3edca77536');

      at PlatformTools.logInfo (../../../src/platform/PlatformTools.ts:262:17)

    console.log
      query: SELECT set_config('app.current_tenant_id', $1, $2) -- PARAMETERS: ["",false]

      at PlatformTools.logInfo (../../../src/platform/PlatformTools.ts:262:17)

    console.log
      query: 
              INSERT INTO riders (id, name, national_id, feu_id, is_feu_active)
              VALUES ('61663288-1d43-4018-b014-4791f5b0a7b8', 'Test E2E Rider', '9.999.999-9', 'FEU-R-901', TRUE);

      at PlatformTools.logInfo (../../../src/platform/PlatformTools.ts:262:17)

    console.log
      query: SELECT set_config('app.current_tenant_id', $1, $2) -- PARAMETERS: ["",false]

      at PlatformTools.logInfo (../../../src/platform/PlatformTools.ts:262:17)

    console.log
      query: 
              INSERT INTO competition_entries (id, tenant_id, competition_id, rider_id, horse_id, bib_number, status, 
current_stage_id)
              VALUES ('2d6c9e7a-2804-456b-9645-685353297b46', 'a1000000-0000-0000-0000-000000000001', 
'819035f1-f1b0-4afd-97cd-748ab886b893', '61663288-1d43-4018-b014-4791f5b0a7b8', 
'157aed34-d6b9-41cd-846f-a391cdebcd21', 901, 'IN_RACE', '69f19308-fc90-478b-9e3e-0edd39a5105a');

      at PlatformTools.logInfo (../../../src/platform/PlatformTools.ts:262:17)

    console.log
      query: SELECT set_config('app.current_tenant_id', $1, $2) -- PARAMETERS: ["",false]

      at PlatformTools.logInfo (../../../src/platform/PlatformTools.ts:262:17)

    console.log
      query: 
              INSERT INTO timing_records (id, tenant_id, entry_id, stage_id, record_type, recorded_at, is_approved)
              VALUES ('bb16e05d-dd68-4df1-aa47-fe2cd949d4b5', 'a1000000-0000-0000-0000-000000000001', 
'2d6c9e7a-2804-456b-9645-685353297b46', '69f19308-fc90-478b-9e3e-0edd39a5105a', 'START', '2026-06-10 08:00:00-03', 
TRUE);

      at PlatformTools.logInfo (../../../src/platform/PlatformTools.ts:262:17)

    console.log
      query: SELECT set_config('app.current_tenant_id', $1, $2) -- PARAMETERS: 
["a1000000-0000-0000-0000-000000000001",true]

      at PlatformTools.logInfo (../../../src/platform/PlatformTools.ts:262:17)

    console.log
      query: START TRANSACTION

      at PlatformTools.logInfo (../../../src/platform/PlatformTools.ts:262:17)

    console.log
      query: SELECT set_config('app.current_tenant_id', $1, $2) -- PARAMETERS: 
["a1000000-0000-0000-0000-000000000001",true]

      at PlatformTools.logInfo (../../../src/platform/PlatformTools.ts:262:17)

    console.log
      query: SELECT DISTINCT "distinctAlias"."CompetitionEntry_id" AS "ids_CompetitionEntry_id" FROM (SELECT 
"CompetitionEntry"."id" AS "CompetitionEntry_id", "CompetitionEntry"."bib_number" AS "CompetitionEntry_bib_number", 
"CompetitionEntry"."status" AS "CompetitionEntry_status", "CompetitionEntry"."qualifies_for_points" AS 
"CompetitionEntry_qualifies_for_points", "CompetitionEntry"."final_position" AS "CompetitionEntry_final_position", 
"CompetitionEntry"."ballast_weight" AS "CompetitionEntry_ballast_weight", "CompetitionEntry"."rider_weight" AS 
"CompetitionEntry_rider_weight", "CompetitionEntry"."tack_weight" AS "CompetitionEntry_tack_weight", 
"CompetitionEntry"."sealed_items" AS "CompetitionEntry_sealed_items", "CompetitionEntry"."seal_number" AS 
"CompetitionEntry_seal_number", "CompetitionEntry"."weigh_in_at" AS "CompetitionEntry_weigh_in_at", 
"CompetitionEntry"."created_at" AS "CompetitionEntry_created_at", "CompetitionEntry"."updated_at" AS 
"CompetitionEntry_updated_at", "CompetitionEntry"."competition_id" AS "CompetitionEntry_competition_id", 
"CompetitionEntry"."rider_id" AS "CompetitionEntry_rider_id", "CompetitionEntry"."horse_id" AS 
"CompetitionEntry_horse_id", "CompetitionEntry"."represented_tenant_id" AS "CompetitionEntry_represented_tenant_id", 
"CompetitionEntry"."tenant_id" AS "CompetitionEntry_tenant_id", "CompetitionEntry"."current_stage_id" AS 
"CompetitionEntry_current_stage_id" FROM "competition_entries" "CompetitionEntry" LEFT JOIN "competitions" 
"CompetitionEntry__CompetitionEntry_competition" ON 
"CompetitionEntry__CompetitionEntry_competition"."id"="CompetitionEntry"."competition_id" WHERE 
(((("CompetitionEntry__CompetitionEntry_competition"."id" = $1))) AND ("CompetitionEntry"."bib_number" = $2))) 
"distinctAlias" ORDER BY "CompetitionEntry_id" ASC LIMIT 1 -- PARAMETERS: ["819035f1-f1b0-4afd-97cd-748ab886b893",901]

      at PlatformTools.logInfo (../../../src/platform/PlatformTools.ts:262:17)

    console.log
      query: SELECT set_config('app.current_tenant_id', $1, $2) -- PARAMETERS: 
["a1000000-0000-0000-0000-000000000001",true]

      at PlatformTools.logInfo (../../../src/platform/PlatformTools.ts:262:17)

    console.log
      query: SELECT "CompetitionEntry"."id" AS "CompetitionEntry_id", "CompetitionEntry"."bib_number" AS 
"CompetitionEntry_bib_number", "CompetitionEntry"."status" AS "CompetitionEntry_status", 
"CompetitionEntry"."qualifies_for_points" AS "CompetitionEntry_qualifies_for_points", 
"CompetitionEntry"."final_position" AS "CompetitionEntry_final_position", "CompetitionEntry"."ballast_weight" AS 
"CompetitionEntry_ballast_weight", "CompetitionEntry"."rider_weight" AS "CompetitionEntry_rider_weight", 
"CompetitionEntry"."tack_weight" AS "CompetitionEntry_tack_weight", "CompetitionEntry"."sealed_items" AS 
"CompetitionEntry_sealed_items", "CompetitionEntry"."seal_number" AS "CompetitionEntry_seal_number", 
"CompetitionEntry"."weigh_in_at" AS "CompetitionEntry_weigh_in_at", "CompetitionEntry"."created_at" AS 
"CompetitionEntry_created_at", "CompetitionEntry"."updated_at" AS "CompetitionEntry_updated_at", 
"CompetitionEntry"."competition_id" AS "CompetitionEntry_competition_id", "CompetitionEntry"."rider_id" AS 
"CompetitionEntry_rider_id", "CompetitionEntry"."horse_id" AS "CompetitionEntry_horse_id", 
"CompetitionEntry"."represented_tenant_id" AS "CompetitionEntry_represented_tenant_id", "CompetitionEntry"."tenant_id" 
AS "CompetitionEntry_tenant_id", "CompetitionEntry"."current_stage_id" AS "CompetitionEntry_current_stage_id" FROM 
"competition_entries" "CompetitionEntry" LEFT JOIN "competitions" "CompetitionEntry__CompetitionEntry_competition" ON 
"CompetitionEntry__CompetitionEntry_competition"."id"="CompetitionEntry"."competition_id" WHERE ( 
(((("CompetitionEntry__CompetitionEntry_competition"."id" = $1))) AND ("CompetitionEntry"."bib_number" = $2)) ) AND ( 
"CompetitionEntry"."id" IN ($3) ) -- PARAMETERS: 
["819035f1-f1b0-4afd-97cd-748ab886b893",901,"2d6c9e7a-2804-456b-9645-685353297b46"]

      at PlatformTools.logInfo (../../../src/platform/PlatformTools.ts:262:17)

    console.log
      query: SELECT set_config('app.current_tenant_id', $1, $2) -- PARAMETERS: 
["a1000000-0000-0000-0000-000000000001",true]

      at PlatformTools.logInfo (../../../src/platform/PlatformTools.ts:262:17)

    console.log
      query: SELECT "CompetitionEntry"."id" AS "CompetitionEntry_id", "CompetitionEntry"."bib_number" AS 
"CompetitionEntry_bib_number", "CompetitionEntry"."status" AS "CompetitionEntry_status", 
"CompetitionEntry"."qualifies_for_points" AS "CompetitionEntry_qualifies_for_points", 
"CompetitionEntry"."final_position" AS "CompetitionEntry_final_position", "CompetitionEntry"."ballast_weight" AS 
"CompetitionEntry_ballast_weight", "CompetitionEntry"."rider_weight" AS "CompetitionEntry_rider_weight", 
"CompetitionEntry"."tack_weight" AS "CompetitionEntry_tack_weight", "CompetitionEntry"."sealed_items" AS 
"CompetitionEntry_sealed_items", "CompetitionEntry"."seal_number" AS "CompetitionEntry_seal_number", 
"CompetitionEntry"."weigh_in_at" AS "CompetitionEntry_weigh_in_at", "CompetitionEntry"."created_at" AS 
"CompetitionEntry_created_at", "CompetitionEntry"."updated_at" AS "CompetitionEntry_updated_at", 
"CompetitionEntry"."competition_id" AS "CompetitionEntry_competition_id", "CompetitionEntry"."rider_id" AS 
"CompetitionEntry_rider_id", "CompetitionEntry"."horse_id" AS "CompetitionEntry_horse_id", 
"CompetitionEntry"."represented_tenant_id" AS "CompetitionEntry_represented_tenant_id", "CompetitionEntry"."tenant_id" 
AS "CompetitionEntry_tenant_id", "CompetitionEntry"."current_stage_id" AS "CompetitionEntry_current_stage_id" FROM 
"competition_entries" "CompetitionEntry" WHERE (("CompetitionEntry"."id" = $1)) LIMIT 1 FOR UPDATE -- PARAMETERS: 
["2d6c9e7a-2804-456b-9645-685353297b46"]

      at PlatformTools.logInfo (../../../src/platform/PlatformTools.ts:262:17)

    console.log
      query: SELECT set_config('app.current_tenant_id', $1, $2) -- PARAMETERS: 
["a1000000-0000-0000-0000-000000000001",true]

      at PlatformTools.logInfo (../../../src/platform/PlatformTools.ts:262:17)

    console.log
      query: SELECT DISTINCT "distinctAlias"."CompetitionEntry_id" AS "ids_CompetitionEntry_id" FROM (SELECT 
"CompetitionEntry"."id" AS "CompetitionEntry_id", "CompetitionEntry"."bib_number" AS "CompetitionEntry_bib_number", 
"CompetitionEntry"."status" AS "CompetitionEntry_status", "CompetitionEntry"."qualifies_for_points" AS 
"CompetitionEntry_qualifies_for_points", "CompetitionEntry"."final_position" AS "CompetitionEntry_final_position", 
"CompetitionEntry"."ballast_weight" AS "CompetitionEntry_ballast_weight", "CompetitionEntry"."rider_weight" AS 
"CompetitionEntry_rider_weight", "CompetitionEntry"."tack_weight" AS "CompetitionEntry_tack_weight", 
"CompetitionEntry"."sealed_items" AS "CompetitionEntry_sealed_items", "CompetitionEntry"."seal_number" AS 
"CompetitionEntry_seal_number", "CompetitionEntry"."weigh_in_at" AS "CompetitionEntry_weigh_in_at", 
"CompetitionEntry"."created_at" AS "CompetitionEntry_created_at", "CompetitionEntry"."updated_at" AS 
"CompetitionEntry_updated_at", "CompetitionEntry"."competition_id" AS "CompetitionEntry_competition_id", 
"CompetitionEntry"."rider_id" AS "CompetitionEntry_rider_id", "CompetitionEntry"."horse_id" AS 
"CompetitionEntry_horse_id", "CompetitionEntry"."represented_tenant_id" AS "CompetitionEntry_represented_tenant_id", 
"CompetitionEntry"."tenant_id" AS "CompetitionEntry_tenant_id", "CompetitionEntry"."current_stage_id" AS 
"CompetitionEntry_current_stage_id", "CompetitionEntry__CompetitionEntry_competition"."id" AS 
"CompetitionEntry__CompetitionEntry_competition_id", "CompetitionEntry__CompetitionEntry_competition"."name" AS 
"CompetitionEntry__CompetitionEntry_competition_name", 
"CompetitionEntry__CompetitionEntry_competition"."competition_date" AS 
"CompetitionEntry__CompetitionEntry_competition_competition_date", 
"CompetitionEntry__CompetitionEntry_competition"."start_time" AS 
"CompetitionEntry__CompetitionEntry_competition_start_time", 
"CompetitionEntry__CompetitionEntry_competition"."location" AS 
"CompetitionEntry__CompetitionEntry_competition_location", 
"CompetitionEntry__CompetitionEntry_competition"."is_federated" AS 
"CompetitionEntry__CompetitionEntry_competition_is_federated", 
"CompetitionEntry__CompetitionEntry_competition"."max_heart_rate" AS 
"CompetitionEntry__CompetitionEntry_competition_max_heart_rate", 
"CompetitionEntry__CompetitionEntry_competition"."status" AS "CompetitionEntry__CompetitionEntry_competition_status", 
"CompetitionEntry__CompetitionEntry_competition"."created_at" AS 
"CompetitionEntry__CompetitionEntry_competition_created_at", 
"CompetitionEntry__CompetitionEntry_competition"."tenant_id" AS 
"CompetitionEntry__CompetitionEntry_competition_tenant_id", 
"CompetitionEntry__CompetitionEntry_competition"."competition_type_id" AS "cc0eeb8de475a642ca4d9779fefef42635e3845c", 
"CompetitionEntry__CompetitionEntry_horse"."id" AS "CompetitionEntry__CompetitionEntry_horse_id", 
"CompetitionEntry__CompetitionEntry_horse"."name" AS "CompetitionEntry__CompetitionEntry_horse_name", 
"CompetitionEntry__CompetitionEntry_horse"."feu_id" AS "CompetitionEntry__CompetitionEntry_horse_feu_id", 
"CompetitionEntry__CompetitionEntry_horse"."chip_id" AS "CompetitionEntry__CompetitionEntry_horse_chip_id", 
"CompetitionEntry__CompetitionEntry_horse"."is_feu_active" AS 
"CompetitionEntry__CompetitionEntry_horse_is_feu_active", 
"CompetitionEntry__CompetitionEntry_horse"."health_records_expiration" AS "dedba76606280d708ac64c91db18a5f00cb3599c", 
"CompetitionEntry__CompetitionEntry_horse"."created_at" AS "CompetitionEntry__CompetitionEntry_horse_created_at", 
"CompetitionEntry__CompetitionEntry_horse"."owner_id" AS "CompetitionEntry__CompetitionEntry_horse_owner_id", 
"CompetitionEntry__CompetitionEntry_rider"."id" AS "CompetitionEntry__CompetitionEntry_rider_id", 
"CompetitionEntry__CompetitionEntry_rider"."name" AS "CompetitionEntry__CompetitionEntry_rider_name", 
"CompetitionEntry__CompetitionEntry_rider"."national_id" AS "CompetitionEntry__CompetitionEntry_rider_national_id", 
"CompetitionEntry__CompetitionEntry_rider"."feu_id" AS "CompetitionEntry__CompetitionEntry_rider_feu_id", 
"CompetitionEntry__CompetitionEntry_rider"."is_feu_active" AS 
"CompetitionEntry__CompetitionEntry_rider_is_feu_active", "CompetitionEntry__CompetitionEntry_rider"."birth_date" AS 
"CompetitionEntry__CompetitionEntry_rider_birth_date", 
"CompetitionEntry__CompetitionEntry_rider"."medical_card_expiration" AS "f57bccd8570a71d1fd177940fac127c2a7190738", 
"CompetitionEntry__CompetitionEntry_rider"."created_at" AS "CompetitionEntry__CompetitionEntry_rider_created_at", 
"CompetitionEntry__CompetitionEntry_tenant"."id" AS "CompetitionEntry__CompetitionEntry_tenant_id", 
"CompetitionEntry__CompetitionEntry_tenant"."name" AS "CompetitionEntry__CompetitionEntry_tenant_name", 
"CompetitionEntry__CompetitionEntry_tenant"."location" AS "CompetitionEntry__CompetitionEntry_tenant_location", 
"CompetitionEntry__CompetitionEntry_tenant"."created_at" AS "CompetitionEntry__CompetitionEntry_tenant_created_at" 
FROM "competition_entries" "CompetitionEntry" LEFT JOIN "competitions" 
"CompetitionEntry__CompetitionEntry_competition" ON 
"CompetitionEntry__CompetitionEntry_competition"."id"="CompetitionEntry"."competition_id"  LEFT JOIN "horses" 
"CompetitionEntry__CompetitionEntry_horse" ON 
"CompetitionEntry__CompetitionEntry_horse"."id"="CompetitionEntry"."horse_id"  LEFT JOIN "riders" 
"CompetitionEntry__CompetitionEntry_rider" ON 
"CompetitionEntry__CompetitionEntry_rider"."id"="CompetitionEntry"."rider_id"  LEFT JOIN "tenants" 
"CompetitionEntry__CompetitionEntry_tenant" ON 
"CompetitionEntry__CompetitionEntry_tenant"."id"="CompetitionEntry"."tenant_id" WHERE (("CompetitionEntry"."id" = 
$1))) "distinctAlias" ORDER BY "CompetitionEntry_id" ASC LIMIT 1 -- PARAMETERS: 
["2d6c9e7a-2804-456b-9645-685353297b46"]

      at PlatformTools.logInfo (../../../src/platform/PlatformTools.ts:262:17)

    console.log
      query: SELECT set_config('app.current_tenant_id', $1, $2) -- PARAMETERS: 
["a1000000-0000-0000-0000-000000000001",true]

      at PlatformTools.logInfo (../../../src/platform/PlatformTools.ts:262:17)

    console.log
      query: SELECT "CompetitionEntry"."id" AS "CompetitionEntry_id", "CompetitionEntry"."bib_number" AS 
"CompetitionEntry_bib_number", "CompetitionEntry"."status" AS "CompetitionEntry_status", 
"CompetitionEntry"."qualifies_for_points" AS "CompetitionEntry_qualifies_for_points", 
"CompetitionEntry"."final_position" AS "CompetitionEntry_final_position", "CompetitionEntry"."ballast_weight" AS 
"CompetitionEntry_ballast_weight", "CompetitionEntry"."rider_weight" AS "CompetitionEntry_rider_weight", 
"CompetitionEntry"."tack_weight" AS "CompetitionEntry_tack_weight", "CompetitionEntry"."sealed_items" AS 
"CompetitionEntry_sealed_items", "CompetitionEntry"."seal_number" AS "CompetitionEntry_seal_number", 
"CompetitionEntry"."weigh_in_at" AS "CompetitionEntry_weigh_in_at", "CompetitionEntry"."created_at" AS 
"CompetitionEntry_created_at", "CompetitionEntry"."updated_at" AS "CompetitionEntry_updated_at", 
"CompetitionEntry"."competition_id" AS "CompetitionEntry_competition_id", "CompetitionEntry"."rider_id" AS 
"CompetitionEntry_rider_id", "CompetitionEntry"."horse_id" AS "CompetitionEntry_horse_id", 
"CompetitionEntry"."represented_tenant_id" AS "CompetitionEntry_represented_tenant_id", "CompetitionEntry"."tenant_id" 
AS "CompetitionEntry_tenant_id", "CompetitionEntry"."current_stage_id" AS "CompetitionEntry_current_stage_id", 
"CompetitionEntry__CompetitionEntry_competition"."id" AS "CompetitionEntry__CompetitionEntry_competition_id", 
"CompetitionEntry__CompetitionEntry_competition"."name" AS "CompetitionEntry__CompetitionEntry_competition_name", 
"CompetitionEntry__CompetitionEntry_competition"."competition_date" AS 
"CompetitionEntry__CompetitionEntry_competition_competition_date", 
"CompetitionEntry__CompetitionEntry_competition"."start_time" AS 
"CompetitionEntry__CompetitionEntry_competition_start_time", 
"CompetitionEntry__CompetitionEntry_competition"."location" AS 
"CompetitionEntry__CompetitionEntry_competition_location", 
"CompetitionEntry__CompetitionEntry_competition"."is_federated" AS 
"CompetitionEntry__CompetitionEntry_competition_is_federated", 
"CompetitionEntry__CompetitionEntry_competition"."max_heart_rate" AS 
"CompetitionEntry__CompetitionEntry_competition_max_heart_rate", 
"CompetitionEntry__CompetitionEntry_competition"."status" AS "CompetitionEntry__CompetitionEntry_competition_status", 
"CompetitionEntry__CompetitionEntry_competition"."created_at" AS 
"CompetitionEntry__CompetitionEntry_competition_created_at", 
"CompetitionEntry__CompetitionEntry_competition"."tenant_id" AS 
"CompetitionEntry__CompetitionEntry_competition_tenant_id", 
"CompetitionEntry__CompetitionEntry_competition"."competition_type_id" AS "cc0eeb8de475a642ca4d9779fefef42635e3845c", 
"CompetitionEntry__CompetitionEntry_horse"."id" AS "CompetitionEntry__CompetitionEntry_horse_id", 
"CompetitionEntry__CompetitionEntry_horse"."name" AS "CompetitionEntry__CompetitionEntry_horse_name", 
"CompetitionEntry__CompetitionEntry_horse"."feu_id" AS "CompetitionEntry__CompetitionEntry_horse_feu_id", 
"CompetitionEntry__CompetitionEntry_horse"."chip_id" AS "CompetitionEntry__CompetitionEntry_horse_chip_id", 
"CompetitionEntry__CompetitionEntry_horse"."is_feu_active" AS 
"CompetitionEntry__CompetitionEntry_horse_is_feu_active", 
"CompetitionEntry__CompetitionEntry_horse"."health_records_expiration" AS "dedba76606280d708ac64c91db18a5f00cb3599c", 
"CompetitionEntry__CompetitionEntry_horse"."created_at" AS "CompetitionEntry__CompetitionEntry_horse_created_at", 
"CompetitionEntry__CompetitionEntry_horse"."owner_id" AS "CompetitionEntry__CompetitionEntry_horse_owner_id", 
"CompetitionEntry__CompetitionEntry_rider"."id" AS "CompetitionEntry__CompetitionEntry_rider_id", 
"CompetitionEntry__CompetitionEntry_rider"."name" AS "CompetitionEntry__CompetitionEntry_rider_name", 
"CompetitionEntry__CompetitionEntry_rider"."national_id" AS "CompetitionEntry__CompetitionEntry_rider_national_id", 
"CompetitionEntry__CompetitionEntry_rider"."feu_id" AS "CompetitionEntry__CompetitionEntry_rider_feu_id", 
"CompetitionEntry__CompetitionEntry_rider"."is_feu_active" AS 
"CompetitionEntry__CompetitionEntry_rider_is_feu_active", "CompetitionEntry__CompetitionEntry_rider"."birth_date" AS 
"CompetitionEntry__CompetitionEntry_rider_birth_date", 
"CompetitionEntry__CompetitionEntry_rider"."medical_card_expiration" AS "f57bccd8570a71d1fd177940fac127c2a7190738", 
"CompetitionEntry__CompetitionEntry_rider"."created_at" AS "CompetitionEntry__CompetitionEntry_rider_created_at", 
"CompetitionEntry__CompetitionEntry_tenant"."id" AS "CompetitionEntry__CompetitionEntry_tenant_id", 
"CompetitionEntry__CompetitionEntry_tenant"."name" AS "CompetitionEntry__CompetitionEntry_tenant_name", 
"CompetitionEntry__CompetitionEntry_tenant"."location" AS "CompetitionEntry__CompetitionEntry_tenant_location", 
"CompetitionEntry__CompetitionEntry_tenant"."created_at" AS "CompetitionEntry__CompetitionEntry_tenant_created_at" 
FROM "competition_entries" "CompetitionEntry" LEFT JOIN "competitions" 
"CompetitionEntry__CompetitionEntry_competition" ON 
"CompetitionEntry__CompetitionEntry_competition"."id"="CompetitionEntry"."competition_id"  LEFT JOIN "horses" 
"CompetitionEntry__CompetitionEntry_horse" ON 
"CompetitionEntry__CompetitionEntry_horse"."id"="CompetitionEntry"."horse_id"  LEFT JOIN "riders" 
"CompetitionEntry__CompetitionEntry_rider" ON 
"CompetitionEntry__CompetitionEntry_rider"."id"="CompetitionEntry"."rider_id"  LEFT JOIN "tenants" 
"CompetitionEntry__CompetitionEntry_tenant" ON 
"CompetitionEntry__CompetitionEntry_tenant"."id"="CompetitionEntry"."tenant_id" WHERE ( (("CompetitionEntry"."id" = 
$1)) ) AND ( "CompetitionEntry"."id" IN ($2) ) -- PARAMETERS: 
["2d6c9e7a-2804-456b-9645-685353297b46","2d6c9e7a-2804-456b-9645-685353297b46"]

      at PlatformTools.logInfo (../../../src/platform/PlatformTools.ts:262:17)

    console.log
      query: SELECT set_config('app.current_tenant_id', $1, $2) -- PARAMETERS: 
["a1000000-0000-0000-0000-000000000001",true]

      at PlatformTools.logInfo (../../../src/platform/PlatformTools.ts:262:17)

    console.log
      query: SELECT "TimingRecord"."id" AS "TimingRecord_id", "TimingRecord"."record_type" AS 
"TimingRecord_record_type", "TimingRecord"."recorded_at" AS "TimingRecord_recorded_at", "TimingRecord"."is_approved" 
AS "TimingRecord_is_approved", "TimingRecord"."elimination_type" AS "TimingRecord_elimination_type", 
"TimingRecord"."elimination_reason" AS "TimingRecord_elimination_reason", "TimingRecord"."scheduled_departure_time" AS 
"TimingRecord_scheduled_departure_time", "TimingRecord"."is_void" AS "TimingRecord_is_void", 
"TimingRecord"."void_reason" AS "TimingRecord_void_reason", "TimingRecord"."is_automatic" AS 
"TimingRecord_is_automatic", "TimingRecord"."created_at" AS "TimingRecord_created_at", "TimingRecord"."updated_at" AS 
"TimingRecord_updated_at", "TimingRecord"."tenant_id" AS "TimingRecord_tenant_id", "TimingRecord"."entry_id" AS 
"TimingRecord_entry_id", "TimingRecord"."stage_id" AS "TimingRecord_stage_id", 
"TimingRecord__TimingRecord_vetInspection"."id" AS "TimingRecord__TimingRecord_vetInspection_id", 
"TimingRecord__TimingRecord_vetInspection"."heart_rate" AS "TimingRecord__TimingRecord_vetInspection_heart_rate", 
"TimingRecord__TimingRecord_vetInspection"."temperature" AS "TimingRecord__TimingRecord_vetInspection_temperature", 
"TimingRecord__TimingRecord_vetInspection"."motricity" AS "TimingRecord__TimingRecord_vetInspection_motricity", 
"TimingRecord__TimingRecord_vetInspection"."metabolic" AS "TimingRecord__TimingRecord_vetInspection_metabolic", 
"TimingRecord__TimingRecord_vetInspection"."attempt_number" AS 
"TimingRecord__TimingRecord_vetInspection_attempt_number", 
"TimingRecord__TimingRecord_vetInspection"."is_recheck_required" AS 
"TimingRecord__TimingRecord_vetInspection_is_recheck_required", 
"TimingRecord__TimingRecord_vetInspection"."next_check_time" AS 
"TimingRecord__TimingRecord_vetInspection_next_check_time", "TimingRecord__TimingRecord_vetInspection"."notes" AS 
"TimingRecord__TimingRecord_vetInspection_notes", "TimingRecord__TimingRecord_vetInspection"."created_at" AS 
"TimingRecord__TimingRecord_vetInspection_created_at", "TimingRecord__TimingRecord_vetInspection"."tenant_id" AS 
"TimingRecord__TimingRecord_vetInspection_tenant_id", "TimingRecord__TimingRecord_vetInspection"."timing_record_id" AS 
"TimingRecord__TimingRecord_vetInspection_timing_record_id" FROM "timing_records" "TimingRecord" LEFT JOIN 
"vet_inspections" "TimingRecord__TimingRecord_vetInspection" ON 
"TimingRecord__TimingRecord_vetInspection"."timing_record_id"="TimingRecord"."id"  LEFT JOIN "competition_entries" 
"TimingRecord__TimingRecord_entry" ON "TimingRecord__TimingRecord_entry"."id"="TimingRecord"."entry_id"  LEFT JOIN 
"stages" "TimingRecord__TimingRecord_stage" ON "TimingRecord__TimingRecord_stage"."id"="TimingRecord"."stage_id" WHERE 
(((("TimingRecord__TimingRecord_entry"."id" = $1))) AND ((("TimingRecord__TimingRecord_stage"."id" = $2)))) -- 
PARAMETERS: ["2d6c9e7a-2804-456b-9645-685353297b46","69f19308-fc90-478b-9e3e-0edd39a5105a"]

      at PlatformTools.logInfo (../../../src/platform/PlatformTools.ts:262:17)

    console.log
      query: SELECT set_config('app.current_tenant_id', $1, $2) -- PARAMETERS: 
["a1000000-0000-0000-0000-000000000001",true]

      at PlatformTools.logInfo (../../../src/platform/PlatformTools.ts:262:17)

    console.log
      query: SELECT "Stage"."id" AS "Stage_id", "Stage"."stage_number" AS "Stage_stage_number", "Stage"."distance_km" 
AS "Stage_distance_km", "Stage"."neutralization_minutes" AS "Stage_neutralization_minutes", "Stage"."tenant_id" AS 
"Stage_tenant_id", "Stage"."competition_id" AS "Stage_competition_id" FROM "stages" "Stage" WHERE (("Stage"."id" = 
$1)) LIMIT 1 -- PARAMETERS: ["69f19308-fc90-478b-9e3e-0edd39a5105a"]

      at PlatformTools.logInfo (../../../src/platform/PlatformTools.ts:262:17)

    console.log
      query: SELECT set_config('app.current_tenant_id', $1, $2) -- PARAMETERS: 
["a1000000-0000-0000-0000-000000000001",true]

      at PlatformTools.logInfo (../../../src/platform/PlatformTools.ts:262:17)

    console.log
      query: INSERT INTO "timing_records"("id", "record_type", "recorded_at", "is_approved", "elimination_type", 
"elimination_reason", "scheduled_departure_time", "is_void", "void_reason", "is_automatic", "created_at", 
"updated_at", "tenant_id", "entry_id", "stage_id") VALUES (DEFAULT, $1, $2, $3, $4, $5, $6, DEFAULT, DEFAULT, $7, 
DEFAULT, DEFAULT, $8, $9, $10) RETURNING "id", "is_approved", "is_void", "is_automatic", "created_at", "updated_at" -- 
PARAMETERS: ["ARRIVAL","2026-06-10T09:30:00.000Z",true,null,null,"2026-06-10T10:00:00.000Z",false,"a1000000-0000-0000-0
000-000000000001","2d6c9e7a-2804-456b-9645-685353297b46","69f19308-fc90-478b-9e3e-0edd39a5105a"]

      at PlatformTools.logInfo (../../../src/platform/PlatformTools.ts:262:17)

    console.log
      query: SELECT set_config('app.current_tenant_id', $1, $2) -- PARAMETERS: 
["a1000000-0000-0000-0000-000000000001",true]

      at PlatformTools.logInfo (../../../src/platform/PlatformTools.ts:262:17)

    console.log
      query: UPDATE "competition_entries" SET "status" = $1, "current_stage_id" = $2, "updated_at" = CURRENT_TIMESTAMP 
WHERE "id" IN ($3) -- PARAMETERS: 
["IN_RACE","69f19308-fc90-478b-9e3e-0edd39a5105a","2d6c9e7a-2804-456b-9645-685353297b46"]

      at PlatformTools.logInfo (../../../src/platform/PlatformTools.ts:262:17)

    console.log
      query: SELECT set_config('app.current_tenant_id', $1, $2) -- PARAMETERS: 
["a1000000-0000-0000-0000-000000000001",true]

      at PlatformTools.logInfo (../../../src/platform/PlatformTools.ts:262:17)

    console.log
      query: COMMIT

      at PlatformTools.logInfo (../../../src/platform/PlatformTools.ts:262:17)

    console.log
      query: SELECT set_config('app.current_tenant_id', $1, $2) -- PARAMETERS: 
["a1000000-0000-0000-0000-000000000001",true]

      at PlatformTools.logInfo (../../../src/platform/PlatformTools.ts:262:17)

    console.log
      query: START TRANSACTION

      at PlatformTools.logInfo (../../../src/platform/PlatformTools.ts:262:17)

    console.log
      query: SELECT set_config('app.current_tenant_id', $1, $2) -- PARAMETERS: 
["a1000000-0000-0000-0000-000000000001",true]

      at PlatformTools.logInfo (../../../src/platform/PlatformTools.ts:262:17)

    console.log
      query: SELECT DISTINCT "distinctAlias"."CompetitionEntry_id" AS "ids_CompetitionEntry_id" FROM (SELECT 
"CompetitionEntry"."id" AS "CompetitionEntry_id", "CompetitionEntry"."bib_number" AS "CompetitionEntry_bib_number", 
"CompetitionEntry"."status" AS "CompetitionEntry_status", "CompetitionEntry"."qualifies_for_points" AS 
"CompetitionEntry_qualifies_for_points", "CompetitionEntry"."final_position" AS "CompetitionEntry_final_position", 
"CompetitionEntry"."ballast_weight" AS "CompetitionEntry_ballast_weight", "CompetitionEntry"."rider_weight" AS 
"CompetitionEntry_rider_weight", "CompetitionEntry"."tack_weight" AS "CompetitionEntry_tack_weight", 
"CompetitionEntry"."sealed_items" AS "CompetitionEntry_sealed_items", "CompetitionEntry"."seal_number" AS 
"CompetitionEntry_seal_number", "CompetitionEntry"."weigh_in_at" AS "CompetitionEntry_weigh_in_at", 
"CompetitionEntry"."created_at" AS "CompetitionEntry_created_at", "CompetitionEntry"."updated_at" AS 
"CompetitionEntry_updated_at", "CompetitionEntry"."competition_id" AS "CompetitionEntry_competition_id", 
"CompetitionEntry"."rider_id" AS "CompetitionEntry_rider_id", "CompetitionEntry"."horse_id" AS 
"CompetitionEntry_horse_id", "CompetitionEntry"."represented_tenant_id" AS "CompetitionEntry_represented_tenant_id", 
"CompetitionEntry"."tenant_id" AS "CompetitionEntry_tenant_id", "CompetitionEntry"."current_stage_id" AS 
"CompetitionEntry_current_stage_id" FROM "competition_entries" "CompetitionEntry" LEFT JOIN "competitions" 
"CompetitionEntry__CompetitionEntry_competition" ON 
"CompetitionEntry__CompetitionEntry_competition"."id"="CompetitionEntry"."competition_id" WHERE 
(((("CompetitionEntry__CompetitionEntry_competition"."id" = $1))) AND ("CompetitionEntry"."bib_number" = $2))) 
"distinctAlias" ORDER BY "CompetitionEntry_id" ASC LIMIT 1 -- PARAMETERS: ["819035f1-f1b0-4afd-97cd-748ab886b893",901]

      at PlatformTools.logInfo (../../../src/platform/PlatformTools.ts:262:17)

    console.log
      query: SELECT set_config('app.current_tenant_id', $1, $2) -- PARAMETERS: 
["a1000000-0000-0000-0000-000000000001",true]

      at PlatformTools.logInfo (../../../src/platform/PlatformTools.ts:262:17)

    console.log
      query: SELECT "CompetitionEntry"."id" AS "CompetitionEntry_id", "CompetitionEntry"."bib_number" AS 
"CompetitionEntry_bib_number", "CompetitionEntry"."status" AS "CompetitionEntry_status", 
"CompetitionEntry"."qualifies_for_points" AS "CompetitionEntry_qualifies_for_points", 
"CompetitionEntry"."final_position" AS "CompetitionEntry_final_position", "CompetitionEntry"."ballast_weight" AS 
"CompetitionEntry_ballast_weight", "CompetitionEntry"."rider_weight" AS "CompetitionEntry_rider_weight", 
"CompetitionEntry"."tack_weight" AS "CompetitionEntry_tack_weight", "CompetitionEntry"."sealed_items" AS 
"CompetitionEntry_sealed_items", "CompetitionEntry"."seal_number" AS "CompetitionEntry_seal_number", 
"CompetitionEntry"."weigh_in_at" AS "CompetitionEntry_weigh_in_at", "CompetitionEntry"."created_at" AS 
"CompetitionEntry_created_at", "CompetitionEntry"."updated_at" AS "CompetitionEntry_updated_at", 
"CompetitionEntry"."competition_id" AS "CompetitionEntry_competition_id", "CompetitionEntry"."rider_id" AS 
"CompetitionEntry_rider_id", "CompetitionEntry"."horse_id" AS "CompetitionEntry_horse_id", 
"CompetitionEntry"."represented_tenant_id" AS "CompetitionEntry_represented_tenant_id", "CompetitionEntry"."tenant_id" 
AS "CompetitionEntry_tenant_id", "CompetitionEntry"."current_stage_id" AS "CompetitionEntry_current_stage_id" FROM 
"competition_entries" "CompetitionEntry" LEFT JOIN "competitions" "CompetitionEntry__CompetitionEntry_competition" ON 
"CompetitionEntry__CompetitionEntry_competition"."id"="CompetitionEntry"."competition_id" WHERE ( 
(((("CompetitionEntry__CompetitionEntry_competition"."id" = $1))) AND ("CompetitionEntry"."bib_number" = $2)) ) AND ( 
"CompetitionEntry"."id" IN ($3) ) -- PARAMETERS: 
["819035f1-f1b0-4afd-97cd-748ab886b893",901,"2d6c9e7a-2804-456b-9645-685353297b46"]

      at PlatformTools.logInfo (../../../src/platform/PlatformTools.ts:262:17)

    console.log
      query: SELECT set_config('app.current_tenant_id', $1, $2) -- PARAMETERS: 
["a1000000-0000-0000-0000-000000000001",true]

      at PlatformTools.logInfo (../../../src/platform/PlatformTools.ts:262:17)

    console.log
      query: SELECT "CompetitionEntry"."id" AS "CompetitionEntry_id", "CompetitionEntry"."bib_number" AS 
"CompetitionEntry_bib_number", "CompetitionEntry"."status" AS "CompetitionEntry_status", 
"CompetitionEntry"."qualifies_for_points" AS "CompetitionEntry_qualifies_for_points", 
"CompetitionEntry"."final_position" AS "CompetitionEntry_final_position", "CompetitionEntry"."ballast_weight" AS 
"CompetitionEntry_ballast_weight", "CompetitionEntry"."rider_weight" AS "CompetitionEntry_rider_weight", 
"CompetitionEntry"."tack_weight" AS "CompetitionEntry_tack_weight", "CompetitionEntry"."sealed_items" AS 
"CompetitionEntry_sealed_items", "CompetitionEntry"."seal_number" AS "CompetitionEntry_seal_number", 
"CompetitionEntry"."weigh_in_at" AS "CompetitionEntry_weigh_in_at", "CompetitionEntry"."created_at" AS 
"CompetitionEntry_created_at", "CompetitionEntry"."updated_at" AS "CompetitionEntry_updated_at", 
"CompetitionEntry"."competition_id" AS "CompetitionEntry_competition_id", "CompetitionEntry"."rider_id" AS 
"CompetitionEntry_rider_id", "CompetitionEntry"."horse_id" AS "CompetitionEntry_horse_id", 
"CompetitionEntry"."represented_tenant_id" AS "CompetitionEntry_represented_tenant_id", "CompetitionEntry"."tenant_id" 
AS "CompetitionEntry_tenant_id", "CompetitionEntry"."current_stage_id" AS "CompetitionEntry_current_stage_id" FROM 
"competition_entries" "CompetitionEntry" WHERE (("CompetitionEntry"."id" = $1)) LIMIT 1 FOR UPDATE -- PARAMETERS: 
["2d6c9e7a-2804-456b-9645-685353297b46"]

      at PlatformTools.logInfo (../../../src/platform/PlatformTools.ts:262:17)

    console.log
      query: SELECT set_config('app.current_tenant_id', $1, $2) -- PARAMETERS: 
["a1000000-0000-0000-0000-000000000001",true]

      at PlatformTools.logInfo (../../../src/platform/PlatformTools.ts:262:17)

    console.log
      query: SELECT DISTINCT "distinctAlias"."CompetitionEntry_id" AS "ids_CompetitionEntry_id" FROM (SELECT 
"CompetitionEntry"."id" AS "CompetitionEntry_id", "CompetitionEntry"."bib_number" AS "CompetitionEntry_bib_number", 
"CompetitionEntry"."status" AS "CompetitionEntry_status", "CompetitionEntry"."qualifies_for_points" AS 
"CompetitionEntry_qualifies_for_points", "CompetitionEntry"."final_position" AS "CompetitionEntry_final_position", 
"CompetitionEntry"."ballast_weight" AS "CompetitionEntry_ballast_weight", "CompetitionEntry"."rider_weight" AS 
"CompetitionEntry_rider_weight", "CompetitionEntry"."tack_weight" AS "CompetitionEntry_tack_weight", 
"CompetitionEntry"."sealed_items" AS "CompetitionEntry_sealed_items", "CompetitionEntry"."seal_number" AS 
"CompetitionEntry_seal_number", "CompetitionEntry"."weigh_in_at" AS "CompetitionEntry_weigh_in_at", 
"CompetitionEntry"."created_at" AS "CompetitionEntry_created_at", "CompetitionEntry"."updated_at" AS 
"CompetitionEntry_updated_at", "CompetitionEntry"."competition_id" AS "CompetitionEntry_competition_id", 
"CompetitionEntry"."rider_id" AS "CompetitionEntry_rider_id", "CompetitionEntry"."horse_id" AS 
"CompetitionEntry_horse_id", "CompetitionEntry"."represented_tenant_id" AS "CompetitionEntry_represented_tenant_id", 
"CompetitionEntry"."tenant_id" AS "CompetitionEntry_tenant_id", "CompetitionEntry"."current_stage_id" AS 
"CompetitionEntry_current_stage_id", "CompetitionEntry__CompetitionEntry_competition"."id" AS 
"CompetitionEntry__CompetitionEntry_competition_id", "CompetitionEntry__CompetitionEntry_competition"."name" AS 
"CompetitionEntry__CompetitionEntry_competition_name", 
"CompetitionEntry__CompetitionEntry_competition"."competition_date" AS 
"CompetitionEntry__CompetitionEntry_competition_competition_date", 
"CompetitionEntry__CompetitionEntry_competition"."start_time" AS 
"CompetitionEntry__CompetitionEntry_competition_start_time", 
"CompetitionEntry__CompetitionEntry_competition"."location" AS 
"CompetitionEntry__CompetitionEntry_competition_location", 
"CompetitionEntry__CompetitionEntry_competition"."is_federated" AS 
"CompetitionEntry__CompetitionEntry_competition_is_federated", 
"CompetitionEntry__CompetitionEntry_competition"."max_heart_rate" AS 
"CompetitionEntry__CompetitionEntry_competition_max_heart_rate", 
"CompetitionEntry__CompetitionEntry_competition"."status" AS "CompetitionEntry__CompetitionEntry_competition_status", 
"CompetitionEntry__CompetitionEntry_competition"."created_at" AS 
"CompetitionEntry__CompetitionEntry_competition_created_at", 
"CompetitionEntry__CompetitionEntry_competition"."tenant_id" AS 
"CompetitionEntry__CompetitionEntry_competition_tenant_id", 
"CompetitionEntry__CompetitionEntry_competition"."competition_type_id" AS "cc0eeb8de475a642ca4d9779fefef42635e3845c", 
"CompetitionEntry__CompetitionEntry_horse"."id" AS "CompetitionEntry__CompetitionEntry_horse_id", 
"CompetitionEntry__CompetitionEntry_horse"."name" AS "CompetitionEntry__CompetitionEntry_horse_name", 
"CompetitionEntry__CompetitionEntry_horse"."feu_id" AS "CompetitionEntry__CompetitionEntry_horse_feu_id", 
"CompetitionEntry__CompetitionEntry_horse"."chip_id" AS "CompetitionEntry__CompetitionEntry_horse_chip_id", 
"CompetitionEntry__CompetitionEntry_horse"."is_feu_active" AS 
"CompetitionEntry__CompetitionEntry_horse_is_feu_active", 
"CompetitionEntry__CompetitionEntry_horse"."health_records_expiration" AS "dedba76606280d708ac64c91db18a5f00cb3599c", 
"CompetitionEntry__CompetitionEntry_horse"."created_at" AS "CompetitionEntry__CompetitionEntry_horse_created_at", 
"CompetitionEntry__CompetitionEntry_horse"."owner_id" AS "CompetitionEntry__CompetitionEntry_horse_owner_id", 
"CompetitionEntry__CompetitionEntry_rider"."id" AS "CompetitionEntry__CompetitionEntry_rider_id", 
"CompetitionEntry__CompetitionEntry_rider"."name" AS "CompetitionEntry__CompetitionEntry_rider_name", 
"CompetitionEntry__CompetitionEntry_rider"."national_id" AS "CompetitionEntry__CompetitionEntry_rider_national_id", 
"CompetitionEntry__CompetitionEntry_rider"."feu_id" AS "CompetitionEntry__CompetitionEntry_rider_feu_id", 
"CompetitionEntry__CompetitionEntry_rider"."is_feu_active" AS 
"CompetitionEntry__CompetitionEntry_rider_is_feu_active", "CompetitionEntry__CompetitionEntry_rider"."birth_date" AS 
"CompetitionEntry__CompetitionEntry_rider_birth_date", 
"CompetitionEntry__CompetitionEntry_rider"."medical_card_expiration" AS "f57bccd8570a71d1fd177940fac127c2a7190738", 
"CompetitionEntry__CompetitionEntry_rider"."created_at" AS "CompetitionEntry__CompetitionEntry_rider_created_at", 
"CompetitionEntry__CompetitionEntry_tenant"."id" AS "CompetitionEntry__CompetitionEntry_tenant_id", 
"CompetitionEntry__CompetitionEntry_tenant"."name" AS "CompetitionEntry__CompetitionEntry_tenant_name", 
"CompetitionEntry__CompetitionEntry_tenant"."location" AS "CompetitionEntry__CompetitionEntry_tenant_location", 
"CompetitionEntry__CompetitionEntry_tenant"."created_at" AS "CompetitionEntry__CompetitionEntry_tenant_created_at" 
FROM "competition_entries" "CompetitionEntry" LEFT JOIN "competitions" 
"CompetitionEntry__CompetitionEntry_competition" ON 
"CompetitionEntry__CompetitionEntry_competition"."id"="CompetitionEntry"."competition_id"  LEFT JOIN "horses" 
"CompetitionEntry__CompetitionEntry_horse" ON 
"CompetitionEntry__CompetitionEntry_horse"."id"="CompetitionEntry"."horse_id"  LEFT JOIN "riders" 
"CompetitionEntry__CompetitionEntry_rider" ON 
"CompetitionEntry__CompetitionEntry_rider"."id"="CompetitionEntry"."rider_id"  LEFT JOIN "tenants" 
"CompetitionEntry__CompetitionEntry_tenant" ON 
"CompetitionEntry__CompetitionEntry_tenant"."id"="CompetitionEntry"."tenant_id" WHERE (("CompetitionEntry"."id" = 
$1))) "distinctAlias" ORDER BY "CompetitionEntry_id" ASC LIMIT 1 -- PARAMETERS: 
["2d6c9e7a-2804-456b-9645-685353297b46"]

      at PlatformTools.logInfo (../../../src/platform/PlatformTools.ts:262:17)

    console.log
      query: SELECT set_config('app.current_tenant_id', $1, $2) -- PARAMETERS: 
["a1000000-0000-0000-0000-000000000001",true]

      at PlatformTools.logInfo (../../../src/platform/PlatformTools.ts:262:17)

    console.log
      query: SELECT "CompetitionEntry"."id" AS "CompetitionEntry_id", "CompetitionEntry"."bib_number" AS 
"CompetitionEntry_bib_number", "CompetitionEntry"."status" AS "CompetitionEntry_status", 
"CompetitionEntry"."qualifies_for_points" AS "CompetitionEntry_qualifies_for_points", 
"CompetitionEntry"."final_position" AS "CompetitionEntry_final_position", "CompetitionEntry"."ballast_weight" AS 
"CompetitionEntry_ballast_weight", "CompetitionEntry"."rider_weight" AS "CompetitionEntry_rider_weight", 
"CompetitionEntry"."tack_weight" AS "CompetitionEntry_tack_weight", "CompetitionEntry"."sealed_items" AS 
"CompetitionEntry_sealed_items", "CompetitionEntry"."seal_number" AS "CompetitionEntry_seal_number", 
"CompetitionEntry"."weigh_in_at" AS "CompetitionEntry_weigh_in_at", "CompetitionEntry"."created_at" AS 
"CompetitionEntry_created_at", "CompetitionEntry"."updated_at" AS "CompetitionEntry_updated_at", 
"CompetitionEntry"."competition_id" AS "CompetitionEntry_competition_id", "CompetitionEntry"."rider_id" AS 
"CompetitionEntry_rider_id", "CompetitionEntry"."horse_id" AS "CompetitionEntry_horse_id", 
"CompetitionEntry"."represented_tenant_id" AS "CompetitionEntry_represented_tenant_id", "CompetitionEntry"."tenant_id" 
AS "CompetitionEntry_tenant_id", "CompetitionEntry"."current_stage_id" AS "CompetitionEntry_current_stage_id", 
"CompetitionEntry__CompetitionEntry_competition"."id" AS "CompetitionEntry__CompetitionEntry_competition_id", 
"CompetitionEntry__CompetitionEntry_competition"."name" AS "CompetitionEntry__CompetitionEntry_competition_name", 
"CompetitionEntry__CompetitionEntry_competition"."competition_date" AS 
"CompetitionEntry__CompetitionEntry_competition_competition_date", 
"CompetitionEntry__CompetitionEntry_competition"."start_time" AS 
"CompetitionEntry__CompetitionEntry_competition_start_time", 
"CompetitionEntry__CompetitionEntry_competition"."location" AS 
"CompetitionEntry__CompetitionEntry_competition_location", 
"CompetitionEntry__CompetitionEntry_competition"."is_federated" AS 
"CompetitionEntry__CompetitionEntry_competition_is_federated", 
"CompetitionEntry__CompetitionEntry_competition"."max_heart_rate" AS 
"CompetitionEntry__CompetitionEntry_competition_max_heart_rate", 
"CompetitionEntry__CompetitionEntry_competition"."status" AS "CompetitionEntry__CompetitionEntry_competition_status", 
"CompetitionEntry__CompetitionEntry_competition"."created_at" AS 
"CompetitionEntry__CompetitionEntry_competition_created_at", 
"CompetitionEntry__CompetitionEntry_competition"."tenant_id" AS 
"CompetitionEntry__CompetitionEntry_competition_tenant_id", 
"CompetitionEntry__CompetitionEntry_competition"."competition_type_id" AS "cc0eeb8de475a642ca4d9779fefef42635e3845c", 
"CompetitionEntry__CompetitionEntry_horse"."id" AS "CompetitionEntry__CompetitionEntry_horse_id", 
"CompetitionEntry__CompetitionEntry_horse"."name" AS "CompetitionEntry__CompetitionEntry_horse_name", 
"CompetitionEntry__CompetitionEntry_horse"."feu_id" AS "CompetitionEntry__CompetitionEntry_horse_feu_id", 
"CompetitionEntry__CompetitionEntry_horse"."chip_id" AS "CompetitionEntry__CompetitionEntry_horse_chip_id", 
"CompetitionEntry__CompetitionEntry_horse"."is_feu_active" AS 
"CompetitionEntry__CompetitionEntry_horse_is_feu_active", 
"CompetitionEntry__CompetitionEntry_horse"."health_records_expiration" AS "dedba76606280d708ac64c91db18a5f00cb3599c", 
"CompetitionEntry__CompetitionEntry_horse"."created_at" AS "CompetitionEntry__CompetitionEntry_horse_created_at", 
"CompetitionEntry__CompetitionEntry_horse"."owner_id" AS "CompetitionEntry__CompetitionEntry_horse_owner_id", 
"CompetitionEntry__CompetitionEntry_rider"."id" AS "CompetitionEntry__CompetitionEntry_rider_id", 
"CompetitionEntry__CompetitionEntry_rider"."name" AS "CompetitionEntry__CompetitionEntry_rider_name", 
"CompetitionEntry__CompetitionEntry_rider"."national_id" AS "CompetitionEntry__CompetitionEntry_rider_national_id", 
"CompetitionEntry__CompetitionEntry_rider"."feu_id" AS "CompetitionEntry__CompetitionEntry_rider_feu_id", 
"CompetitionEntry__CompetitionEntry_rider"."is_feu_active" AS 
"CompetitionEntry__CompetitionEntry_rider_is_feu_active", "CompetitionEntry__CompetitionEntry_rider"."birth_date" AS 
"CompetitionEntry__CompetitionEntry_rider_birth_date", 
"CompetitionEntry__CompetitionEntry_rider"."medical_card_expiration" AS "f57bccd8570a71d1fd177940fac127c2a7190738", 
"CompetitionEntry__CompetitionEntry_rider"."created_at" AS "CompetitionEntry__CompetitionEntry_rider_created_at", 
"CompetitionEntry__CompetitionEntry_tenant"."id" AS "CompetitionEntry__CompetitionEntry_tenant_id", 
"CompetitionEntry__CompetitionEntry_tenant"."name" AS "CompetitionEntry__CompetitionEntry_tenant_name", 
"CompetitionEntry__CompetitionEntry_tenant"."location" AS "CompetitionEntry__CompetitionEntry_tenant_location", 
"CompetitionEntry__CompetitionEntry_tenant"."created_at" AS "CompetitionEntry__CompetitionEntry_tenant_created_at" 
FROM "competition_entries" "CompetitionEntry" LEFT JOIN "competitions" 
"CompetitionEntry__CompetitionEntry_competition" ON 
"CompetitionEntry__CompetitionEntry_competition"."id"="CompetitionEntry"."competition_id"  LEFT JOIN "horses" 
"CompetitionEntry__CompetitionEntry_horse" ON 
"CompetitionEntry__CompetitionEntry_horse"."id"="CompetitionEntry"."horse_id"  LEFT JOIN "riders" 
"CompetitionEntry__CompetitionEntry_rider" ON 
"CompetitionEntry__CompetitionEntry_rider"."id"="CompetitionEntry"."rider_id"  LEFT JOIN "tenants" 
"CompetitionEntry__CompetitionEntry_tenant" ON 
"CompetitionEntry__CompetitionEntry_tenant"."id"="CompetitionEntry"."tenant_id" WHERE ( (("CompetitionEntry"."id" = 
$1)) ) AND ( "CompetitionEntry"."id" IN ($2) ) -- PARAMETERS: 
["2d6c9e7a-2804-456b-9645-685353297b46","2d6c9e7a-2804-456b-9645-685353297b46"]

      at PlatformTools.logInfo (../../../src/platform/PlatformTools.ts:262:17)

    console.log
      query: SELECT set_config('app.current_tenant_id', $1, $2) -- PARAMETERS: 
["a1000000-0000-0000-0000-000000000001",true]

      at PlatformTools.logInfo (../../../src/platform/PlatformTools.ts:262:17)

    console.log
      query: SELECT "TimingRecord"."id" AS "TimingRecord_id", "TimingRecord"."record_type" AS 
"TimingRecord_record_type", "TimingRecord"."recorded_at" AS "TimingRecord_recorded_at", "TimingRecord"."is_approved" 
AS "TimingRecord_is_approved", "TimingRecord"."elimination_type" AS "TimingRecord_elimination_type", 
"TimingRecord"."elimination_reason" AS "TimingRecord_elimination_reason", "TimingRecord"."scheduled_departure_time" AS 
"TimingRecord_scheduled_departure_time", "TimingRecord"."is_void" AS "TimingRecord_is_void", 
"TimingRecord"."void_reason" AS "TimingRecord_void_reason", "TimingRecord"."is_automatic" AS 
"TimingRecord_is_automatic", "TimingRecord"."created_at" AS "TimingRecord_created_at", "TimingRecord"."updated_at" AS 
"TimingRecord_updated_at", "TimingRecord"."tenant_id" AS "TimingRecord_tenant_id", "TimingRecord"."entry_id" AS 
"TimingRecord_entry_id", "TimingRecord"."stage_id" AS "TimingRecord_stage_id", 
"TimingRecord__TimingRecord_vetInspection"."id" AS "TimingRecord__TimingRecord_vetInspection_id", 
"TimingRecord__TimingRecord_vetInspection"."heart_rate" AS "TimingRecord__TimingRecord_vetInspection_heart_rate", 
"TimingRecord__TimingRecord_vetInspection"."temperature" AS "TimingRecord__TimingRecord_vetInspection_temperature", 
"TimingRecord__TimingRecord_vetInspection"."motricity" AS "TimingRecord__TimingRecord_vetInspection_motricity", 
"TimingRecord__TimingRecord_vetInspection"."metabolic" AS "TimingRecord__TimingRecord_vetInspection_metabolic", 
"TimingRecord__TimingRecord_vetInspection"."attempt_number" AS 
"TimingRecord__TimingRecord_vetInspection_attempt_number", 
"TimingRecord__TimingRecord_vetInspection"."is_recheck_required" AS 
"TimingRecord__TimingRecord_vetInspection_is_recheck_required", 
"TimingRecord__TimingRecord_vetInspection"."next_check_time" AS 
"TimingRecord__TimingRecord_vetInspection_next_check_time", "TimingRecord__TimingRecord_vetInspection"."notes" AS 
"TimingRecord__TimingRecord_vetInspection_notes", "TimingRecord__TimingRecord_vetInspection"."created_at" AS 
"TimingRecord__TimingRecord_vetInspection_created_at", "TimingRecord__TimingRecord_vetInspection"."tenant_id" AS 
"TimingRecord__TimingRecord_vetInspection_tenant_id", "TimingRecord__TimingRecord_vetInspection"."timing_record_id" AS 
"TimingRecord__TimingRecord_vetInspection_timing_record_id" FROM "timing_records" "TimingRecord" LEFT JOIN 
"vet_inspections" "TimingRecord__TimingRecord_vetInspection" ON 
"TimingRecord__TimingRecord_vetInspection"."timing_record_id"="TimingRecord"."id"  LEFT JOIN "competition_entries" 
"TimingRecord__TimingRecord_entry" ON "TimingRecord__TimingRecord_entry"."id"="TimingRecord"."entry_id"  LEFT JOIN 
"stages" "TimingRecord__TimingRecord_stage" ON "TimingRecord__TimingRecord_stage"."id"="TimingRecord"."stage_id" WHERE 
(((("TimingRecord__TimingRecord_entry"."id" = $1))) AND ((("TimingRecord__TimingRecord_stage"."id" = $2)))) -- 
PARAMETERS: ["2d6c9e7a-2804-456b-9645-685353297b46","69f19308-fc90-478b-9e3e-0edd39a5105a"]

      at PlatformTools.logInfo (../../../src/platform/PlatformTools.ts:262:17)

    console.log
      query: SELECT set_config('app.current_tenant_id', $1, $2) -- PARAMETERS: 
["a1000000-0000-0000-0000-000000000001",true]

      at PlatformTools.logInfo (../../../src/platform/PlatformTools.ts:262:17)

    console.log
      query: SELECT "Stage"."id" AS "Stage_id", "Stage"."stage_number" AS "Stage_stage_number", "Stage"."distance_km" 
AS "Stage_distance_km", "Stage"."neutralization_minutes" AS "Stage_neutralization_minutes", "Stage"."tenant_id" AS 
"Stage_tenant_id", "Stage"."competition_id" AS "Stage_competition_id" FROM "stages" "Stage" WHERE (("Stage"."id" = 
$1)) LIMIT 1 -- PARAMETERS: ["69f19308-fc90-478b-9e3e-0edd39a5105a"]

      at PlatformTools.logInfo (../../../src/platform/PlatformTools.ts:262:17)

    console.log
      query: SELECT set_config('app.current_tenant_id', $1, $2) -- PARAMETERS: 
["a1000000-0000-0000-0000-000000000001",true]

      at PlatformTools.logInfo (../../../src/platform/PlatformTools.ts:262:17)

    console.log
      query: INSERT INTO "timing_records"("id", "record_type", "recorded_at", "is_approved", "elimination_type", 
"elimination_reason", "scheduled_departure_time", "is_void", "void_reason", "is_automatic", "created_at", 
"updated_at", "tenant_id", "entry_id", "stage_id") VALUES (DEFAULT, $1, $2, $3, $4, $5, $6, DEFAULT, DEFAULT, $7, 
DEFAULT, DEFAULT, $8, $9, $10) RETURNING "id", "is_approved", "is_void", "is_automatic", "created_at", "updated_at" -- 
PARAMETERS: ["VET_IN","2026-06-10T09:45:00.000Z",true,null,null,null,false,"a1000000-0000-0000-0000-000000000001","2d6c
9e7a-2804-456b-9645-685353297b46","69f19308-fc90-478b-9e3e-0edd39a5105a"]

      at PlatformTools.logInfo (../../../src/platform/PlatformTools.ts:262:17)

    console.log
      query: SELECT set_config('app.current_tenant_id', $1, $2) -- PARAMETERS: 
["a1000000-0000-0000-0000-000000000001",true]

      at PlatformTools.logInfo (../../../src/platform/PlatformTools.ts:262:17)

    console.log
      query: UPDATE "competition_entries" SET "status" = $1, "current_stage_id" = $2, "updated_at" = CURRENT_TIMESTAMP 
WHERE "id" IN ($3) -- PARAMETERS: 
["VET_CHECK","69f19308-fc90-478b-9e3e-0edd39a5105a","2d6c9e7a-2804-456b-9645-685353297b46"]

      at PlatformTools.logInfo (../../../src/platform/PlatformTools.ts:262:17)

    console.log
      query: SELECT set_config('app.current_tenant_id', $1, $2) -- PARAMETERS: 
["a1000000-0000-0000-0000-000000000001",true]

      at PlatformTools.logInfo (../../../src/platform/PlatformTools.ts:262:17)

    console.log
      query: COMMIT

      at PlatformTools.logInfo (../../../src/platform/PlatformTools.ts:262:17)

    console.log
      query: SELECT set_config('app.current_tenant_id', $1, $2) -- PARAMETERS: 
["a1000000-0000-0000-0000-000000000001",false]

      at PlatformTools.logInfo (../../../src/platform/PlatformTools.ts:262:17)

    console.log
      query: SELECT DISTINCT "distinctAlias"."TimingRecord_id" AS "ids_TimingRecord_id" FROM (SELECT 
"TimingRecord"."id" AS "TimingRecord_id", "TimingRecord"."record_type" AS "TimingRecord_record_type", 
"TimingRecord"."recorded_at" AS "TimingRecord_recorded_at", "TimingRecord"."is_approved" AS 
"TimingRecord_is_approved", "TimingRecord"."elimination_type" AS "TimingRecord_elimination_type", 
"TimingRecord"."elimination_reason" AS "TimingRecord_elimination_reason", "TimingRecord"."scheduled_departure_time" AS 
"TimingRecord_scheduled_departure_time", "TimingRecord"."is_void" AS "TimingRecord_is_void", 
"TimingRecord"."void_reason" AS "TimingRecord_void_reason", "TimingRecord"."is_automatic" AS 
"TimingRecord_is_automatic", "TimingRecord"."created_at" AS "TimingRecord_created_at", "TimingRecord"."updated_at" AS 
"TimingRecord_updated_at", "TimingRecord"."tenant_id" AS "TimingRecord_tenant_id", "TimingRecord"."entry_id" AS 
"TimingRecord_entry_id", "TimingRecord"."stage_id" AS "TimingRecord_stage_id", "TimingRecord__TimingRecord_entry"."id" 
AS "TimingRecord__TimingRecord_entry_id", "TimingRecord__TimingRecord_entry"."bib_number" AS 
"TimingRecord__TimingRecord_entry_bib_number", "TimingRecord__TimingRecord_entry"."status" AS 
"TimingRecord__TimingRecord_entry_status", "TimingRecord__TimingRecord_entry"."qualifies_for_points" AS 
"TimingRecord__TimingRecord_entry_qualifies_for_points", "TimingRecord__TimingRecord_entry"."final_position" AS 
"TimingRecord__TimingRecord_entry_final_position", "TimingRecord__TimingRecord_entry"."ballast_weight" AS 
"TimingRecord__TimingRecord_entry_ballast_weight", "TimingRecord__TimingRecord_entry"."rider_weight" AS 
"TimingRecord__TimingRecord_entry_rider_weight", "TimingRecord__TimingRecord_entry"."tack_weight" AS 
"TimingRecord__TimingRecord_entry_tack_weight", "TimingRecord__TimingRecord_entry"."sealed_items" AS 
"TimingRecord__TimingRecord_entry_sealed_items", "TimingRecord__TimingRecord_entry"."seal_number" AS 
"TimingRecord__TimingRecord_entry_seal_number", "TimingRecord__TimingRecord_entry"."weigh_in_at" AS 
"TimingRecord__TimingRecord_entry_weigh_in_at", "TimingRecord__TimingRecord_entry"."created_at" AS 
"TimingRecord__TimingRecord_entry_created_at", "TimingRecord__TimingRecord_entry"."updated_at" AS 
"TimingRecord__TimingRecord_entry_updated_at", "TimingRecord__TimingRecord_entry"."competition_id" AS 
"TimingRecord__TimingRecord_entry_competition_id", "TimingRecord__TimingRecord_entry"."rider_id" AS 
"TimingRecord__TimingRecord_entry_rider_id", "TimingRecord__TimingRecord_entry"."horse_id" AS 
"TimingRecord__TimingRecord_entry_horse_id", "TimingRecord__TimingRecord_entry"."represented_tenant_id" AS 
"TimingRecord__TimingRecord_entry_represented_tenant_id", "TimingRecord__TimingRecord_entry"."tenant_id" AS 
"TimingRecord__TimingRecord_entry_tenant_id", "TimingRecord__TimingRecord_entry"."current_stage_id" AS 
"TimingRecord__TimingRecord_entry_current_stage_id", "02a6c395fddb385e40c2ea4bf21e828f3e01ae8f"."id" AS 
"02a6c395fddb385e40c2ea4bf21e828f3e01ae8f_id", "02a6c395fddb385e40c2ea4bf21e828f3e01ae8f"."name" AS 
"02a6c395fddb385e40c2ea4bf21e828f3e01ae8f_name", "02a6c395fddb385e40c2ea4bf21e828f3e01ae8f"."competition_date" AS 
"02a6c395fddb385e40c2ea4bf21e828f3e01ae8f_competition_date", "02a6c395fddb385e40c2ea4bf21e828f3e01ae8f"."start_time" 
AS "02a6c395fddb385e40c2ea4bf21e828f3e01ae8f_start_time", "02a6c395fddb385e40c2ea4bf21e828f3e01ae8f"."location" AS 
"02a6c395fddb385e40c2ea4bf21e828f3e01ae8f_location", "02a6c395fddb385e40c2ea4bf21e828f3e01ae8f"."is_federated" AS 
"02a6c395fddb385e40c2ea4bf21e828f3e01ae8f_is_federated", "02a6c395fddb385e40c2ea4bf21e828f3e01ae8f"."max_heart_rate" 
AS "02a6c395fddb385e40c2ea4bf21e828f3e01ae8f_max_heart_rate", "02a6c395fddb385e40c2ea4bf21e828f3e01ae8f"."status" AS 
"02a6c395fddb385e40c2ea4bf21e828f3e01ae8f_status", "02a6c395fddb385e40c2ea4bf21e828f3e01ae8f"."created_at" AS 
"02a6c395fddb385e40c2ea4bf21e828f3e01ae8f_created_at", "02a6c395fddb385e40c2ea4bf21e828f3e01ae8f"."tenant_id" AS 
"02a6c395fddb385e40c2ea4bf21e828f3e01ae8f_tenant_id", "02a6c395fddb385e40c2ea4bf21e828f3e01ae8f"."competition_type_id" 
AS "02a6c395fddb385e40c2ea4bf21e828f3e01ae8f_competition_type_id", "b73d0e669e53ec3fb09ab10daf78ab79c6880434"."id" AS 
"b73d0e669e53ec3fb09ab10daf78ab79c6880434_id", "b73d0e669e53ec3fb09ab10daf78ab79c6880434"."name" AS 
"b73d0e669e53ec3fb09ab10daf78ab79c6880434_name", "b73d0e669e53ec3fb09ab10daf78ab79c6880434"."location" AS 
"b73d0e669e53ec3fb09ab10daf78ab79c6880434_location", "b73d0e669e53ec3fb09ab10daf78ab79c6880434"."created_at" AS 
"b73d0e669e53ec3fb09ab10daf78ab79c6880434_created_at", "TimingRecord__TimingRecord_stage"."id" AS 
"TimingRecord__TimingRecord_stage_id", "TimingRecord__TimingRecord_stage"."stage_number" AS 
"TimingRecord__TimingRecord_stage_stage_number", "TimingRecord__TimingRecord_stage"."distance_km" AS 
"TimingRecord__TimingRecord_stage_distance_km", "TimingRecord__TimingRecord_stage"."neutralization_minutes" AS 
"TimingRecord__TimingRecord_stage_neutralization_minutes", "TimingRecord__TimingRecord_stage"."tenant_id" AS 
"TimingRecord__TimingRecord_stage_tenant_id", "TimingRecord__TimingRecord_stage"."competition_id" AS 
"TimingRecord__TimingRecord_stage_competition_id" FROM "timing_records" "TimingRecord" LEFT JOIN "competition_entries" 
"TimingRecord__TimingRecord_entry" ON "TimingRecord__TimingRecord_entry"."id"="TimingRecord"."entry_id"  LEFT JOIN 
"competitions" "02a6c395fddb385e40c2ea4bf21e828f3e01ae8f" ON 
"02a6c395fddb385e40c2ea4bf21e828f3e01ae8f"."id"="TimingRecord__TimingRecord_entry"."competition_id"  LEFT JOIN 
"tenants" "b73d0e669e53ec3fb09ab10daf78ab79c6880434" ON 
"b73d0e669e53ec3fb09ab10daf78ab79c6880434"."id"="02a6c395fddb385e40c2ea4bf21e828f3e01ae8f"."tenant_id"  LEFT JOIN 
"stages" "TimingRecord__TimingRecord_stage" ON "TimingRecord__TimingRecord_stage"."id"="TimingRecord"."stage_id" WHERE 
(("TimingRecord"."id" = $1))) "distinctAlias" ORDER BY "TimingRecord_id" ASC LIMIT 1 -- PARAMETERS: 
["6271218e-c25a-4179-a831-2ca652b4bdf8"]

      at PlatformTools.logInfo (../../../src/platform/PlatformTools.ts:262:17)

    console.log
      query: SELECT set_config('app.current_tenant_id', $1, $2) -- PARAMETERS: 
["a1000000-0000-0000-0000-000000000001",false]

      at PlatformTools.logInfo (../../../src/platform/PlatformTools.ts:262:17)

    console.log
      query: SELECT "TimingRecord"."id" AS "TimingRecord_id", "TimingRecord"."record_type" AS 
"TimingRecord_record_type", "TimingRecord"."recorded_at" AS "TimingRecord_recorded_at", "TimingRecord"."is_approved" 
AS "TimingRecord_is_approved", "TimingRecord"."elimination_type" AS "TimingRecord_elimination_type", 
"TimingRecord"."elimination_reason" AS "TimingRecord_elimination_reason", "TimingRecord"."scheduled_departure_time" AS 
"TimingRecord_scheduled_departure_time", "TimingRecord"."is_void" AS "TimingRecord_is_void", 
"TimingRecord"."void_reason" AS "TimingRecord_void_reason", "TimingRecord"."is_automatic" AS 
"TimingRecord_is_automatic", "TimingRecord"."created_at" AS "TimingRecord_created_at", "TimingRecord"."updated_at" AS 
"TimingRecord_updated_at", "TimingRecord"."tenant_id" AS "TimingRecord_tenant_id", "TimingRecord"."entry_id" AS 
"TimingRecord_entry_id", "TimingRecord"."stage_id" AS "TimingRecord_stage_id", "TimingRecord__TimingRecord_entry"."id" 
AS "TimingRecord__TimingRecord_entry_id", "TimingRecord__TimingRecord_entry"."bib_number" AS 
"TimingRecord__TimingRecord_entry_bib_number", "TimingRecord__TimingRecord_entry"."status" AS 
"TimingRecord__TimingRecord_entry_status", "TimingRecord__TimingRecord_entry"."qualifies_for_points" AS 
"TimingRecord__TimingRecord_entry_qualifies_for_points", "TimingRecord__TimingRecord_entry"."final_position" AS 
"TimingRecord__TimingRecord_entry_final_position", "TimingRecord__TimingRecord_entry"."ballast_weight" AS 
"TimingRecord__TimingRecord_entry_ballast_weight", "TimingRecord__TimingRecord_entry"."rider_weight" AS 
"TimingRecord__TimingRecord_entry_rider_weight", "TimingRecord__TimingRecord_entry"."tack_weight" AS 
"TimingRecord__TimingRecord_entry_tack_weight", "TimingRecord__TimingRecord_entry"."sealed_items" AS 
"TimingRecord__TimingRecord_entry_sealed_items", "TimingRecord__TimingRecord_entry"."seal_number" AS 
"TimingRecord__TimingRecord_entry_seal_number", "TimingRecord__TimingRecord_entry"."weigh_in_at" AS 
"TimingRecord__TimingRecord_entry_weigh_in_at", "TimingRecord__TimingRecord_entry"."created_at" AS 
"TimingRecord__TimingRecord_entry_created_at", "TimingRecord__TimingRecord_entry"."updated_at" AS 
"TimingRecord__TimingRecord_entry_updated_at", "TimingRecord__TimingRecord_entry"."competition_id" AS 
"TimingRecord__TimingRecord_entry_competition_id", "TimingRecord__TimingRecord_entry"."rider_id" AS 
"TimingRecord__TimingRecord_entry_rider_id", "TimingRecord__TimingRecord_entry"."horse_id" AS 
"TimingRecord__TimingRecord_entry_horse_id", "TimingRecord__TimingRecord_entry"."represented_tenant_id" AS 
"TimingRecord__TimingRecord_entry_represented_tenant_id", "TimingRecord__TimingRecord_entry"."tenant_id" AS 
"TimingRecord__TimingRecord_entry_tenant_id", "TimingRecord__TimingRecord_entry"."current_stage_id" AS 
"TimingRecord__TimingRecord_entry_current_stage_id", "02a6c395fddb385e40c2ea4bf21e828f3e01ae8f"."id" AS 
"02a6c395fddb385e40c2ea4bf21e828f3e01ae8f_id", "02a6c395fddb385e40c2ea4bf21e828f3e01ae8f"."name" AS 
"02a6c395fddb385e40c2ea4bf21e828f3e01ae8f_name", "02a6c395fddb385e40c2ea4bf21e828f3e01ae8f"."competition_date" AS 
"02a6c395fddb385e40c2ea4bf21e828f3e01ae8f_competition_date", "02a6c395fddb385e40c2ea4bf21e828f3e01ae8f"."start_time" 
AS "02a6c395fddb385e40c2ea4bf21e828f3e01ae8f_start_time", "02a6c395fddb385e40c2ea4bf21e828f3e01ae8f"."location" AS 
"02a6c395fddb385e40c2ea4bf21e828f3e01ae8f_location", "02a6c395fddb385e40c2ea4bf21e828f3e01ae8f"."is_federated" AS 
"02a6c395fddb385e40c2ea4bf21e828f3e01ae8f_is_federated", "02a6c395fddb385e40c2ea4bf21e828f3e01ae8f"."max_heart_rate" 
AS "02a6c395fddb385e40c2ea4bf21e828f3e01ae8f_max_heart_rate", "02a6c395fddb385e40c2ea4bf21e828f3e01ae8f"."status" AS 
"02a6c395fddb385e40c2ea4bf21e828f3e01ae8f_status", "02a6c395fddb385e40c2ea4bf21e828f3e01ae8f"."created_at" AS 
"02a6c395fddb385e40c2ea4bf21e828f3e01ae8f_created_at", "02a6c395fddb385e40c2ea4bf21e828f3e01ae8f"."tenant_id" AS 
"02a6c395fddb385e40c2ea4bf21e828f3e01ae8f_tenant_id", "02a6c395fddb385e40c2ea4bf21e828f3e01ae8f"."competition_type_id" 
AS "02a6c395fddb385e40c2ea4bf21e828f3e01ae8f_competition_type_id", "b73d0e669e53ec3fb09ab10daf78ab79c6880434"."id" AS 
"b73d0e669e53ec3fb09ab10daf78ab79c6880434_id", "b73d0e669e53ec3fb09ab10daf78ab79c6880434"."name" AS 
"b73d0e669e53ec3fb09ab10daf78ab79c6880434_name", "b73d0e669e53ec3fb09ab10daf78ab79c6880434"."location" AS 
"b73d0e669e53ec3fb09ab10daf78ab79c6880434_location", "b73d0e669e53ec3fb09ab10daf78ab79c6880434"."created_at" AS 
"b73d0e669e53ec3fb09ab10daf78ab79c6880434_created_at", "TimingRecord__TimingRecord_stage"."id" AS 
"TimingRecord__TimingRecord_stage_id", "TimingRecord__TimingRecord_stage"."stage_number" AS 
"TimingRecord__TimingRecord_stage_stage_number", "TimingRecord__TimingRecord_stage"."distance_km" AS 
"TimingRecord__TimingRecord_stage_distance_km", "TimingRecord__TimingRecord_stage"."neutralization_minutes" AS 
"TimingRecord__TimingRecord_stage_neutralization_minutes", "TimingRecord__TimingRecord_stage"."tenant_id" AS 
"TimingRecord__TimingRecord_stage_tenant_id", "TimingRecord__TimingRecord_stage"."competition_id" AS 
"TimingRecord__TimingRecord_stage_competition_id" FROM "timing_records" "TimingRecord" LEFT JOIN "competition_entries" 
"TimingRecord__TimingRecord_entry" ON "TimingRecord__TimingRecord_entry"."id"="TimingRecord"."entry_id"  LEFT JOIN 
"competitions" "02a6c395fddb385e40c2ea4bf21e828f3e01ae8f" ON 
"02a6c395fddb385e40c2ea4bf21e828f3e01ae8f"."id"="TimingRecord__TimingRecord_entry"."competition_id"  LEFT JOIN 
"tenants" "b73d0e669e53ec3fb09ab10daf78ab79c6880434" ON 
"b73d0e669e53ec3fb09ab10daf78ab79c6880434"."id"="02a6c395fddb385e40c2ea4bf21e828f3e01ae8f"."tenant_id"  LEFT JOIN 
"stages" "TimingRecord__TimingRecord_stage" ON "TimingRecord__TimingRecord_stage"."id"="TimingRecord"."stage_id" WHERE 
( (("TimingRecord"."id" = $1)) ) AND ( "TimingRecord"."id" IN ($2) ) -- PARAMETERS: 
["6271218e-c25a-4179-a831-2ca652b4bdf8","6271218e-c25a-4179-a831-2ca652b4bdf8"]

      at PlatformTools.logInfo (../../../src/platform/PlatformTools.ts:262:17)

    console.log
      query: SELECT set_config('app.current_tenant_id', $1, $2) -- PARAMETERS: 
["a1000000-0000-0000-0000-000000000001",false]

      at PlatformTools.logInfo (../../../src/platform/PlatformTools.ts:262:17)

    console.log
      query: SELECT DISTINCT "distinctAlias"."TimingRecord_id" AS "ids_TimingRecord_id" FROM (SELECT 
"TimingRecord"."id" AS "TimingRecord_id", "TimingRecord"."record_type" AS "TimingRecord_record_type", 
"TimingRecord"."recorded_at" AS "TimingRecord_recorded_at", "TimingRecord"."is_approved" AS 
"TimingRecord_is_approved", "TimingRecord"."elimination_type" AS "TimingRecord_elimination_type", 
"TimingRecord"."elimination_reason" AS "TimingRecord_elimination_reason", "TimingRecord"."scheduled_departure_time" AS 
"TimingRecord_scheduled_departure_time", "TimingRecord"."is_void" AS "TimingRecord_is_void", 
"TimingRecord"."void_reason" AS "TimingRecord_void_reason", "TimingRecord"."is_automatic" AS 
"TimingRecord_is_automatic", "TimingRecord"."created_at" AS "TimingRecord_created_at", "TimingRecord"."updated_at" AS 
"TimingRecord_updated_at", "TimingRecord"."tenant_id" AS "TimingRecord_tenant_id", "TimingRecord"."entry_id" AS 
"TimingRecord_entry_id", "TimingRecord"."stage_id" AS "TimingRecord_stage_id" FROM "timing_records" "TimingRecord" 
LEFT JOIN "competition_entries" "TimingRecord__TimingRecord_entry" ON 
"TimingRecord__TimingRecord_entry"."id"="TimingRecord"."entry_id"  LEFT JOIN "stages" 
"TimingRecord__TimingRecord_stage" ON "TimingRecord__TimingRecord_stage"."id"="TimingRecord"."stage_id" WHERE 
(((("TimingRecord__TimingRecord_entry"."id" = $1))) AND ((("TimingRecord__TimingRecord_stage"."id" = $2))) AND 
("TimingRecord"."record_type" = $3) AND ("TimingRecord"."is_void" = $4))) "distinctAlias" ORDER BY "TimingRecord_id" 
ASC LIMIT 1 -- PARAMETERS: 
["2d6c9e7a-2804-456b-9645-685353297b46","69f19308-fc90-478b-9e3e-0edd39a5105a","ARRIVAL",false]

      at PlatformTools.logInfo (../../../src/platform/PlatformTools.ts:262:17)

    console.log
      query: SELECT set_config('app.current_tenant_id', $1, $2) -- PARAMETERS: 
["a1000000-0000-0000-0000-000000000001",false]

      at PlatformTools.logInfo (../../../src/platform/PlatformTools.ts:262:17)

    console.log
      query: SELECT "TimingRecord"."id" AS "TimingRecord_id", "TimingRecord"."record_type" AS 
"TimingRecord_record_type", "TimingRecord"."recorded_at" AS "TimingRecord_recorded_at", "TimingRecord"."is_approved" 
AS "TimingRecord_is_approved", "TimingRecord"."elimination_type" AS "TimingRecord_elimination_type", 
"TimingRecord"."elimination_reason" AS "TimingRecord_elimination_reason", "TimingRecord"."scheduled_departure_time" AS 
"TimingRecord_scheduled_departure_time", "TimingRecord"."is_void" AS "TimingRecord_is_void", 
"TimingRecord"."void_reason" AS "TimingRecord_void_reason", "TimingRecord"."is_automatic" AS 
"TimingRecord_is_automatic", "TimingRecord"."created_at" AS "TimingRecord_created_at", "TimingRecord"."updated_at" AS 
"TimingRecord_updated_at", "TimingRecord"."tenant_id" AS "TimingRecord_tenant_id", "TimingRecord"."entry_id" AS 
"TimingRecord_entry_id", "TimingRecord"."stage_id" AS "TimingRecord_stage_id" FROM "timing_records" "TimingRecord" 
LEFT JOIN "competition_entries" "TimingRecord__TimingRecord_entry" ON 
"TimingRecord__TimingRecord_entry"."id"="TimingRecord"."entry_id"  LEFT JOIN "stages" 
"TimingRecord__TimingRecord_stage" ON "TimingRecord__TimingRecord_stage"."id"="TimingRecord"."stage_id" WHERE ( 
(((("TimingRecord__TimingRecord_entry"."id" = $1))) AND ((("TimingRecord__TimingRecord_stage"."id" = $2))) AND 
("TimingRecord"."record_type" = $3) AND ("TimingRecord"."is_void" = $4)) ) AND ( "TimingRecord"."id" IN ($5) ) -- 
PARAMETERS: ["2d6c9e7a-2804-456b-9645-685353297b46","69f19308-fc90-478b-9e3e-0edd39a5105a","ARRIVAL",false,"da5a6da0-86
22-4baf-9245-01b93e2f777b"]

      at PlatformTools.logInfo (../../../src/platform/PlatformTools.ts:262:17)

    console.log
      query: SELECT set_config('app.current_tenant_id', $1, $2) -- PARAMETERS: 
["a1000000-0000-0000-0000-000000000001",true]

      at PlatformTools.logInfo (../../../src/platform/PlatformTools.ts:262:17)

    console.log
      query: START TRANSACTION

      at PlatformTools.logInfo (../../../src/platform/PlatformTools.ts:262:17)

    console.log
      query: SELECT set_config('app.current_tenant_id', $1, $2) -- PARAMETERS: 
["a1000000-0000-0000-0000-000000000001",true]

      at PlatformTools.logInfo (../../../src/platform/PlatformTools.ts:262:17)

    console.log
      query: SELECT "CompetitionEntry"."id" AS "CompetitionEntry_id", "CompetitionEntry"."bib_number" AS 
"CompetitionEntry_bib_number", "CompetitionEntry"."status" AS "CompetitionEntry_status", 
"CompetitionEntry"."qualifies_for_points" AS "CompetitionEntry_qualifies_for_points", 
"CompetitionEntry"."final_position" AS "CompetitionEntry_final_position", "CompetitionEntry"."ballast_weight" AS 
"CompetitionEntry_ballast_weight", "CompetitionEntry"."rider_weight" AS "CompetitionEntry_rider_weight", 
"CompetitionEntry"."tack_weight" AS "CompetitionEntry_tack_weight", "CompetitionEntry"."sealed_items" AS 
"CompetitionEntry_sealed_items", "CompetitionEntry"."seal_number" AS "CompetitionEntry_seal_number", 
"CompetitionEntry"."weigh_in_at" AS "CompetitionEntry_weigh_in_at", "CompetitionEntry"."created_at" AS 
"CompetitionEntry_created_at", "CompetitionEntry"."updated_at" AS "CompetitionEntry_updated_at", 
"CompetitionEntry"."competition_id" AS "CompetitionEntry_competition_id", "CompetitionEntry"."rider_id" AS 
"CompetitionEntry_rider_id", "CompetitionEntry"."horse_id" AS "CompetitionEntry_horse_id", 
"CompetitionEntry"."represented_tenant_id" AS "CompetitionEntry_represented_tenant_id", "CompetitionEntry"."tenant_id" 
AS "CompetitionEntry_tenant_id", "CompetitionEntry"."current_stage_id" AS "CompetitionEntry_current_stage_id" FROM 
"competition_entries" "CompetitionEntry" WHERE (("CompetitionEntry"."id" = $1)) LIMIT 1 FOR UPDATE -- PARAMETERS: 
["2d6c9e7a-2804-456b-9645-685353297b46"]

      at PlatformTools.logInfo (../../../src/platform/PlatformTools.ts:262:17)

    console.log
      query: SELECT set_config('app.current_tenant_id', $1, $2) -- PARAMETERS: 
["a1000000-0000-0000-0000-000000000001",true]

      at PlatformTools.logInfo (../../../src/platform/PlatformTools.ts:262:17)

    console.log
      query: SELECT "VetInspection"."id" AS "VetInspection_id", "VetInspection"."heart_rate" AS 
"VetInspection_heart_rate", "VetInspection"."temperature" AS "VetInspection_temperature", "VetInspection"."motricity" 
AS "VetInspection_motricity", "VetInspection"."metabolic" AS "VetInspection_metabolic", 
"VetInspection"."attempt_number" AS "VetInspection_attempt_number", "VetInspection"."is_recheck_required" AS 
"VetInspection_is_recheck_required", "VetInspection"."next_check_time" AS "VetInspection_next_check_time", 
"VetInspection"."notes" AS "VetInspection_notes", "VetInspection"."created_at" AS "VetInspection_created_at", 
"VetInspection"."tenant_id" AS "VetInspection_tenant_id", "VetInspection"."timing_record_id" AS 
"VetInspection_timing_record_id", "VetInspection__VetInspection_timingRecord"."id" AS 
"VetInspection__VetInspection_timingRecord_id", "VetInspection__VetInspection_timingRecord"."record_type" AS 
"VetInspection__VetInspection_timingRecord_record_type", "VetInspection__VetInspection_timingRecord"."recorded_at" AS 
"VetInspection__VetInspection_timingRecord_recorded_at", "VetInspection__VetInspection_timingRecord"."is_approved" AS 
"VetInspection__VetInspection_timingRecord_is_approved", 
"VetInspection__VetInspection_timingRecord"."elimination_type" AS 
"VetInspection__VetInspection_timingRecord_elimination_type", 
"VetInspection__VetInspection_timingRecord"."elimination_reason" AS 
"VetInspection__VetInspection_timingRecord_elimination_reason", 
"VetInspection__VetInspection_timingRecord"."scheduled_departure_time" AS "7ccf086c4fdcf963e0e3d8584a9e8e0a429f9e1a", 
"VetInspection__VetInspection_timingRecord"."is_void" AS "VetInspection__VetInspection_timingRecord_is_void", 
"VetInspection__VetInspection_timingRecord"."void_reason" AS "VetInspection__VetInspection_timingRecord_void_reason", 
"VetInspection__VetInspection_timingRecord"."is_automatic" AS 
"VetInspection__VetInspection_timingRecord_is_automatic", "VetInspection__VetInspection_timingRecord"."created_at" AS 
"VetInspection__VetInspection_timingRecord_created_at", "VetInspection__VetInspection_timingRecord"."updated_at" AS 
"VetInspection__VetInspection_timingRecord_updated_at", "VetInspection__VetInspection_timingRecord"."tenant_id" AS 
"VetInspection__VetInspection_timingRecord_tenant_id", "VetInspection__VetInspection_timingRecord"."entry_id" AS 
"VetInspection__VetInspection_timingRecord_entry_id", "VetInspection__VetInspection_timingRecord"."stage_id" AS 
"VetInspection__VetInspection_timingRecord_stage_id" FROM "vet_inspections" "VetInspection" LEFT JOIN "timing_records" 
"VetInspection__VetInspection_timingRecord" ON 
"VetInspection__VetInspection_timingRecord"."id"="VetInspection"."timing_record_id"  LEFT JOIN "competition_entries" 
"61731a7277248f5b545540ae31b86ac78e2e29e4" ON 
"61731a7277248f5b545540ae31b86ac78e2e29e4"."id"="VetInspection__VetInspection_timingRecord"."entry_id"  LEFT JOIN 
"stages" "dae5a5348d6774bc49b3d27a45159577c3e906ad" ON 
"dae5a5348d6774bc49b3d27a45159577c3e906ad"."id"="VetInspection__VetInspection_timingRecord"."stage_id" WHERE 
(((((("61731a7277248f5b545540ae31b86ac78e2e29e4"."id" = $1))) AND ((("dae5a5348d6774bc49b3d27a45159577c3e906ad"."id" = 
$2))) AND ("VetInspection__VetInspection_timingRecord"."record_type" = $3) AND 
("VetInspection__VetInspection_timingRecord"."is_void" = $4)))) -- PARAMETERS: 
["2d6c9e7a-2804-456b-9645-685353297b46","69f19308-fc90-478b-9e3e-0edd39a5105a","VET_IN",false]

      at PlatformTools.logInfo (../../../src/platform/PlatformTools.ts:262:17)

    console.log
      query: SELECT set_config('app.current_tenant_id', $1, $2) -- PARAMETERS: 
["a1000000-0000-0000-0000-000000000001",true]

      at PlatformTools.logInfo (../../../src/platform/PlatformTools.ts:262:17)

    console.log
      query: UPDATE "competition_entries" SET "status" = $1, "updated_at" = CURRENT_TIMESTAMP WHERE "id" IN ($2) -- 
PARAMETERS: ["RESTING","2d6c9e7a-2804-456b-9645-685353297b46"]

      at PlatformTools.logInfo (../../../src/platform/PlatformTools.ts:262:17)

    console.log
      query: SELECT set_config('app.current_tenant_id', $1, $2) -- PARAMETERS: 
["a1000000-0000-0000-0000-000000000001",true]

      at PlatformTools.logInfo (../../../src/platform/PlatformTools.ts:262:17)

    console.log
      query: UPDATE "timing_records" SET "is_approved" = $1, "elimination_type" = $2, "elimination_reason" = $3, 
"updated_at" = CURRENT_TIMESTAMP WHERE "id" IN ($4) -- PARAMETERS: 
[true,null,null,"6271218e-c25a-4179-a831-2ca652b4bdf8"]

      at PlatformTools.logInfo (../../../src/platform/PlatformTools.ts:262:17)

    console.log
      query: SELECT set_config('app.current_tenant_id', $1, $2) -- PARAMETERS: 
["a1000000-0000-0000-0000-000000000001",true]

      at PlatformTools.logInfo (../../../src/platform/PlatformTools.ts:262:17)

    console.log
      query: INSERT INTO "vet_inspections"("id", "heart_rate", "temperature", "motricity", "metabolic", 
"attempt_number", "is_recheck_required", "next_check_time", "notes", "created_at", "tenant_id", "timing_record_id") 
VALUES (DEFAULT, $1, $2, $3, $4, $5, $6, DEFAULT, $7, DEFAULT, $8, $9) RETURNING "id", "motricity", "metabolic", 
"attempt_number", "is_recheck_required", "created_at" -- PARAMETERS: [52,38.2,"APTO","NORMAL",1,false,"Tested 
e2e","a1000000-0000-0000-0000-000000000001","6271218e-c25a-4179-a831-2ca652b4bdf8"]

      at PlatformTools.logInfo (../../../src/platform/PlatformTools.ts:262:17)

    console.log
      [Recovery Engine] Inspecci├│n registrada (Intento 1). Estado resultante: RESTING

      at ../src/modules/vet-inspections/vet-inspections.service.ts:235:15

    console.log
      query: SELECT set_config('app.current_tenant_id', $1, $2) -- PARAMETERS: 
["a1000000-0000-0000-0000-000000000001",true]

      at PlatformTools.logInfo (../../../src/platform/PlatformTools.ts:262:17)
          at async Promise.all (index 0)
          at async Promise.all (index 0)

    console.log
      query: SELECT "TimingRecord"."id" AS "TimingRecord_id", "TimingRecord"."record_type" AS 
"TimingRecord_record_type", "TimingRecord"."recorded_at" AS "TimingRecord_recorded_at", "TimingRecord"."is_approved" 
AS "TimingRecord_is_approved", "TimingRecord"."elimination_type" AS "TimingRecord_elimination_type", 
"TimingRecord"."elimination_reason" AS "TimingRecord_elimination_reason", "TimingRecord"."scheduled_departure_time" AS 
"TimingRecord_scheduled_departure_time", "TimingRecord"."is_void" AS "TimingRecord_is_void", 
"TimingRecord"."void_reason" AS "TimingRecord_void_reason", "TimingRecord"."is_automatic" AS 
"TimingRecord_is_automatic", "TimingRecord"."created_at" AS "TimingRecord_created_at", "TimingRecord"."updated_at" AS 
"TimingRecord_updated_at", "TimingRecord"."tenant_id" AS "TimingRecord_tenant_id", "TimingRecord"."entry_id" AS 
"TimingRecord_entry_id", "TimingRecord"."stage_id" AS "TimingRecord_stage_id" FROM "timing_records" "TimingRecord" 
WHERE "TimingRecord"."id" IN ($1) -- PARAMETERS: ["da5a6da0-8622-4baf-9245-01b93e2f777b"]

      at PlatformTools.logInfo (../../../src/platform/PlatformTools.ts:262:17)

    console.log
      query: SELECT set_config('app.current_tenant_id', $1, $2) -- PARAMETERS: 
["a1000000-0000-0000-0000-000000000001",true]

      at PlatformTools.logInfo (../../../src/platform/PlatformTools.ts:262:17)
          at async Promise.all (index 0)

    console.log
      query: UPDATE "timing_records" SET "scheduled_departure_time" = $1, "updated_at" = CURRENT_TIMESTAMP WHERE "id" 
IN ($2) RETURNING "updated_at" -- PARAMETERS: ["2026-06-10T10:30:00.000Z","da5a6da0-8622-4baf-9245-01b93e2f777b"]

      at PlatformTools.logInfo (../../../src/platform/PlatformTools.ts:262:17)

    console.log
      query: SELECT set_config('app.current_tenant_id', $1, $2) -- PARAMETERS: 
["a1000000-0000-0000-0000-000000000001",true]

      at PlatformTools.logInfo (../../../src/platform/PlatformTools.ts:262:17)

    console.log
      query: SELECT DISTINCT "distinctAlias"."CompetitionEntry_id" AS "ids_CompetitionEntry_id" FROM (SELECT 
"CompetitionEntry"."id" AS "CompetitionEntry_id", "CompetitionEntry"."bib_number" AS "CompetitionEntry_bib_number", 
"CompetitionEntry"."status" AS "CompetitionEntry_status", "CompetitionEntry"."qualifies_for_points" AS 
"CompetitionEntry_qualifies_for_points", "CompetitionEntry"."final_position" AS "CompetitionEntry_final_position", 
"CompetitionEntry"."ballast_weight" AS "CompetitionEntry_ballast_weight", "CompetitionEntry"."rider_weight" AS 
"CompetitionEntry_rider_weight", "CompetitionEntry"."tack_weight" AS "CompetitionEntry_tack_weight", 
"CompetitionEntry"."sealed_items" AS "CompetitionEntry_sealed_items", "CompetitionEntry"."seal_number" AS 
"CompetitionEntry_seal_number", "CompetitionEntry"."weigh_in_at" AS "CompetitionEntry_weigh_in_at", 
"CompetitionEntry"."created_at" AS "CompetitionEntry_created_at", "CompetitionEntry"."updated_at" AS 
"CompetitionEntry_updated_at", "CompetitionEntry"."competition_id" AS "CompetitionEntry_competition_id", 
"CompetitionEntry"."rider_id" AS "CompetitionEntry_rider_id", "CompetitionEntry"."horse_id" AS 
"CompetitionEntry_horse_id", "CompetitionEntry"."represented_tenant_id" AS "CompetitionEntry_represented_tenant_id", 
"CompetitionEntry"."tenant_id" AS "CompetitionEntry_tenant_id", "CompetitionEntry"."current_stage_id" AS 
"CompetitionEntry_current_stage_id", "CompetitionEntry__CompetitionEntry_competition"."id" AS 
"CompetitionEntry__CompetitionEntry_competition_id", "CompetitionEntry__CompetitionEntry_competition"."name" AS 
"CompetitionEntry__CompetitionEntry_competition_name", 
"CompetitionEntry__CompetitionEntry_competition"."competition_date" AS 
"CompetitionEntry__CompetitionEntry_competition_competition_date", 
"CompetitionEntry__CompetitionEntry_competition"."start_time" AS 
"CompetitionEntry__CompetitionEntry_competition_start_time", 
"CompetitionEntry__CompetitionEntry_competition"."location" AS 
"CompetitionEntry__CompetitionEntry_competition_location", 
"CompetitionEntry__CompetitionEntry_competition"."is_federated" AS 
"CompetitionEntry__CompetitionEntry_competition_is_federated", 
"CompetitionEntry__CompetitionEntry_competition"."max_heart_rate" AS 
"CompetitionEntry__CompetitionEntry_competition_max_heart_rate", 
"CompetitionEntry__CompetitionEntry_competition"."status" AS "CompetitionEntry__CompetitionEntry_competition_status", 
"CompetitionEntry__CompetitionEntry_competition"."created_at" AS 
"CompetitionEntry__CompetitionEntry_competition_created_at", 
"CompetitionEntry__CompetitionEntry_competition"."tenant_id" AS 
"CompetitionEntry__CompetitionEntry_competition_tenant_id", 
"CompetitionEntry__CompetitionEntry_competition"."competition_type_id" AS "cc0eeb8de475a642ca4d9779fefef42635e3845c", 
"CompetitionEntry__CompetitionEntry_tenant"."id" AS "CompetitionEntry__CompetitionEntry_tenant_id", 
"CompetitionEntry__CompetitionEntry_tenant"."name" AS "CompetitionEntry__CompetitionEntry_tenant_name", 
"CompetitionEntry__CompetitionEntry_tenant"."location" AS "CompetitionEntry__CompetitionEntry_tenant_location", 
"CompetitionEntry__CompetitionEntry_tenant"."created_at" AS "CompetitionEntry__CompetitionEntry_tenant_created_at" 
FROM "competition_entries" "CompetitionEntry" LEFT JOIN "competitions" 
"CompetitionEntry__CompetitionEntry_competition" ON 
"CompetitionEntry__CompetitionEntry_competition"."id"="CompetitionEntry"."competition_id"  LEFT JOIN "tenants" 
"CompetitionEntry__CompetitionEntry_tenant" ON 
"CompetitionEntry__CompetitionEntry_tenant"."id"="CompetitionEntry"."tenant_id" WHERE (("CompetitionEntry"."id" = 
$1))) "distinctAlias" ORDER BY "CompetitionEntry_id" ASC LIMIT 1 -- PARAMETERS: 
["2d6c9e7a-2804-456b-9645-685353297b46"]

      at PlatformTools.logInfo (../../../src/platform/PlatformTools.ts:262:17)

    console.log
      query: SELECT set_config('app.current_tenant_id', $1, $2) -- PARAMETERS: 
["a1000000-0000-0000-0000-000000000001",true]

      at PlatformTools.logInfo (../../../src/platform/PlatformTools.ts:262:17)

    console.log
      query: SELECT "CompetitionEntry"."id" AS "CompetitionEntry_id", "CompetitionEntry"."bib_number" AS 
"CompetitionEntry_bib_number", "CompetitionEntry"."status" AS "CompetitionEntry_status", 
"CompetitionEntry"."qualifies_for_points" AS "CompetitionEntry_qualifies_for_points", 
"CompetitionEntry"."final_position" AS "CompetitionEntry_final_position", "CompetitionEntry"."ballast_weight" AS 
"CompetitionEntry_ballast_weight", "CompetitionEntry"."rider_weight" AS "CompetitionEntry_rider_weight", 
"CompetitionEntry"."tack_weight" AS "CompetitionEntry_tack_weight", "CompetitionEntry"."sealed_items" AS 
"CompetitionEntry_sealed_items", "CompetitionEntry"."seal_number" AS "CompetitionEntry_seal_number", 
"CompetitionEntry"."weigh_in_at" AS "CompetitionEntry_weigh_in_at", "CompetitionEntry"."created_at" AS 
"CompetitionEntry_created_at", "CompetitionEntry"."updated_at" AS "CompetitionEntry_updated_at", 
"CompetitionEntry"."competition_id" AS "CompetitionEntry_competition_id", "CompetitionEntry"."rider_id" AS 
"CompetitionEntry_rider_id", "CompetitionEntry"."horse_id" AS "CompetitionEntry_horse_id", 
"CompetitionEntry"."represented_tenant_id" AS "CompetitionEntry_represented_tenant_id", "CompetitionEntry"."tenant_id" 
AS "CompetitionEntry_tenant_id", "CompetitionEntry"."current_stage_id" AS "CompetitionEntry_current_stage_id", 
"CompetitionEntry__CompetitionEntry_competition"."id" AS "CompetitionEntry__CompetitionEntry_competition_id", 
"CompetitionEntry__CompetitionEntry_competition"."name" AS "CompetitionEntry__CompetitionEntry_competition_name", 
"CompetitionEntry__CompetitionEntry_competition"."competition_date" AS 
"CompetitionEntry__CompetitionEntry_competition_competition_date", 
"CompetitionEntry__CompetitionEntry_competition"."start_time" AS 
"CompetitionEntry__CompetitionEntry_competition_start_time", 
"CompetitionEntry__CompetitionEntry_competition"."location" AS 
"CompetitionEntry__CompetitionEntry_competition_location", 
"CompetitionEntry__CompetitionEntry_competition"."is_federated" AS 
"CompetitionEntry__CompetitionEntry_competition_is_federated", 
"CompetitionEntry__CompetitionEntry_competition"."max_heart_rate" AS 
"CompetitionEntry__CompetitionEntry_competition_max_heart_rate", 
"CompetitionEntry__CompetitionEntry_competition"."status" AS "CompetitionEntry__CompetitionEntry_competition_status", 
"CompetitionEntry__CompetitionEntry_competition"."created_at" AS 
"CompetitionEntry__CompetitionEntry_competition_created_at", 
"CompetitionEntry__CompetitionEntry_competition"."tenant_id" AS 
"CompetitionEntry__CompetitionEntry_competition_tenant_id", 
"CompetitionEntry__CompetitionEntry_competition"."competition_type_id" AS "cc0eeb8de475a642ca4d9779fefef42635e3845c", 
"CompetitionEntry__CompetitionEntry_tenant"."id" AS "CompetitionEntry__CompetitionEntry_tenant_id", 
"CompetitionEntry__CompetitionEntry_tenant"."name" AS "CompetitionEntry__CompetitionEntry_tenant_name", 
"CompetitionEntry__CompetitionEntry_tenant"."location" AS "CompetitionEntry__CompetitionEntry_tenant_location", 
"CompetitionEntry__CompetitionEntry_tenant"."created_at" AS "CompetitionEntry__CompetitionEntry_tenant_created_at" 
FROM "competition_entries" "CompetitionEntry" LEFT JOIN "competitions" 
"CompetitionEntry__CompetitionEntry_competition" ON 
"CompetitionEntry__CompetitionEntry_competition"."id"="CompetitionEntry"."competition_id"  LEFT JOIN "tenants" 
"CompetitionEntry__CompetitionEntry_tenant" ON 
"CompetitionEntry__CompetitionEntry_tenant"."id"="CompetitionEntry"."tenant_id" WHERE ( (("CompetitionEntry"."id" = 
$1)) ) AND ( "CompetitionEntry"."id" IN ($2) ) -- PARAMETERS: 
["2d6c9e7a-2804-456b-9645-685353297b46","2d6c9e7a-2804-456b-9645-685353297b46"]

      at PlatformTools.logInfo (../../../src/platform/PlatformTools.ts:262:17)

    console.log
      query: SELECT set_config('app.current_tenant_id', $1, $2) -- PARAMETERS: 
["a1000000-0000-0000-0000-000000000001",true]

      at PlatformTools.logInfo (../../../src/platform/PlatformTools.ts:262:17)

    console.log
      query: SELECT DISTINCT "distinctAlias"."Stage_id" AS "ids_Stage_id" FROM (SELECT "Stage"."id" AS "Stage_id", 
"Stage"."stage_number" AS "Stage_stage_number", "Stage"."distance_km" AS "Stage_distance_km", 
"Stage"."neutralization_minutes" AS "Stage_neutralization_minutes", "Stage"."tenant_id" AS "Stage_tenant_id", 
"Stage"."competition_id" AS "Stage_competition_id" FROM "stages" "Stage" LEFT JOIN "competitions" 
"Stage__Stage_competition" ON "Stage__Stage_competition"."id"="Stage"."competition_id" WHERE 
(((("Stage__Stage_competition"."id" = $1))) AND ("Stage"."stage_number" = $2))) "distinctAlias" ORDER BY "Stage_id" 
ASC LIMIT 1 -- PARAMETERS: ["819035f1-f1b0-4afd-97cd-748ab886b893",2]

      at PlatformTools.logInfo (../../../src/platform/PlatformTools.ts:262:17)

    console.log
      query: SELECT set_config('app.current_tenant_id', $1, $2) -- PARAMETERS: 
["a1000000-0000-0000-0000-000000000001",true]

      at PlatformTools.logInfo (../../../src/platform/PlatformTools.ts:262:17)

    console.log
      query: SELECT "Stage"."id" AS "Stage_id", "Stage"."stage_number" AS "Stage_stage_number", "Stage"."distance_km" 
AS "Stage_distance_km", "Stage"."neutralization_minutes" AS "Stage_neutralization_minutes", "Stage"."tenant_id" AS 
"Stage_tenant_id", "Stage"."competition_id" AS "Stage_competition_id" FROM "stages" "Stage" LEFT JOIN "competitions" 
"Stage__Stage_competition" ON "Stage__Stage_competition"."id"="Stage"."competition_id" WHERE ( 
(((("Stage__Stage_competition"."id" = $1))) AND ("Stage"."stage_number" = $2)) ) AND ( "Stage"."id" IN ($3) ) -- 
PARAMETERS: ["819035f1-f1b0-4afd-97cd-748ab886b893",2,"1adafb24-27bc-498f-82e2-d616523f92ae"]

      at PlatformTools.logInfo (../../../src/platform/PlatformTools.ts:262:17)

    console.log
      query: SELECT set_config('app.current_tenant_id', $1, $2) -- PARAMETERS: 
["a1000000-0000-0000-0000-000000000001",true]

      at PlatformTools.logInfo (../../../src/platform/PlatformTools.ts:262:17)

    console.log
      query: SELECT DISTINCT "distinctAlias"."TimingRecord_id" AS "ids_TimingRecord_id" FROM (SELECT 
"TimingRecord"."id" AS "TimingRecord_id", "TimingRecord"."record_type" AS "TimingRecord_record_type", 
"TimingRecord"."recorded_at" AS "TimingRecord_recorded_at", "TimingRecord"."is_approved" AS 
"TimingRecord_is_approved", "TimingRecord"."elimination_type" AS "TimingRecord_elimination_type", 
"TimingRecord"."elimination_reason" AS "TimingRecord_elimination_reason", "TimingRecord"."scheduled_departure_time" AS 
"TimingRecord_scheduled_departure_time", "TimingRecord"."is_void" AS "TimingRecord_is_void", 
"TimingRecord"."void_reason" AS "TimingRecord_void_reason", "TimingRecord"."is_automatic" AS 
"TimingRecord_is_automatic", "TimingRecord"."created_at" AS "TimingRecord_created_at", "TimingRecord"."updated_at" AS 
"TimingRecord_updated_at", "TimingRecord"."tenant_id" AS "TimingRecord_tenant_id", "TimingRecord"."entry_id" AS 
"TimingRecord_entry_id", "TimingRecord"."stage_id" AS "TimingRecord_stage_id", 
"TimingRecord__TimingRecord_vetInspection"."id" AS "TimingRecord__TimingRecord_vetInspection_id", 
"TimingRecord__TimingRecord_vetInspection"."heart_rate" AS "TimingRecord__TimingRecord_vetInspection_heart_rate", 
"TimingRecord__TimingRecord_vetInspection"."temperature" AS "TimingRecord__TimingRecord_vetInspection_temperature", 
"TimingRecord__TimingRecord_vetInspection"."motricity" AS "TimingRecord__TimingRecord_vetInspection_motricity", 
"TimingRecord__TimingRecord_vetInspection"."metabolic" AS "TimingRecord__TimingRecord_vetInspection_metabolic", 
"TimingRecord__TimingRecord_vetInspection"."attempt_number" AS 
"TimingRecord__TimingRecord_vetInspection_attempt_number", 
"TimingRecord__TimingRecord_vetInspection"."is_recheck_required" AS 
"TimingRecord__TimingRecord_vetInspection_is_recheck_required", 
"TimingRecord__TimingRecord_vetInspection"."next_check_time" AS 
"TimingRecord__TimingRecord_vetInspection_next_check_time", "TimingRecord__TimingRecord_vetInspection"."notes" AS 
"TimingRecord__TimingRecord_vetInspection_notes", "TimingRecord__TimingRecord_vetInspection"."created_at" AS 
"TimingRecord__TimingRecord_vetInspection_created_at", "TimingRecord__TimingRecord_vetInspection"."tenant_id" AS 
"TimingRecord__TimingRecord_vetInspection_tenant_id", "TimingRecord__TimingRecord_vetInspection"."timing_record_id" AS 
"TimingRecord__TimingRecord_vetInspection_timing_record_id" FROM "timing_records" "TimingRecord" LEFT JOIN 
"vet_inspections" "TimingRecord__TimingRecord_vetInspection" ON 
"TimingRecord__TimingRecord_vetInspection"."timing_record_id"="TimingRecord"."id"  LEFT JOIN "competition_entries" 
"TimingRecord__TimingRecord_entry" ON "TimingRecord__TimingRecord_entry"."id"="TimingRecord"."entry_id"  LEFT JOIN 
"stages" "TimingRecord__TimingRecord_stage" ON "TimingRecord__TimingRecord_stage"."id"="TimingRecord"."stage_id" WHERE 
(((("TimingRecord__TimingRecord_entry"."id" = $1))) AND ((("TimingRecord__TimingRecord_stage"."id" = $2))) AND 
("TimingRecord"."record_type" = $3) AND ("TimingRecord"."is_approved" = $4) AND ("TimingRecord"."is_void" = $5))) 
"distinctAlias" ORDER BY "TimingRecord_id" ASC LIMIT 1 -- PARAMETERS: 
["2d6c9e7a-2804-456b-9645-685353297b46","69f19308-fc90-478b-9e3e-0edd39a5105a","VET_IN",true,false]

      at PlatformTools.logInfo (../../../src/platform/PlatformTools.ts:262:17)

    console.log
      query: SELECT set_config('app.current_tenant_id', $1, $2) -- PARAMETERS: 
["a1000000-0000-0000-0000-000000000001",true]

      at PlatformTools.logInfo (../../../src/platform/PlatformTools.ts:262:17)

    console.log
      query: SELECT "TimingRecord"."id" AS "TimingRecord_id", "TimingRecord"."record_type" AS 
"TimingRecord_record_type", "TimingRecord"."recorded_at" AS "TimingRecord_recorded_at", "TimingRecord"."is_approved" 
AS "TimingRecord_is_approved", "TimingRecord"."elimination_type" AS "TimingRecord_elimination_type", 
"TimingRecord"."elimination_reason" AS "TimingRecord_elimination_reason", "TimingRecord"."scheduled_departure_time" AS 
"TimingRecord_scheduled_departure_time", "TimingRecord"."is_void" AS "TimingRecord_is_void", 
"TimingRecord"."void_reason" AS "TimingRecord_void_reason", "TimingRecord"."is_automatic" AS 
"TimingRecord_is_automatic", "TimingRecord"."created_at" AS "TimingRecord_created_at", "TimingRecord"."updated_at" AS 
"TimingRecord_updated_at", "TimingRecord"."tenant_id" AS "TimingRecord_tenant_id", "TimingRecord"."entry_id" AS 
"TimingRecord_entry_id", "TimingRecord"."stage_id" AS "TimingRecord_stage_id", 
"TimingRecord__TimingRecord_vetInspection"."id" AS "TimingRecord__TimingRecord_vetInspection_id", 
"TimingRecord__TimingRecord_vetInspection"."heart_rate" AS "TimingRecord__TimingRecord_vetInspection_heart_rate", 
"TimingRecord__TimingRecord_vetInspection"."temperature" AS "TimingRecord__TimingRecord_vetInspection_temperature", 
"TimingRecord__TimingRecord_vetInspection"."motricity" AS "TimingRecord__TimingRecord_vetInspection_motricity", 
"TimingRecord__TimingRecord_vetInspection"."metabolic" AS "TimingRecord__TimingRecord_vetInspection_metabolic", 
"TimingRecord__TimingRecord_vetInspection"."attempt_number" AS 
"TimingRecord__TimingRecord_vetInspection_attempt_number", 
"TimingRecord__TimingRecord_vetInspection"."is_recheck_required" AS 
"TimingRecord__TimingRecord_vetInspection_is_recheck_required", 
"TimingRecord__TimingRecord_vetInspection"."next_check_time" AS 
"TimingRecord__TimingRecord_vetInspection_next_check_time", "TimingRecord__TimingRecord_vetInspection"."notes" AS 
"TimingRecord__TimingRecord_vetInspection_notes", "TimingRecord__TimingRecord_vetInspection"."created_at" AS 
"TimingRecord__TimingRecord_vetInspection_created_at", "TimingRecord__TimingRecord_vetInspection"."tenant_id" AS 
"TimingRecord__TimingRecord_vetInspection_tenant_id", "TimingRecord__TimingRecord_vetInspection"."timing_record_id" AS 
"TimingRecord__TimingRecord_vetInspection_timing_record_id" FROM "timing_records" "TimingRecord" LEFT JOIN 
"vet_inspections" "TimingRecord__TimingRecord_vetInspection" ON 
"TimingRecord__TimingRecord_vetInspection"."timing_record_id"="TimingRecord"."id"  LEFT JOIN "competition_entries" 
"TimingRecord__TimingRecord_entry" ON "TimingRecord__TimingRecord_entry"."id"="TimingRecord"."entry_id"  LEFT JOIN 
"stages" "TimingRecord__TimingRecord_stage" ON "TimingRecord__TimingRecord_stage"."id"="TimingRecord"."stage_id" WHERE 
( (((("TimingRecord__TimingRecord_entry"."id" = $1))) AND ((("TimingRecord__TimingRecord_stage"."id" = $2))) AND 
("TimingRecord"."record_type" = $3) AND ("TimingRecord"."is_approved" = $4) AND ("TimingRecord"."is_void" = $5)) ) AND 
( "TimingRecord"."id" IN ($6) ) -- PARAMETERS: ["2d6c9e7a-2804-456b-9645-685353297b46","69f19308-fc90-478b-9e3e-0edd39a
5105a","VET_IN",true,false,"6271218e-c25a-4179-a831-2ca652b4bdf8"]

      at PlatformTools.logInfo (../../../src/platform/PlatformTools.ts:262:17)

    console.log
      query: SELECT set_config('app.current_tenant_id', $1, $2) -- PARAMETERS: 
["a1000000-0000-0000-0000-000000000001",true]

      at PlatformTools.logInfo (../../../src/platform/PlatformTools.ts:262:17)

    console.log
      query: SELECT DISTINCT "distinctAlias"."CompetitionEntry_id" AS "ids_CompetitionEntry_id" FROM (SELECT 
"CompetitionEntry"."id" AS "CompetitionEntry_id", "CompetitionEntry"."bib_number" AS "CompetitionEntry_bib_number", 
"CompetitionEntry"."status" AS "CompetitionEntry_status", "CompetitionEntry"."qualifies_for_points" AS 
"CompetitionEntry_qualifies_for_points", "CompetitionEntry"."final_position" AS "CompetitionEntry_final_position", 
"CompetitionEntry"."ballast_weight" AS "CompetitionEntry_ballast_weight", "CompetitionEntry"."rider_weight" AS 
"CompetitionEntry_rider_weight", "CompetitionEntry"."tack_weight" AS "CompetitionEntry_tack_weight", 
"CompetitionEntry"."sealed_items" AS "CompetitionEntry_sealed_items", "CompetitionEntry"."seal_number" AS 
"CompetitionEntry_seal_number", "CompetitionEntry"."weigh_in_at" AS "CompetitionEntry_weigh_in_at", 
"CompetitionEntry"."created_at" AS "CompetitionEntry_created_at", "CompetitionEntry"."updated_at" AS 
"CompetitionEntry_updated_at", "CompetitionEntry"."competition_id" AS "CompetitionEntry_competition_id", 
"CompetitionEntry"."rider_id" AS "CompetitionEntry_rider_id", "CompetitionEntry"."horse_id" AS 
"CompetitionEntry_horse_id", "CompetitionEntry"."represented_tenant_id" AS "CompetitionEntry_represented_tenant_id", 
"CompetitionEntry"."tenant_id" AS "CompetitionEntry_tenant_id", "CompetitionEntry"."current_stage_id" AS 
"CompetitionEntry_current_stage_id", "CompetitionEntry__CompetitionEntry_currentStage"."id" AS 
"CompetitionEntry__CompetitionEntry_currentStage_id", "CompetitionEntry__CompetitionEntry_currentStage"."stage_number" 
AS "CompetitionEntry__CompetitionEntry_currentStage_stage_number", 
"CompetitionEntry__CompetitionEntry_currentStage"."distance_km" AS 
"CompetitionEntry__CompetitionEntry_currentStage_distance_km", 
"CompetitionEntry__CompetitionEntry_currentStage"."neutralization_minutes" AS 
"a3b7d689b55b9af95b5300db76a680f698425a53", "CompetitionEntry__CompetitionEntry_currentStage"."tenant_id" AS 
"CompetitionEntry__CompetitionEntry_currentStage_tenant_id", 
"CompetitionEntry__CompetitionEntry_currentStage"."competition_id" AS 
"CompetitionEntry__CompetitionEntry_currentStage_competition_id", 
"CompetitionEntry__CompetitionEntry_competition"."id" AS "CompetitionEntry__CompetitionEntry_competition_id", 
"CompetitionEntry__CompetitionEntry_competition"."name" AS "CompetitionEntry__CompetitionEntry_competition_name", 
"CompetitionEntry__CompetitionEntry_competition"."competition_date" AS 
"CompetitionEntry__CompetitionEntry_competition_competition_date", 
"CompetitionEntry__CompetitionEntry_competition"."start_time" AS 
"CompetitionEntry__CompetitionEntry_competition_start_time", 
"CompetitionEntry__CompetitionEntry_competition"."location" AS 
"CompetitionEntry__CompetitionEntry_competition_location", 
"CompetitionEntry__CompetitionEntry_competition"."is_federated" AS 
"CompetitionEntry__CompetitionEntry_competition_is_federated", 
"CompetitionEntry__CompetitionEntry_competition"."max_heart_rate" AS 
"CompetitionEntry__CompetitionEntry_competition_max_heart_rate", 
"CompetitionEntry__CompetitionEntry_competition"."status" AS "CompetitionEntry__CompetitionEntry_competition_status", 
"CompetitionEntry__CompetitionEntry_competition"."created_at" AS 
"CompetitionEntry__CompetitionEntry_competition_created_at", 
"CompetitionEntry__CompetitionEntry_competition"."tenant_id" AS 
"CompetitionEntry__CompetitionEntry_competition_tenant_id", 
"CompetitionEntry__CompetitionEntry_competition"."competition_type_id" AS "cc0eeb8de475a642ca4d9779fefef42635e3845c" 
FROM "competition_entries" "CompetitionEntry" LEFT JOIN "stages" "CompetitionEntry__CompetitionEntry_currentStage" ON 
"CompetitionEntry__CompetitionEntry_currentStage"."id"="CompetitionEntry"."current_stage_id"  LEFT JOIN "competitions" 
"CompetitionEntry__CompetitionEntry_competition" ON 
"CompetitionEntry__CompetitionEntry_competition"."id"="CompetitionEntry"."competition_id" WHERE 
(("CompetitionEntry"."id" = $1))) "distinctAlias" ORDER BY "CompetitionEntry_id" ASC LIMIT 1 -- PARAMETERS: 
["2d6c9e7a-2804-456b-9645-685353297b46"]

      at PlatformTools.logInfo (../../../src/platform/PlatformTools.ts:262:17)

    console.log
      query: SELECT set_config('app.current_tenant_id', $1, $2) -- PARAMETERS: 
["a1000000-0000-0000-0000-000000000001",true]

      at PlatformTools.logInfo (../../../src/platform/PlatformTools.ts:262:17)

    console.log
      query: SELECT "CompetitionEntry"."id" AS "CompetitionEntry_id", "CompetitionEntry"."bib_number" AS 
"CompetitionEntry_bib_number", "CompetitionEntry"."status" AS "CompetitionEntry_status", 
"CompetitionEntry"."qualifies_for_points" AS "CompetitionEntry_qualifies_for_points", 
"CompetitionEntry"."final_position" AS "CompetitionEntry_final_position", "CompetitionEntry"."ballast_weight" AS 
"CompetitionEntry_ballast_weight", "CompetitionEntry"."rider_weight" AS "CompetitionEntry_rider_weight", 
"CompetitionEntry"."tack_weight" AS "CompetitionEntry_tack_weight", "CompetitionEntry"."sealed_items" AS 
"CompetitionEntry_sealed_items", "CompetitionEntry"."seal_number" AS "CompetitionEntry_seal_number", 
"CompetitionEntry"."weigh_in_at" AS "CompetitionEntry_weigh_in_at", "CompetitionEntry"."created_at" AS 
"CompetitionEntry_created_at", "CompetitionEntry"."updated_at" AS "CompetitionEntry_updated_at", 
"CompetitionEntry"."competition_id" AS "CompetitionEntry_competition_id", "CompetitionEntry"."rider_id" AS 
"CompetitionEntry_rider_id", "CompetitionEntry"."horse_id" AS "CompetitionEntry_horse_id", 
"CompetitionEntry"."represented_tenant_id" AS "CompetitionEntry_represented_tenant_id", "CompetitionEntry"."tenant_id" 
AS "CompetitionEntry_tenant_id", "CompetitionEntry"."current_stage_id" AS "CompetitionEntry_current_stage_id", 
"CompetitionEntry__CompetitionEntry_currentStage"."id" AS "CompetitionEntry__CompetitionEntry_currentStage_id", 
"CompetitionEntry__CompetitionEntry_currentStage"."stage_number" AS 
"CompetitionEntry__CompetitionEntry_currentStage_stage_number", 
"CompetitionEntry__CompetitionEntry_currentStage"."distance_km" AS 
"CompetitionEntry__CompetitionEntry_currentStage_distance_km", 
"CompetitionEntry__CompetitionEntry_currentStage"."neutralization_minutes" AS 
"a3b7d689b55b9af95b5300db76a680f698425a53", "CompetitionEntry__CompetitionEntry_currentStage"."tenant_id" AS 
"CompetitionEntry__CompetitionEntry_currentStage_tenant_id", 
"CompetitionEntry__CompetitionEntry_currentStage"."competition_id" AS 
"CompetitionEntry__CompetitionEntry_currentStage_competition_id", 
"CompetitionEntry__CompetitionEntry_competition"."id" AS "CompetitionEntry__CompetitionEntry_competition_id", 
"CompetitionEntry__CompetitionEntry_competition"."name" AS "CompetitionEntry__CompetitionEntry_competition_name", 
"CompetitionEntry__CompetitionEntry_competition"."competition_date" AS 
"CompetitionEntry__CompetitionEntry_competition_competition_date", 
"CompetitionEntry__CompetitionEntry_competition"."start_time" AS 
"CompetitionEntry__CompetitionEntry_competition_start_time", 
"CompetitionEntry__CompetitionEntry_competition"."location" AS 
"CompetitionEntry__CompetitionEntry_competition_location", 
"CompetitionEntry__CompetitionEntry_competition"."is_federated" AS 
"CompetitionEntry__CompetitionEntry_competition_is_federated", 
"CompetitionEntry__CompetitionEntry_competition"."max_heart_rate" AS 
"CompetitionEntry__CompetitionEntry_competition_max_heart_rate", 
"CompetitionEntry__CompetitionEntry_competition"."status" AS "CompetitionEntry__CompetitionEntry_competition_status", 
"CompetitionEntry__CompetitionEntry_competition"."created_at" AS 
"CompetitionEntry__CompetitionEntry_competition_created_at", 
"CompetitionEntry__CompetitionEntry_competition"."tenant_id" AS 
"CompetitionEntry__CompetitionEntry_competition_tenant_id", 
"CompetitionEntry__CompetitionEntry_competition"."competition_type_id" AS "cc0eeb8de475a642ca4d9779fefef42635e3845c" 
FROM "competition_entries" "CompetitionEntry" LEFT JOIN "stages" "CompetitionEntry__CompetitionEntry_currentStage" ON 
"CompetitionEntry__CompetitionEntry_currentStage"."id"="CompetitionEntry"."current_stage_id"  LEFT JOIN "competitions" 
"CompetitionEntry__CompetitionEntry_competition" ON 
"CompetitionEntry__CompetitionEntry_competition"."id"="CompetitionEntry"."competition_id" WHERE ( 
(("CompetitionEntry"."id" = $1)) ) AND ( "CompetitionEntry"."id" IN ($2) ) -- PARAMETERS: 
["2d6c9e7a-2804-456b-9645-685353297b46","2d6c9e7a-2804-456b-9645-685353297b46"]

      at PlatformTools.logInfo (../../../src/platform/PlatformTools.ts:262:17)

    console.log
      query: SELECT set_config('app.current_tenant_id', $1, $2) -- PARAMETERS: 
["a1000000-0000-0000-0000-000000000001",true]

      at PlatformTools.logInfo (../../../src/platform/PlatformTools.ts:262:17)

    console.log
      query: SELECT DISTINCT "distinctAlias"."TimingRecord_id" AS "ids_TimingRecord_id" FROM (SELECT 
"TimingRecord"."id" AS "TimingRecord_id", "TimingRecord"."record_type" AS "TimingRecord_record_type", 
"TimingRecord"."recorded_at" AS "TimingRecord_recorded_at", "TimingRecord"."is_approved" AS 
"TimingRecord_is_approved", "TimingRecord"."elimination_type" AS "TimingRecord_elimination_type", 
"TimingRecord"."elimination_reason" AS "TimingRecord_elimination_reason", "TimingRecord"."scheduled_departure_time" AS 
"TimingRecord_scheduled_departure_time", "TimingRecord"."is_void" AS "TimingRecord_is_void", 
"TimingRecord"."void_reason" AS "TimingRecord_void_reason", "TimingRecord"."is_automatic" AS 
"TimingRecord_is_automatic", "TimingRecord"."created_at" AS "TimingRecord_created_at", "TimingRecord"."updated_at" AS 
"TimingRecord_updated_at", "TimingRecord"."tenant_id" AS "TimingRecord_tenant_id", "TimingRecord"."entry_id" AS 
"TimingRecord_entry_id", "TimingRecord"."stage_id" AS "TimingRecord_stage_id" FROM "timing_records" "TimingRecord" 
LEFT JOIN "competition_entries" "TimingRecord__TimingRecord_entry" ON 
"TimingRecord__TimingRecord_entry"."id"="TimingRecord"."entry_id"  LEFT JOIN "stages" 
"TimingRecord__TimingRecord_stage" ON "TimingRecord__TimingRecord_stage"."id"="TimingRecord"."stage_id" WHERE 
(((("TimingRecord__TimingRecord_entry"."id" = $1))) AND ((("TimingRecord__TimingRecord_stage"."id" = $2))) AND 
("TimingRecord"."record_type" = $3) AND ("TimingRecord"."is_approved" = $4) AND ("TimingRecord"."is_void" = $5))) 
"distinctAlias" ORDER BY "TimingRecord_id" ASC LIMIT 1 -- PARAMETERS: 
["2d6c9e7a-2804-456b-9645-685353297b46","69f19308-fc90-478b-9e3e-0edd39a5105a","VET_IN",true,false]

      at PlatformTools.logInfo (../../../src/platform/PlatformTools.ts:262:17)

    console.log
      query: SELECT set_config('app.current_tenant_id', $1, $2) -- PARAMETERS: 
["a1000000-0000-0000-0000-000000000001",true]

      at PlatformTools.logInfo (../../../src/platform/PlatformTools.ts:262:17)

    console.log
      query: SELECT "TimingRecord"."id" AS "TimingRecord_id", "TimingRecord"."record_type" AS 
"TimingRecord_record_type", "TimingRecord"."recorded_at" AS "TimingRecord_recorded_at", "TimingRecord"."is_approved" 
AS "TimingRecord_is_approved", "TimingRecord"."elimination_type" AS "TimingRecord_elimination_type", 
"TimingRecord"."elimination_reason" AS "TimingRecord_elimination_reason", "TimingRecord"."scheduled_departure_time" AS 
"TimingRecord_scheduled_departure_time", "TimingRecord"."is_void" AS "TimingRecord_is_void", 
"TimingRecord"."void_reason" AS "TimingRecord_void_reason", "TimingRecord"."is_automatic" AS 
"TimingRecord_is_automatic", "TimingRecord"."created_at" AS "TimingRecord_created_at", "TimingRecord"."updated_at" AS 
"TimingRecord_updated_at", "TimingRecord"."tenant_id" AS "TimingRecord_tenant_id", "TimingRecord"."entry_id" AS 
"TimingRecord_entry_id", "TimingRecord"."stage_id" AS "TimingRecord_stage_id" FROM "timing_records" "TimingRecord" 
LEFT JOIN "competition_entries" "TimingRecord__TimingRecord_entry" ON 
"TimingRecord__TimingRecord_entry"."id"="TimingRecord"."entry_id"  LEFT JOIN "stages" 
"TimingRecord__TimingRecord_stage" ON "TimingRecord__TimingRecord_stage"."id"="TimingRecord"."stage_id" WHERE ( 
(((("TimingRecord__TimingRecord_entry"."id" = $1))) AND ((("TimingRecord__TimingRecord_stage"."id" = $2))) AND 
("TimingRecord"."record_type" = $3) AND ("TimingRecord"."is_approved" = $4) AND ("TimingRecord"."is_void" = $5)) ) AND 
( "TimingRecord"."id" IN ($6) ) -- PARAMETERS: ["2d6c9e7a-2804-456b-9645-685353297b46","69f19308-fc90-478b-9e3e-0edd39a
5105a","VET_IN",true,false,"6271218e-c25a-4179-a831-2ca652b4bdf8"]

      at PlatformTools.logInfo (../../../src/platform/PlatformTools.ts:262:17)

    console.log
      query: SELECT set_config('app.current_tenant_id', $1, $2) -- PARAMETERS: 
["a1000000-0000-0000-0000-000000000001",true]

      at PlatformTools.logInfo (../../../src/platform/PlatformTools.ts:262:17)

    console.log
      query: SELECT DISTINCT "distinctAlias"."TimingRecord_id" AS "ids_TimingRecord_id" FROM (SELECT 
"TimingRecord"."id" AS "TimingRecord_id", "TimingRecord"."record_type" AS "TimingRecord_record_type", 
"TimingRecord"."recorded_at" AS "TimingRecord_recorded_at", "TimingRecord"."is_approved" AS 
"TimingRecord_is_approved", "TimingRecord"."elimination_type" AS "TimingRecord_elimination_type", 
"TimingRecord"."elimination_reason" AS "TimingRecord_elimination_reason", "TimingRecord"."scheduled_departure_time" AS 
"TimingRecord_scheduled_departure_time", "TimingRecord"."is_void" AS "TimingRecord_is_void", 
"TimingRecord"."void_reason" AS "TimingRecord_void_reason", "TimingRecord"."is_automatic" AS 
"TimingRecord_is_automatic", "TimingRecord"."created_at" AS "TimingRecord_created_at", "TimingRecord"."updated_at" AS 
"TimingRecord_updated_at", "TimingRecord"."tenant_id" AS "TimingRecord_tenant_id", "TimingRecord"."entry_id" AS 
"TimingRecord_entry_id", "TimingRecord"."stage_id" AS "TimingRecord_stage_id" FROM "timing_records" "TimingRecord" 
LEFT JOIN "competition_entries" "TimingRecord__TimingRecord_entry" ON 
"TimingRecord__TimingRecord_entry"."id"="TimingRecord"."entry_id"  LEFT JOIN "stages" 
"TimingRecord__TimingRecord_stage" ON "TimingRecord__TimingRecord_stage"."id"="TimingRecord"."stage_id" WHERE 
(((("TimingRecord__TimingRecord_entry"."id" = $1))) AND ((("TimingRecord__TimingRecord_stage"."id" = $2))) AND 
("TimingRecord"."record_type" = $3) AND ("TimingRecord"."is_void" = $4))) "distinctAlias" ORDER BY "TimingRecord_id" 
ASC LIMIT 1 -- PARAMETERS: 
["2d6c9e7a-2804-456b-9645-685353297b46","69f19308-fc90-478b-9e3e-0edd39a5105a","ARRIVAL",false]

      at PlatformTools.logInfo (../../../src/platform/PlatformTools.ts:262:17)

    console.log
      query: SELECT set_config('app.current_tenant_id', $1, $2) -- PARAMETERS: 
["a1000000-0000-0000-0000-000000000001",true]

      at PlatformTools.logInfo (../../../src/platform/PlatformTools.ts:262:17)

    console.log
      query: SELECT "TimingRecord"."id" AS "TimingRecord_id", "TimingRecord"."record_type" AS 
"TimingRecord_record_type", "TimingRecord"."recorded_at" AS "TimingRecord_recorded_at", "TimingRecord"."is_approved" 
AS "TimingRecord_is_approved", "TimingRecord"."elimination_type" AS "TimingRecord_elimination_type", 
"TimingRecord"."elimination_reason" AS "TimingRecord_elimination_reason", "TimingRecord"."scheduled_departure_time" AS 
"TimingRecord_scheduled_departure_time", "TimingRecord"."is_void" AS "TimingRecord_is_void", 
"TimingRecord"."void_reason" AS "TimingRecord_void_reason", "TimingRecord"."is_automatic" AS 
"TimingRecord_is_automatic", "TimingRecord"."created_at" AS "TimingRecord_created_at", "TimingRecord"."updated_at" AS 
"TimingRecord_updated_at", "TimingRecord"."tenant_id" AS "TimingRecord_tenant_id", "TimingRecord"."entry_id" AS 
"TimingRecord_entry_id", "TimingRecord"."stage_id" AS "TimingRecord_stage_id" FROM "timing_records" "TimingRecord" 
LEFT JOIN "competition_entries" "TimingRecord__TimingRecord_entry" ON 
"TimingRecord__TimingRecord_entry"."id"="TimingRecord"."entry_id"  LEFT JOIN "stages" 
"TimingRecord__TimingRecord_stage" ON "TimingRecord__TimingRecord_stage"."id"="TimingRecord"."stage_id" WHERE ( 
(((("TimingRecord__TimingRecord_entry"."id" = $1))) AND ((("TimingRecord__TimingRecord_stage"."id" = $2))) AND 
("TimingRecord"."record_type" = $3) AND ("TimingRecord"."is_void" = $4)) ) AND ( "TimingRecord"."id" IN ($5) ) -- 
PARAMETERS: ["2d6c9e7a-2804-456b-9645-685353297b46","69f19308-fc90-478b-9e3e-0edd39a5105a","ARRIVAL",false,"da5a6da0-86
22-4baf-9245-01b93e2f777b"]

      at PlatformTools.logInfo (../../../src/platform/PlatformTools.ts:262:17)

    console.log
      query: SELECT set_config('app.current_tenant_id', $1, $2) -- PARAMETERS: 
["a1000000-0000-0000-0000-000000000001",true]

      at PlatformTools.logInfo (../../../src/platform/PlatformTools.ts:262:17)

    console.log
      query: SELECT DISTINCT "distinctAlias"."Stage_id" AS "ids_Stage_id" FROM (SELECT "Stage"."id" AS "Stage_id", 
"Stage"."stage_number" AS "Stage_stage_number", "Stage"."distance_km" AS "Stage_distance_km", 
"Stage"."neutralization_minutes" AS "Stage_neutralization_minutes", "Stage"."tenant_id" AS "Stage_tenant_id", 
"Stage"."competition_id" AS "Stage_competition_id" FROM "stages" "Stage" LEFT JOIN "competitions" 
"Stage__Stage_competition" ON "Stage__Stage_competition"."id"="Stage"."competition_id" WHERE 
(((("Stage__Stage_competition"."id" = $1))) AND ("Stage"."stage_number" = $2))) "distinctAlias" ORDER BY "Stage_id" 
ASC LIMIT 1 -- PARAMETERS: ["819035f1-f1b0-4afd-97cd-748ab886b893",2]

      at PlatformTools.logInfo (../../../src/platform/PlatformTools.ts:262:17)

    console.log
      query: SELECT set_config('app.current_tenant_id', $1, $2) -- PARAMETERS: 
["a1000000-0000-0000-0000-000000000001",true]

      at PlatformTools.logInfo (../../../src/platform/PlatformTools.ts:262:17)

    console.log
      query: SELECT "Stage"."id" AS "Stage_id", "Stage"."stage_number" AS "Stage_stage_number", "Stage"."distance_km" 
AS "Stage_distance_km", "Stage"."neutralization_minutes" AS "Stage_neutralization_minutes", "Stage"."tenant_id" AS 
"Stage_tenant_id", "Stage"."competition_id" AS "Stage_competition_id" FROM "stages" "Stage" LEFT JOIN "competitions" 
"Stage__Stage_competition" ON "Stage__Stage_competition"."id"="Stage"."competition_id" WHERE ( 
(((("Stage__Stage_competition"."id" = $1))) AND ("Stage"."stage_number" = $2)) ) AND ( "Stage"."id" IN ($3) ) -- 
PARAMETERS: ["819035f1-f1b0-4afd-97cd-748ab886b893",2,"1adafb24-27bc-498f-82e2-d616523f92ae"]

      at PlatformTools.logInfo (../../../src/platform/PlatformTools.ts:262:17)

    console.log
      query: SELECT set_config('app.current_tenant_id', $1, $2) -- PARAMETERS: 
["a1000000-0000-0000-0000-000000000001",true]

      at PlatformTools.logInfo (../../../src/platform/PlatformTools.ts:262:17)

    console.log
      query: INSERT INTO "timing_records"("id", "record_type", "recorded_at", "is_approved", "elimination_type", 
"elimination_reason", "scheduled_departure_time", "is_void", "void_reason", "is_automatic", "created_at", 
"updated_at", "tenant_id", "entry_id", "stage_id") VALUES (DEFAULT, $1, $2, $3, DEFAULT, DEFAULT, DEFAULT, DEFAULT, 
DEFAULT, $4, DEFAULT, DEFAULT, $5, $6, $7) RETURNING "id", "is_approved", "is_void", "is_automatic", "created_at", 
"updated_at" -- PARAMETERS: ["START","2026-06-10T10:30:00.000Z",true,true,"a1000000-0000-0000-0000-000000000001","2d6c9
e7a-2804-456b-9645-685353297b46","1adafb24-27bc-498f-82e2-d616523f92ae"]

      at PlatformTools.logInfo (../../../src/platform/PlatformTools.ts:262:17)

    console.log
      query: SELECT set_config('app.current_tenant_id', $1, $2) -- PARAMETERS: 
["a1000000-0000-0000-0000-000000000001",true]

      at PlatformTools.logInfo (../../../src/platform/PlatformTools.ts:262:17)

    console.log
      query: UPDATE "competition_entries" SET "status" = $1, "current_stage_id" = $2, "updated_at" = CURRENT_TIMESTAMP 
WHERE "id" IN ($3) -- PARAMETERS: 
["IN_RACE","1adafb24-27bc-498f-82e2-d616523f92ae","2d6c9e7a-2804-456b-9645-685353297b46"]

      at PlatformTools.logInfo (../../../src/platform/PlatformTools.ts:262:17)

    console.log
      [Auto Start] LARGADA AUTOM├üTICA REGISTRADA: Dorsal 901 inici├│ la Etapa 2 a las 2026-06-10T10:30:00.000Z.

      at TimingService.executeAutomaticStart (../src/modules/timing/timing.service.ts:765:13)

    console.log
      query: SELECT set_config('app.current_tenant_id', $1, $2) -- PARAMETERS: 
["a1000000-0000-0000-0000-000000000001",true]

      at PlatformTools.logInfo (../../../src/platform/PlatformTools.ts:262:17)

    console.log
      query: COMMIT

      at PlatformTools.logInfo (../../../src/platform/PlatformTools.ts:262:17)

    console.log
      query: SELECT set_config('app.current_tenant_id', $1, $2) -- PARAMETERS: ["",false]

      at PlatformTools.logInfo (../../../src/platform/PlatformTools.ts:262:17)

    console.log
      query: 
              SELECT is_approved, elimination_type FROM timing_records WHERE id = 
'6271218e-c25a-4179-a831-2ca652b4bdf8';

      at PlatformTools.logInfo (../../../src/platform/PlatformTools.ts:262:17)

    console.log
      query: SELECT set_config('app.current_tenant_id', $1, $2) -- PARAMETERS: ["",false]

      at PlatformTools.logInfo (../../../src/platform/PlatformTools.ts:262:17)

    console.log
      query: 
              SELECT status, current_stage_id FROM competition_entries WHERE id = 
'2d6c9e7a-2804-456b-9645-685353297b46';

      at PlatformTools.logInfo (../../../src/platform/PlatformTools.ts:262:17)

    console.log
      query: SELECT set_config('app.current_tenant_id', $1, $2) -- PARAMETERS: ["",false]

      at PlatformTools.logInfo (../../../src/platform/PlatformTools.ts:262:17)

    console.log
      query: 
              SELECT * FROM timing_records 
              WHERE entry_id = '2d6c9e7a-2804-456b-9645-685353297b46' AND stage_id = 
'1adafb24-27bc-498f-82e2-d616523f92ae' AND record_type = 'START';

      at PlatformTools.logInfo (../../../src/platform/PlatformTools.ts:262:17)

    console.log
      query: SELECT set_config('app.current_tenant_id', $1, $2) -- PARAMETERS: ["",false]

      at PlatformTools.logInfo (../../../src/platform/PlatformTools.ts:262:17)

    console.log
      query: DELETE FROM vet_inspections;

      at PlatformTools.logInfo (../../../src/platform/PlatformTools.ts:262:17)

    console.log
      query: SELECT set_config('app.current_tenant_id', $1, $2) -- PARAMETERS: ["",false]

      at PlatformTools.logInfo (../../../src/platform/PlatformTools.ts:262:17)

    console.log
      query: DELETE FROM timing_records;

      at PlatformTools.logInfo (../../../src/platform/PlatformTools.ts:262:17)

    console.log
      query: SELECT set_config('app.current_tenant_id', $1, $2) -- PARAMETERS: ["",false]

      at PlatformTools.logInfo (../../../src/platform/PlatformTools.ts:262:17)

    console.log
      query: DELETE FROM competition_entries WHERE competition_id = '819035f1-f1b0-4afd-97cd-748ab886b893';

      at PlatformTools.logInfo (../../../src/platform/PlatformTools.ts:262:17)

    console.log
      query: SELECT set_config('app.current_tenant_id', $1, $2) -- PARAMETERS: ["",false]

      at PlatformTools.logInfo (../../../src/platform/PlatformTools.ts:262:17)

    console.log
      query: DELETE FROM stages WHERE competition_id = '819035f1-f1b0-4afd-97cd-748ab886b893';

      at PlatformTools.logInfo (../../../src/platform/PlatformTools.ts:262:17)

    console.log
      query: SELECT set_config('app.current_tenant_id', $1, $2) -- PARAMETERS: ["",false]

      at PlatformTools.logInfo (../../../src/platform/PlatformTools.ts:262:17)

    console.log
      query: DELETE FROM competitions WHERE id = '819035f1-f1b0-4afd-97cd-748ab886b893';

      at PlatformTools.logInfo (../../../src/platform/PlatformTools.ts:262:17)

    console.log
      query: SELECT set_config('app.current_tenant_id', $1, $2) -- PARAMETERS: ["",false]

      at PlatformTools.logInfo (../../../src/platform/PlatformTools.ts:262:17)

    console.log
      query: DELETE FROM horses WHERE id = '157aed34-d6b9-41cd-846f-a391cdebcd21';

      at PlatformTools.logInfo (../../../src/platform/PlatformTools.ts:262:17)

    console.log
      query: SELECT set_config('app.current_tenant_id', $1, $2) -- PARAMETERS: ["",false]

      at PlatformTools.logInfo (../../../src/platform/PlatformTools.ts:262:17)

    console.log
      query: DELETE FROM riders WHERE id = '61663288-1d43-4018-b014-4791f5b0a7b8';

      at PlatformTools.logInfo (../../../src/platform/PlatformTools.ts:262:17)

    console.log
      query: SELECT set_config('app.current_tenant_id', $1, $2) -- PARAMETERS: ["",false]

      at PlatformTools.logInfo (../../../src/platform/PlatformTools.ts:262:17)

    console.log
      query: DELETE FROM owners WHERE id = '89988a74-a6e6-47cf-b8c1-ab3edca77536';

      at PlatformTools.logInfo (../../../src/platform/PlatformTools.ts:262:17)

PASS test/tenants-users.e2e-spec.ts
  ÔùÅ Console

    console.log
      query: SELECT set_config('app.current_tenant_id', $1, $2) -- PARAMETERS: ["",false]

      at PlatformTools.logInfo (../../../src/platform/PlatformTools.ts:262:17)

    console.log
      query: SELECT version()

      at PlatformTools.logInfo (../../../src/platform/PlatformTools.ts:262:17)

    console.log
      query: SELECT set_config('app.current_tenant_id', $1, $2) -- PARAMETERS: ["",false]

      at PlatformTools.logInfo (../../../src/platform/PlatformTools.ts:262:17)

    console.log
      query: SELECT * FROM current_schema()

      at PlatformTools.logInfo (../../../src/platform/PlatformTools.ts:262:17)

    console.log
      query: CREATE EXTENSION IF NOT EXISTS "uuid-ossp"

      at PlatformTools.logInfo (../../../src/platform/PlatformTools.ts:262:17)

    console.log
      query: SELECT set_config('app.current_tenant_id', $1, $2) -- PARAMETERS: ["",false]

      at PlatformTools.logInfo (../../../src/platform/PlatformTools.ts:262:17)

    console.log
      query: SELECT "user"."id" AS "user_id", "user"."name" AS "user_name", "user"."email" AS "user_email", 
"user"."password_hash" AS "user_password_hash", "user"."google_id" AS "user_google_id", "user"."apple_id" AS 
"user_apple_id", "user"."role" AS "user_role", "user"."created_at" AS "user_created_at", "user"."tenant_id" AS 
"user_tenant_id", "user"."password_hash" AS "user_password_hash", "tenant"."id" AS "tenant_id", "tenant"."name" AS 
"tenant_name", "tenant"."location" AS "tenant_location", "tenant"."created_at" AS "tenant_created_at" FROM "users" 
"user" LEFT JOIN "tenants" "tenant" ON "tenant"."id"="user"."tenant_id" WHERE "user"."email" = $1 -- PARAMETERS: 
["admin@equuscronos.com"]

      at PlatformTools.logInfo (../../../src/platform/PlatformTools.ts:262:17)

    console.log
      query: SELECT set_config('app.current_tenant_id', $1, $2) -- PARAMETERS: ["",false]

      at PlatformTools.logInfo (../../../src/platform/PlatformTools.ts:262:17)

    console.log
      query: SELECT "Tenant"."id" AS "Tenant_id", "Tenant"."name" AS "Tenant_name", "Tenant"."location" AS 
"Tenant_location", "Tenant"."created_at" AS "Tenant_created_at" FROM "tenants" "Tenant" WHERE (("Tenant"."name" = $1)) 
LIMIT 1 -- PARAMETERS: ["Sociedad H├¡pica de Melo"]

      at PlatformTools.logInfo (../../../src/platform/PlatformTools.ts:262:17)

    console.log
      query: SELECT set_config('app.current_tenant_id', $1, $2) -- PARAMETERS: ["",false]

      at PlatformTools.logInfo (../../../src/platform/PlatformTools.ts:262:17)

    console.log
      query: SELECT "Tenant"."id" AS "Tenant_id", "Tenant"."name" AS "Tenant_name", "Tenant"."location" AS 
"Tenant_location", "Tenant"."created_at" AS "Tenant_created_at" FROM "tenants" "Tenant" WHERE (("Tenant"."name" = $1)) 
LIMIT 1 -- PARAMETERS: ["Club H├¡pico de San Ram├│n 1781203075514"]

      at PlatformTools.logInfo (../../../src/platform/PlatformTools.ts:262:17)

    console.log
      query: SELECT set_config('app.current_tenant_id', $1, $2) -- PARAMETERS: ["",true]

      at PlatformTools.logInfo (../../../src/platform/PlatformTools.ts:262:17)

    console.log
      query: START TRANSACTION

      at PlatformTools.logInfo (../../../src/platform/PlatformTools.ts:262:17)

    console.log
      query: SELECT set_config('app.current_tenant_id', $1, $2) -- PARAMETERS: ["",true]

      at PlatformTools.logInfo (../../../src/platform/PlatformTools.ts:262:17)

    console.log
      query: INSERT INTO "tenants"("id", "name", "location", "created_at") VALUES (DEFAULT, $1, $2, DEFAULT) RETURNING 
"id", "created_at" -- PARAMETERS: ["Club H├¡pico de San Ram├│n 1781203075514","Canelones, Uruguay"]

      at PlatformTools.logInfo (../../../src/platform/PlatformTools.ts:262:17)

    console.log
      query: SELECT set_config('app.current_tenant_id', $1, $2) -- PARAMETERS: ["",true]

      at PlatformTools.logInfo (../../../src/platform/PlatformTools.ts:262:17)

    console.log
      query: COMMIT

      at PlatformTools.logInfo (../../../src/platform/PlatformTools.ts:262:17)

    console.log
      query: SELECT set_config('app.current_tenant_id', $1, $2) -- PARAMETERS: ["",false]

      at PlatformTools.logInfo (../../../src/platform/PlatformTools.ts:262:17)

    console.log
      query: SELECT "User"."id" AS "User_id", "User"."name" AS "User_name", "User"."email" AS "User_email", 
"User"."password_hash" AS "User_password_hash", "User"."google_id" AS "User_google_id", "User"."apple_id" AS 
"User_apple_id", "User"."role" AS "User_role", "User"."created_at" AS "User_created_at", "User"."tenant_id" AS 
"User_tenant_id" FROM "users" "User" WHERE (("User"."email" = $1)) LIMIT 1 -- PARAMETERS: 
["test-staff-1781203074759@equuscronos.uy"]

      at PlatformTools.logInfo (../../../src/platform/PlatformTools.ts:262:17)

    console.log
      query: SELECT set_config('app.current_tenant_id', $1, $2) -- PARAMETERS: ["",false]

      at PlatformTools.logInfo (../../../src/platform/PlatformTools.ts:262:17)

    console.log
      query: SELECT "Tenant"."id" AS "Tenant_id", "Tenant"."name" AS "Tenant_name", "Tenant"."location" AS 
"Tenant_location", "Tenant"."created_at" AS "Tenant_created_at" FROM "tenants" "Tenant" WHERE (("Tenant"."id" = $1)) 
LIMIT 1 -- PARAMETERS: ["a1000000-0000-0000-0000-000000000001"]

      at PlatformTools.logInfo (../../../src/platform/PlatformTools.ts:262:17)

    console.log
      query: SELECT set_config('app.current_tenant_id', $1, $2) -- PARAMETERS: ["",true]

      at PlatformTools.logInfo (../../../src/platform/PlatformTools.ts:262:17)

    console.log
      query: START TRANSACTION

      at PlatformTools.logInfo (../../../src/platform/PlatformTools.ts:262:17)

    console.log
      query: SELECT set_config('app.current_tenant_id', $1, $2) -- PARAMETERS: ["",true]

      at PlatformTools.logInfo (../../../src/platform/PlatformTools.ts:262:17)

    console.log
      query: INSERT INTO "users"("id", "name", "email", "password_hash", "google_id", "apple_id", "role", 
"created_at", "tenant_id") VALUES (DEFAULT, $1, $2, $3, DEFAULT, DEFAULT, $4, DEFAULT, $5) RETURNING "id", "role", 
"created_at" -- PARAMETERS: ["Inspector Principal","test-staff-1781203074759@equuscronos.uy","SuperPassword123!","JUDGE
","a1000000-0000-0000-0000-000000000001"]

      at PlatformTools.logInfo (../../../src/platform/PlatformTools.ts:262:17)

    console.log
      query: SELECT set_config('app.current_tenant_id', $1, $2) -- PARAMETERS: ["",true]

      at PlatformTools.logInfo (../../../src/platform/PlatformTools.ts:262:17)

    console.log
      query: COMMIT

      at PlatformTools.logInfo (../../../src/platform/PlatformTools.ts:262:17)

    console.log
      query: SELECT set_config('app.current_tenant_id', $1, $2) -- PARAMETERS: ["",false]

      at PlatformTools.logInfo (../../../src/platform/PlatformTools.ts:262:17)

    console.log
      query: SELECT "User"."id" AS "User_id", "User"."name" AS "User_name", "User"."email" AS "User_email", 
"User"."password_hash" AS "User_password_hash", "User"."google_id" AS "User_google_id", "User"."apple_id" AS 
"User_apple_id", "User"."role" AS "User_role", "User"."created_at" AS "User_created_at", "User"."tenant_id" AS 
"User_tenant_id" FROM "users" "User" WHERE (("User"."email" = $1)) LIMIT 1 -- PARAMETERS: 
["invalid-tenant-1781203075633@equuscronos.uy"]

      at PlatformTools.logInfo (../../../src/platform/PlatformTools.ts:262:17)

    console.log
      query: SELECT set_config('app.current_tenant_id', $1, $2) -- PARAMETERS: ["",false]

      at PlatformTools.logInfo (../../../src/platform/PlatformTools.ts:262:17)

    console.log
      query: SELECT "Tenant"."id" AS "Tenant_id", "Tenant"."name" AS "Tenant_name", "Tenant"."location" AS 
"Tenant_location", "Tenant"."created_at" AS "Tenant_created_at" FROM "tenants" "Tenant" WHERE (("Tenant"."id" = $1)) 
LIMIT 1 -- PARAMETERS: ["d1111111-1111-1111-1111-111111111111"]

      at PlatformTools.logInfo (../../../src/platform/PlatformTools.ts:262:17)

    console.log
      query: SELECT set_config('app.current_tenant_id', $1, $2) -- PARAMETERS: ["",false]

      at PlatformTools.logInfo (../../../src/platform/PlatformTools.ts:262:17)

    console.log
      query: SELECT "User"."id" AS "User_id", "User"."name" AS "User_name", "User"."email" AS "User_email", 
"User"."password_hash" AS "User_password_hash", "User"."google_id" AS "User_google_id", "User"."apple_id" AS 
"User_apple_id", "User"."role" AS "User_role", "User"."created_at" AS "User_created_at", "User"."tenant_id" AS 
"User_tenant_id" FROM "users" "User" WHERE (("User"."email" = $1)) LIMIT 1 -- PARAMETERS: 
["temp-staff-1781203075662@equuscronos.uy"]

      at PlatformTools.logInfo (../../../src/platform/PlatformTools.ts:262:17)

    console.log
      query: SELECT set_config('app.current_tenant_id', $1, $2) -- PARAMETERS: ["",false]

      at PlatformTools.logInfo (../../../src/platform/PlatformTools.ts:262:17)

    console.log
      query: SELECT "Tenant"."id" AS "Tenant_id", "Tenant"."name" AS "Tenant_name", "Tenant"."location" AS 
"Tenant_location", "Tenant"."created_at" AS "Tenant_created_at" FROM "tenants" "Tenant" WHERE (("Tenant"."id" = $1)) 
LIMIT 1 -- PARAMETERS: ["a1000000-0000-0000-0000-000000000001"]

      at PlatformTools.logInfo (../../../src/platform/PlatformTools.ts:262:17)

    console.log
      query: SELECT set_config('app.current_tenant_id', $1, $2) -- PARAMETERS: ["",true]

      at PlatformTools.logInfo (../../../src/platform/PlatformTools.ts:262:17)

    console.log
      query: START TRANSACTION

      at PlatformTools.logInfo (../../../src/platform/PlatformTools.ts:262:17)

    console.log
      query: SELECT set_config('app.current_tenant_id', $1, $2) -- PARAMETERS: ["",true]

      at PlatformTools.logInfo (../../../src/platform/PlatformTools.ts:262:17)

    console.log
      query: INSERT INTO "users"("id", "name", "email", "password_hash", "google_id", "apple_id", "role", 
"created_at", "tenant_id") VALUES (DEFAULT, $1, $2, $3, DEFAULT, DEFAULT, $4, DEFAULT, $5) RETURNING "id", "role", 
"created_at" -- PARAMETERS: ["Operador 
Temporal","temp-staff-1781203075662@equuscronos.uy","Secret123!","VET","a1000000-0000-0000-0000-000000000001"]

      at PlatformTools.logInfo (../../../src/platform/PlatformTools.ts:262:17)

    console.log
      query: SELECT set_config('app.current_tenant_id', $1, $2) -- PARAMETERS: ["",true]

      at PlatformTools.logInfo (../../../src/platform/PlatformTools.ts:262:17)

    console.log
      query: COMMIT

      at PlatformTools.logInfo (../../../src/platform/PlatformTools.ts:262:17)

    console.log
      query: SELECT set_config('app.current_tenant_id', $1, $2) -- PARAMETERS: ["",false]

      at PlatformTools.logInfo (../../../src/platform/PlatformTools.ts:262:17)

    console.log
      query: SELECT DISTINCT "distinctAlias"."User_id" AS "ids_User_id" FROM (SELECT "User"."id" AS "User_id", 
"User"."name" AS "User_name", "User"."email" AS "User_email", "User"."password_hash" AS "User_password_hash", 
"User"."google_id" AS "User_google_id", "User"."apple_id" AS "User_apple_id", "User"."role" AS "User_role", 
"User"."created_at" AS "User_created_at", "User"."tenant_id" AS "User_tenant_id", "User__User_tenant"."id" AS 
"User__User_tenant_id", "User__User_tenant"."name" AS "User__User_tenant_name", "User__User_tenant"."location" AS 
"User__User_tenant_location", "User__User_tenant"."created_at" AS "User__User_tenant_created_at" FROM "users" "User" 
LEFT JOIN "tenants" "User__User_tenant" ON "User__User_tenant"."id"="User"."tenant_id" WHERE (("User"."id" = $1))) 
"distinctAlias" ORDER BY "User_id" ASC LIMIT 1 -- PARAMETERS: ["0c631d1c-b43a-4d8a-84de-68ee2e1755f3"]

      at PlatformTools.logInfo (../../../src/platform/PlatformTools.ts:262:17)

    console.log
      query: SELECT set_config('app.current_tenant_id', $1, $2) -- PARAMETERS: ["",false]

      at PlatformTools.logInfo (../../../src/platform/PlatformTools.ts:262:17)

    console.log
      query: SELECT "User"."id" AS "User_id", "User"."name" AS "User_name", "User"."email" AS "User_email", 
"User"."password_hash" AS "User_password_hash", "User"."google_id" AS "User_google_id", "User"."apple_id" AS 
"User_apple_id", "User"."role" AS "User_role", "User"."created_at" AS "User_created_at", "User"."tenant_id" AS 
"User_tenant_id", "User__User_tenant"."id" AS "User__User_tenant_id", "User__User_tenant"."name" AS 
"User__User_tenant_name", "User__User_tenant"."location" AS "User__User_tenant_location", 
"User__User_tenant"."created_at" AS "User__User_tenant_created_at" FROM "users" "User" LEFT JOIN "tenants" 
"User__User_tenant" ON "User__User_tenant"."id"="User"."tenant_id" WHERE ( (("User"."id" = $1)) ) AND ( "User"."id" IN 
($2) ) -- PARAMETERS: ["0c631d1c-b43a-4d8a-84de-68ee2e1755f3","0c631d1c-b43a-4d8a-84de-68ee2e1755f3"]

      at PlatformTools.logInfo (../../../src/platform/PlatformTools.ts:262:17)

    console.log
      query: SELECT set_config('app.current_tenant_id', $1, $2) -- PARAMETERS: ["",false]

      at PlatformTools.logInfo (../../../src/platform/PlatformTools.ts:262:17)

    console.log
      query: SELECT "Tenant"."id" AS "Tenant_id", "Tenant"."name" AS "Tenant_name", "Tenant"."location" AS 
"Tenant_location", "Tenant"."created_at" AS "Tenant_created_at" FROM "tenants" "Tenant" WHERE (("Tenant"."id" = $1)) 
LIMIT 1 -- PARAMETERS: ["a1000000-0000-0000-0000-000000000002"]

      at PlatformTools.logInfo (../../../src/platform/PlatformTools.ts:262:17)

    console.log
      query: SELECT set_config('app.current_tenant_id', $1, $2) -- PARAMETERS: ["",false]

      at PlatformTools.logInfo (../../../src/platform/PlatformTools.ts:262:17)
          at async Promise.all (index 0)
          at async Promise.all (index 0)

    console.log
      query: SELECT "User"."id" AS "User_id", "User"."name" AS "User_name", "User"."email" AS "User_email", 
"User"."password_hash" AS "User_password_hash", "User"."google_id" AS "User_google_id", "User"."apple_id" AS 
"User_apple_id", "User"."role" AS "User_role", "User"."created_at" AS "User_created_at", "User"."tenant_id" AS 
"User_tenant_id" FROM "users" "User" WHERE "User"."id" IN ($1) -- PARAMETERS: ["0c631d1c-b43a-4d8a-84de-68ee2e1755f3"]

      at PlatformTools.logInfo (../../../src/platform/PlatformTools.ts:262:17)

    console.log
      query: SELECT set_config('app.current_tenant_id', $1, $2) -- PARAMETERS: ["",true]

      at PlatformTools.logInfo (../../../src/platform/PlatformTools.ts:262:17)

    console.log
      query: START TRANSACTION

      at PlatformTools.logInfo (../../../src/platform/PlatformTools.ts:262:17)

    console.log
      query: SELECT set_config('app.current_tenant_id', $1, $2) -- PARAMETERS: ["",true]

      at PlatformTools.logInfo (../../../src/platform/PlatformTools.ts:262:17)
          at async Promise.all (index 0)

    console.log
      query: UPDATE "users" SET "tenant_id" = $1 WHERE "id" IN ($2) -- PARAMETERS: 
["a1000000-0000-0000-0000-000000000002","0c631d1c-b43a-4d8a-84de-68ee2e1755f3"]

      at PlatformTools.logInfo (../../../src/platform/PlatformTools.ts:262:17)

    console.log
      query: SELECT set_config('app.current_tenant_id', $1, $2) -- PARAMETERS: ["",true]

      at PlatformTools.logInfo (../../../src/platform/PlatformTools.ts:262:17)

    console.log
      query: COMMIT

      at PlatformTools.logInfo (../../../src/platform/PlatformTools.ts:262:17)

    console.log
      query: SELECT set_config('app.current_tenant_id', $1, $2) -- PARAMETERS: ["",false]

      at PlatformTools.logInfo (../../../src/platform/PlatformTools.ts:262:17)

    console.log
      query: SELECT DISTINCT "distinctAlias"."User_id" AS "ids_User_id" FROM (SELECT "User"."id" AS "User_id", 
"User"."name" AS "User_name", "User"."email" AS "User_email", "User"."password_hash" AS "User_password_hash", 
"User"."google_id" AS "User_google_id", "User"."apple_id" AS "User_apple_id", "User"."role" AS "User_role", 
"User"."created_at" AS "User_created_at", "User"."tenant_id" AS "User_tenant_id", "User__User_tenant"."id" AS 
"User__User_tenant_id", "User__User_tenant"."name" AS "User__User_tenant_name", "User__User_tenant"."location" AS 
"User__User_tenant_location", "User__User_tenant"."created_at" AS "User__User_tenant_created_at" FROM "users" "User" 
LEFT JOIN "tenants" "User__User_tenant" ON "User__User_tenant"."id"="User"."tenant_id" WHERE (("User"."id" = $1))) 
"distinctAlias" ORDER BY "User_id" ASC LIMIT 1 -- PARAMETERS: ["0c631d1c-b43a-4d8a-84de-68ee2e1755f3"]

      at PlatformTools.logInfo (../../../src/platform/PlatformTools.ts:262:17)

    console.log
      query: SELECT set_config('app.current_tenant_id', $1, $2) -- PARAMETERS: ["",false]

      at PlatformTools.logInfo (../../../src/platform/PlatformTools.ts:262:17)

    console.log
      query: SELECT "User"."id" AS "User_id", "User"."name" AS "User_name", "User"."email" AS "User_email", 
"User"."password_hash" AS "User_password_hash", "User"."google_id" AS "User_google_id", "User"."apple_id" AS 
"User_apple_id", "User"."role" AS "User_role", "User"."created_at" AS "User_created_at", "User"."tenant_id" AS 
"User_tenant_id", "User__User_tenant"."id" AS "User__User_tenant_id", "User__User_tenant"."name" AS 
"User__User_tenant_name", "User__User_tenant"."location" AS "User__User_tenant_location", 
"User__User_tenant"."created_at" AS "User__User_tenant_created_at" FROM "users" "User" LEFT JOIN "tenants" 
"User__User_tenant" ON "User__User_tenant"."id"="User"."tenant_id" WHERE ( (("User"."id" = $1)) ) AND ( "User"."id" IN 
($2) ) -- PARAMETERS: ["0c631d1c-b43a-4d8a-84de-68ee2e1755f3","0c631d1c-b43a-4d8a-84de-68ee2e1755f3"]

      at PlatformTools.logInfo (../../../src/platform/PlatformTools.ts:262:17)

    console.log
      query: SELECT set_config('app.current_tenant_id', $1, $2) -- PARAMETERS: ["",false]

      at PlatformTools.logInfo (../../../src/platform/PlatformTools.ts:262:17)

    console.log
      query: SELECT "Tenant"."id" AS "Tenant_id", "Tenant"."name" AS "Tenant_name", "Tenant"."location" AS 
"Tenant_location", "Tenant"."created_at" AS "Tenant_created_at" FROM "tenants" "Tenant" WHERE (("Tenant"."id" = $1)) 
LIMIT 1 -- PARAMETERS: ["d1111111-1111-1111-1111-111111111111"]

      at PlatformTools.logInfo (../../../src/platform/PlatformTools.ts:262:17)


Test Suites: 1 failed, 2 passed, 3 total
Tests:       1 failed, 13 passed, 14 total
Snapshots:   0 total
Time:        29.078 s
Ran all test suites.
npm error Lifecycle script `test:e2e` failed with error:
npm error code 1
npm error path C:\Users\hp\Documents\GitHub Proyectos\equuscronos\apps\api
npm error workspace @equuscronos/api@1.0.0
npm error location C:\Users\hp\Documents\GitHub Proyectos\equuscronos\apps\api
npm error command failed
npm error command C:\Windows\system32\cmd.exe /d /s /c jest --config ./test/jest-e2e.json --runInBand
